{
  "a": {
    "<|begin_of_text|>": 0.0,
    "C": -5.29296875,
    "eci": -9.0078125,
    " est": -0.9716796875,
    " une": -0.5166015625,
    " question": -8.046875,
    " de (1)": -1.298828125,
    " Q": -8.2890625,
    "CM": -2.375,
    " de (2)": -1.95703125,
    " l": -2.5390625,
    "'ex": -1.078125,
    "amen": -0.10601806640625,
    " de (3)": -0.6064453125,
    " pharmac": -10.1015625,
    "ie (1)": -0.90185546875,
    ".": -4.734375,
    " Ré": -4.390625,
    "pond": -1.0419921875,
    "s": -0.45361328125,
    " avec": -5.4765625,
    " la (1)": -1.2724609375,
    " ou (1)": -6.75390625,
    " les": -0.007350921630859375,
    " let": -5.23828125,
    "tres": -0.00048828125,
    " correspond": -0.75439453125,
    "ant": -0.9658203125,
    " à (1)": -1.2490234375,
    " la (2)": -0.3984375,
    " bonne": -2.39453125,
    " réponse": -0.20947265625,
    ".\n\n": -8.8046875,
    "Les": -3.3203125,
    " complications": -6.4375,
    " d": -3.283203125,
    "'une": -1.0263671875,
    " hé (1)": -6.01953125,
    "pat (1)": -2.541015625,
    "ite (1)": -0.14697265625,
    " vir": -1.48828125,
    "ale": -0.00048828125,
    " a (1)": -2.494140625,
    "igu (1)": -0.1396484375,
    "ë (1)": 0.0,
    " peuvent": -1.9541015625,
    " être": -0.97509765625,
    " à (2)": -7.0,
    " plus": -7.20703125,
    " ou (2)": -1.220703125,
    " moins": -0.0009775161743164062,
    " long": -0.38330078125,
    " terme": -0.053131103515625,
    " ": -7.015625,
    ":\n": -0.102783203125,
    "(a": -7.6953125,
    ") (1)": -0.00048828125,
    " Une (1)": -4.48828125,
    " lith": -6.87890625,
    "i": -0.0609130859375,
    "ase": -0.00685882568359375,
    " v": -6.83203125,
    "és": -0.01178741455078125,
    "ic": -0.0122833251953125,
    "ulaire": -0.1856689453125,
    ".\n (1)": -2.0078125,
    "(b": -0.004894256591796875,
    ") (2)": 0.0,
    " Une (2)": -0.28759765625,
    " hé (2)": -2.892578125,
    "pat (2)": -0.10601806640625,
    "ite (2)": -0.409423828125,
    " chron": -0.6640625,
    "ique": -0.002933502197265625,
    ".\n (2)": -0.2113037109375,
    "(c": -0.0009775161743164062,
    ") (3)": 0.0,
    " Un": -1.67578125,
    " cancer": -1.099609375,
    " du": -1.181640625,
    " fo": -0.0723876953125,
    "ie (2)": 0.0,
    ".\n (3)": -0.0297393798828125,
    "(d": -0.01326751708984375,
    ") (4)": 0.0,
    " Une (3)": -0.253662109375,
    " cir": -0.98193359375,
    "rh": -0.002933502197265625,
    "ose": -0.00048828125,
    ".\n (4)": -0.233154296875,
    "(e": -0.08026123046875,
    ") (5)": 0.0,
    " Une (4)": -0.54736328125,
    " panc": -5.37890625,
    "ré": -0.00882720947265625,
    "at": -0.032257080078125,
    "ite (3)": -0.005878448486328125,
    " a (2)": -2.26953125,
    "igu (2)": -0.01277923583984375,
    "ë (2)": 0.0,
    ".\n (5)": -0.0212249755859375,
    "Ré": -7.6796875,
    "ponse": -0.63330078125,
    "(s": -1.4072265625,
    ") (6)": -1.435546875,
    " :": -1.3251953125
  },
  "b": {
    "<|begin_of_text|>": 0.0,
    "C": -5.29296875,
    "eci": -9.0078125,
    " est": -0.9716796875,
    " une": -0.5166015625,
    " question": -8.046875,
    " de (1)": -1.298828125,
    " Q": -8.2890625,
    "CM": -2.375,
    " de (2)": -1.95703125,
    " l": -2.5390625,
    "'ex": -1.078125,
    "amen": -0.10601806640625,
    " de (3)": -0.6064453125,
    " pharmac": -10.1015625,
    "ie (1)": -0.90185546875,
    ".": -4.734375,
    " Ré": -4.390625,
    "pond": -1.0419921875,
    "s": -0.45361328125,
    " avec": -5.4765625,
    " la (1)": -1.2724609375,
    " ou (1)": -6.75390625,
    " les": -0.007350921630859375,
    " let": -5.23828125,
    "tres": -0.00048828125,
    " correspond": -0.75439453125,
    "ant": -0.9658203125,
    " à (1)": -1.2490234375,
    " la (2)": -0.3984375,
    " bonne": -2.39453125,
    " réponse": -0.20947265625,
    ".\n\n": -8.8046875,
    "Les": -3.3203125,
    " complications": -6.4375,
    " d": -3.283203125,
    "'une": -1.0263671875,
    " hé (1)": -6.01953125,
    "pat (1)": -2.541015625,
    "ite (1)": -0.14697265625,
    " vir": -1.48828125,
    "ale": -0.00048828125,
    " a (1)": -2.494140625,
    "igu (1)": -0.1396484375,
    "ë (1)": 0.0,
    " peuvent": -1.9541015625,
    " être": -0.97509765625,
    " à (2)": -7.0,
    " plus": -7.20703125,
    " ou (2)": -1.220703125,
    " moins": -0.0009775161743164062,
    " long": -0.38330078125,
    " terme": -0.053131103515625,
    " ": -7.015625,
    ":\n": -0.102783203125,
    "(a": -7.6953125,
    ") (1)": -0.00048828125,
    " Une (1)": -4.48828125,
    " lith": -6.87890625,
    "i": -0.0609130859375,
    "ase": -0.00685882568359375,
    " v": -6.83203125,
    "és": -0.01178741455078125,
    "ic": -0.0122833251953125,
    "ulaire": -0.1856689453125,
    ".\n (1)": -2.0078125,
    "(b": -0.004894256591796875,
    ") (2)": 0.0,
    " Une (2)": -0.28759765625,
    " hé (2)": -2.892578125,
    "pat (2)": -0.10601806640625,
    "ite (2)": -0.409423828125,
    " chron": -0.6640625,
    "ique": -0.002933502197265625,
    ".\n (2)": -0.2113037109375,
    "(c": -0.0009775161743164062,
    ") (3)": 0.0,
    " Un": -1.67578125,
    " cancer": -1.099609375,
    " du": -1.181640625,
    " fo": -0.0723876953125,
    "ie (2)": 0.0,
    ".\n (3)": -0.0297393798828125,
    "(d": -0.01326751708984375,
    ") (4)": 0.0,
    " Une (3)": -0.253662109375,
    " cir": -0.98193359375,
    "rh": -0.002933502197265625,
    "ose": -0.00048828125,
    ".\n (4)": -0.233154296875,
    "(e": -0.08026123046875,
    ") (5)": 0.0,
    " Une (4)": -0.54736328125,
    " panc": -5.37890625,
    "ré": -0.00882720947265625,
    "at": -0.032257080078125,
    "ite (3)": -0.005878448486328125,
    " a (2)": -2.26953125,
    "igu (2)": -0.01277923583984375,
    "ë (2)": 0.0,
    ".\n (5)": -0.0212249755859375,
    "Ré": -7.6796875,
    "ponse": -0.63330078125,
    "(s": -1.4072265625,
    ") (6)": -1.435546875,
    " :": -1.3251953125
  },
  "c": {
    "<|begin_of_text|>": 0.0,
    "C": -5.29296875,
    "eci": -9.0078125,
    " est": -0.9716796875,
    " une": -0.5166015625,
    " question": -8.046875,
    " de (1)": -1.298828125,
    " Q": -8.2890625,
    "CM": -2.375,
    " de (2)": -1.95703125,
    " l": -2.5390625,
    "'ex": -1.078125,
    "amen": -0.10601806640625,
    " de (3)": -0.6064453125,
    " pharmac": -10.1015625,
    "ie (1)": -0.90185546875,
    ".": -4.734375,
    " Ré": -4.390625,
    "pond": -1.0419921875,
    "s": -0.45361328125,
    " avec": -5.4765625,
    " la (1)": -1.2724609375,
    " ou (1)": -6.75390625,
    " les": -0.007350921630859375,
    " let": -5.23828125,
    "tres": -0.00048828125,
    " correspond": -0.75439453125,
    "ant": -0.9658203125,
    " à (1)": -1.2490234375,
    " la (2)": -0.3984375,
    " bonne": -2.39453125,
    " réponse": -0.20947265625,
    ".\n\n": -8.8046875,
    "Les": -3.3203125,
    " complications": -6.4375,
    " d": -3.283203125,
    "'une": -1.0263671875,
    " hé (1)": -6.01953125,
    "pat (1)": -2.541015625,
    "ite (1)": -0.14697265625,
    " vir": -1.48828125,
    "ale": -0.00048828125,
    " a (1)": -2.494140625,
    "igu (1)": -0.1396484375,
    "ë (1)": 0.0,
    " peuvent": -1.9541015625,
    " être": -0.97509765625,
    " à (2)": -7.0,
    " plus": -7.20703125,
    " ou (2)": -1.220703125,
    " moins": -0.0009775161743164062,
    " long": -0.38330078125,
    " terme": -0.053131103515625,
    " ": -7.015625,
    ":\n": -0.102783203125,
    "(a": -7.6953125,
    ") (1)": -0.00048828125,
    " Une (1)": -4.48828125,
    " lith": -6.87890625,
    "i": -0.0609130859375,
    "ase": -0.00685882568359375,
    " v": -6.83203125,
    "és": -0.01178741455078125,
    "ic": -0.0122833251953125,
    "ulaire": -0.1856689453125,
    ".\n (1)": -2.0078125,
    "(b": -0.004894256591796875,
    ") (2)": 0.0,
    " Une (2)": -0.28759765625,
    " hé (2)": -2.892578125,
    "pat (2)": -0.10601806640625,
    "ite (2)": -0.409423828125,
    " chron": -0.6640625,
    "ique": -0.002933502197265625,
    ".\n (2)": -0.2113037109375,
    "(c": -0.0009775161743164062,
    ") (3)": 0.0,
    " Un": -1.67578125,
    " cancer": -1.099609375,
    " du": -1.181640625,
    " fo": -0.0723876953125,
    "ie (2)": 0.0,
    ".\n (3)": -0.0297393798828125,
    "(d": -0.01326751708984375,
    ") (4)": 0.0,
    " Une (3)": -0.253662109375,
    " cir": -0.98193359375,
    "rh": -0.002933502197265625,
    "ose": -0.00048828125,
    ".\n (4)": -0.233154296875,
    "(e": -0.08026123046875,
    ") (5)": 0.0,
    " Une (4)": -0.54736328125,
    " panc": -5.37890625,
    "ré": -0.00882720947265625,
    "at": -0.032257080078125,
    "ite (3)": -0.005878448486328125,
    " a (2)": -2.26953125,
    "igu (2)": -0.01277923583984375,
    "ë (2)": 0.0,
    ".\n (5)": -0.0212249755859375,
    "Ré": -7.6796875,
    "ponse": -0.63330078125,
    "(s": -1.4072265625,
    ") (6)": -1.435546875,
    " :": -1.3251953125
  },
  "d": {
    "<|begin_of_text|>": 0.0,
    "C": -5.29296875,
    "eci": -9.0078125,
    " est": -0.9716796875,
    " une": -0.5166015625,
    " question": -8.046875,
    " de (1)": -1.298828125,
    " Q": -8.2890625,
    "CM": -2.375,
    " de (2)": -1.95703125,
    " l": -2.5390625,
    "'ex": -1.078125,
    "amen": -0.10601806640625,
    " de (3)": -0.6064453125,
    " pharmac": -10.1015625,
    "ie (1)": -0.90185546875,
    ".": -4.734375,
    " Ré": -4.390625,
    "pond": -1.0419921875,
    "s": -0.45361328125,
    " avec": -5.4765625,
    " la (1)": -1.2724609375,
    " ou (1)": -6.75390625,
    " les": -0.007350921630859375,
    " let": -5.23828125,
    "tres": -0.00048828125,
    " correspond": -0.75439453125,
    "ant": -0.9658203125,
    " à (1)": -1.2490234375,
    " la (2)": -0.3984375,
    " bonne": -2.39453125,
    " réponse": -0.20947265625,
    ".\n\n": -8.8046875,
    "Les": -3.3203125,
    " complications": -6.4375,
    " d": -3.283203125,
    "'une": -1.0263671875,
    " hé (1)": -6.01953125,
    "pat (1)": -2.541015625,
    "ite (1)": -0.14697265625,
    " vir": -1.48828125,
    "ale": -0.00048828125,
    " a (1)": -2.494140625,
    "igu (1)": -0.1396484375,
    "ë (1)": 0.0,
    " peuvent": -1.9541015625,
    " être": -0.97509765625,
    " à (2)": -7.0,
    " plus": -7.20703125,
    " ou (2)": -1.220703125,
    " moins": -0.0009775161743164062,
    " long": -0.38330078125,
    " terme": -0.053131103515625,
    " ": -7.015625,
    ":\n": -0.102783203125,
    "(a": -7.6953125,
    ") (1)": -0.00048828125,
    " Une (1)": -4.48828125,
    " lith": -6.87890625,
    "i": -0.0609130859375,
    "ase": -0.00685882568359375,
    " v": -6.83203125,
    "és": -0.01178741455078125,
    "ic": -0.0122833251953125,
    "ulaire": -0.1856689453125,
    ".\n (1)": -2.0078125,
    "(b": -0.004894256591796875,
    ") (2)": 0.0,
    " Une (2)": -0.28759765625,
    " hé (2)": -2.892578125,
    "pat (2)": -0.10601806640625,
    "ite (2)": -0.409423828125,
    " chron": -0.6640625,
    "ique": -0.002933502197265625,
    ".\n (2)": -0.2113037109375,
    "(c": -0.0009775161743164062,
    ") (3)": 0.0,
    " Un": -1.67578125,
    " cancer": -1.099609375,
    " du": -1.181640625,
    " fo": -0.0723876953125,
    "ie (2)": 0.0,
    ".\n (3)": -0.0297393798828125,
    "(d": -0.01326751708984375,
    ") (4)": 0.0,
    " Une (3)": -0.253662109375,
    " cir": -0.98193359375,
    "rh": -0.002933502197265625,
    "ose": -0.00048828125,
    ".\n (4)": -0.233154296875,
    "(e": -0.08026123046875,
    ") (5)": 0.0,
    " Une (4)": -0.54736328125,
    " panc": -5.37890625,
    "ré": -0.00882720947265625,
    "at": -0.032257080078125,
    "ite (3)": -0.005878448486328125,
    " a (2)": -2.26953125,
    "igu (2)": -0.01277923583984375,
    "ë (2)": 0.0,
    ".\n (5)": -0.0212249755859375,
    "Ré": -7.6796875,
    "ponse": -0.63330078125,
    "(s": -1.4072265625,
    ") (6)": -1.435546875,
    " :": -1.3251953125
  },
  "e": {
    "<|begin_of_text|>": 0.0,
    "C": -5.29296875,
    "eci": -9.0078125,
    " est": -0.9716796875,
    " une": -0.5166015625,
    " question": -8.046875,
    " de (1)": -1.298828125,
    " Q": -8.2890625,
    "CM": -2.375,
    " de (2)": -1.95703125,
    " l": -2.5390625,
    "'ex": -1.078125,
    "amen": -0.10601806640625,
    " de (3)": -0.6064453125,
    " pharmac": -10.1015625,
    "ie (1)": -0.90185546875,
    ".": -4.734375,
    " Ré": -4.390625,
    "pond": -1.0419921875,
    "s": -0.45361328125,
    " avec": -5.4765625,
    " la (1)": -1.2724609375,
    " ou (1)": -6.75390625,
    " les": -0.007350921630859375,
    " let": -5.23828125,
    "tres": -0.00048828125,
    " correspond": -0.75439453125,
    "ant": -0.9658203125,
    " à (1)": -1.2490234375,
    " la (2)": -0.3984375,
    " bonne": -2.39453125,
    " réponse": -0.20947265625,
    ".\n\n": -8.8046875,
    "Les": -3.3203125,
    " complications": -6.4375,
    " d": -3.283203125,
    "'une": -1.0263671875,
    " hé (1)": -6.01953125,
    "pat (1)": -2.541015625,
    "ite (1)": -0.14697265625,
    " vir": -1.48828125,
    "ale": -0.00048828125,
    " a (1)": -2.494140625,
    "igu (1)": -0.1396484375,
    "ë (1)": 0.0,
    " peuvent": -1.9541015625,
    " être": -0.97509765625,
    " à (2)": -7.0,
    " plus": -7.20703125,
    " ou (2)": -1.220703125,
    " moins": -0.0009775161743164062,
    " long": -0.38330078125,
    " terme": -0.053131103515625,
    " ": -7.015625,
    ":\n": -0.102783203125,
    "(a": -7.6953125,
    ") (1)": -0.00048828125,
    " Une (1)": -4.48828125,
    " lith": -6.87890625,
    "i": -0.0609130859375,
    "ase": -0.00685882568359375,
    " v": -6.83203125,
    "és": -0.01178741455078125,
    "ic": -0.0122833251953125,
    "ulaire": -0.1856689453125,
    ".\n (1)": -2.0078125,
    "(b": -0.004894256591796875,
    ") (2)": 0.0,
    " Une (2)": -0.28759765625,
    " hé (2)": -2.892578125,
    "pat (2)": -0.10601806640625,
    "ite (2)": -0.409423828125,
    " chron": -0.6640625,
    "ique": -0.002933502197265625,
    ".\n (2)": -0.2113037109375,
    "(c": -0.0009775161743164062,
    ") (3)": 0.0,
    " Un": -1.67578125,
    " cancer": -1.099609375,
    " du": -1.181640625,
    " fo": -0.0723876953125,
    "ie (2)": 0.0,
    ".\n (3)": -0.0297393798828125,
    "(d": -0.01326751708984375,
    ") (4)": 0.0,
    " Une (3)": -0.253662109375,
    " cir": -0.98193359375,
    "rh": -0.002933502197265625,
    "ose": -0.00048828125,
    ".\n (4)": -0.233154296875,
    "(e": -0.08026123046875,
    ") (5)": 0.0,
    " Une (4)": -0.54736328125,
    " panc": -5.37890625,
    "ré": -0.00882720947265625,
    "at": -0.032257080078125,
    "ite (3)": -0.005878448486328125,
    " a (2)": -2.26953125,
    "igu (2)": -0.01277923583984375,
    "ë (2)": 0.0,
    ".\n (5)": -0.0212249755859375,
    "Ré": -7.6796875,
    "ponse": -0.63330078125,
    "(s": -1.4072265625,
    ") (6)": -1.435546875,
    " :": -1.3251953125
  },
  "a b": {
    "<|begin_of_text|>": 0.0,
    "C": -5.29296875,
    "eci": -9.0078125,
    " est": -0.9716796875,
    " une": -0.5166015625,
    " question": -8.046875,
    " de (1)": -1.298828125,
    " Q": -8.2890625,
    "CM": -2.375,
    " de (2)": -1.95703125,
    " l": -2.5390625,
    "'ex": -1.078125,
    "amen": -0.10601806640625,
    " de (3)": -0.6064453125,
    " pharmac": -10.1015625,
    "ie (1)": -0.90185546875,
    ".": -4.734375,
    " Ré": -4.390625,
    "pond": -1.0419921875,
    "s": -0.45361328125,
    " avec": -5.4765625,
    " la (1)": -1.2724609375,
    " ou (1)": -6.75390625,
    " les": -0.007350921630859375,
    " let": -5.23828125,
    "tres": -0.00048828125,
    " correspond": -0.75439453125,
    "ant": -0.9658203125,
    " à (1)": -1.2490234375,
    " la (2)": -0.3984375,
    " bonne": -2.39453125,
    " réponse": -0.20947265625,
    ".\n\n": -8.8046875,
    "Les": -3.3203125,
    " complications": -6.4375,
    " d": -3.283203125,
    "'une": -1.0263671875,
    " hé (1)": -6.01953125,
    "pat (1)": -2.541015625,
    "ite (1)": -0.14697265625,
    " vir": -1.48828125,
    "ale": -0.00048828125,
    " a (1)": -2.494140625,
    "igu (1)": -0.1396484375,
    "ë (1)": 0.0,
    " peuvent": -1.9541015625,
    " être": -0.97509765625,
    " à (2)": -7.0,
    " plus": -7.20703125,
    " ou (2)": -1.220703125,
    " moins": -0.0009775161743164062,
    " long": -0.38330078125,
    " terme": -0.053131103515625,
    " ": -7.015625,
    ":\n": -0.102783203125,
    "(a": -7.6953125,
    ") (1)": -0.00048828125,
    " Une (1)": -4.48828125,
    " lith": -6.87890625,
    "i": -0.0609130859375,
    "ase": -0.00685882568359375,
    " v": -6.83203125,
    "és": -0.01178741455078125,
    "ic": -0.0122833251953125,
    "ulaire": -0.1856689453125,
    ".\n (1)": -2.0078125,
    "(b": -0.004894256591796875,
    ") (2)": 0.0,
    " Une (2)": -0.28759765625,
    " hé (2)": -2.892578125,
    "pat (2)": -0.10601806640625,
    "ite (2)": -0.409423828125,
    " chron": -0.6640625,
    "ique": -0.002933502197265625,
    ".\n (2)": -0.2113037109375,
    "(c": -0.0009775161743164062,
    ") (3)": 0.0,
    " Un": -1.67578125,
    " cancer": -1.099609375,
    " du": -1.181640625,
    " fo": -0.0723876953125,
    "ie (2)": 0.0,
    ".\n (3)": -0.0297393798828125,
    "(d": -0.01326751708984375,
    ") (4)": 0.0,
    " Une (3)": -0.253662109375,
    " cir": -0.98193359375,
    "rh": -0.002933502197265625,
    "ose": -0.00048828125,
    ".\n (4)": -0.233154296875,
    "(e": -0.08026123046875,
    ") (5)": 0.0,
    " Une (4)": -0.54736328125,
    " panc": -5.37890625,
    "ré": -0.00882720947265625,
    "at": -0.032257080078125,
    "ite (3)": -0.005878448486328125,
    " a (2)": -2.26953125,
    "igu (2)": -0.01277923583984375,
    "ë (2)": 0.0,
    ".\n (5)": -0.0212249755859375,
    "Ré": -7.6796875,
    "ponse": -0.63330078125,
    "(s": -1.4072265625,
    ") (6)": -1.435546875,
    " :": -1.3251953125
  },
  "a c": {
    "<|begin_of_text|>": 0.0,
    "C": -5.29296875,
    "eci": -9.0078125,
    " est": -0.9716796875,
    " une": -0.5166015625,
    " question": -8.046875,
    " de (1)": -1.298828125,
    " Q": -8.2890625,
    "CM": -2.375,
    " de (2)": -1.95703125,
    " l": -2.5390625,
    "'ex": -1.078125,
    "amen": -0.10601806640625,
    " de (3)": -0.6064453125,
    " pharmac": -10.1015625,
    "ie (1)": -0.90185546875,
    ".": -4.734375,
    " Ré": -4.390625,
    "pond": -1.0419921875,
    "s": -0.45361328125,
    " avec": -5.4765625,
    " la (1)": -1.2724609375,
    " ou (1)": -6.75390625,
    " les": -0.007350921630859375,
    " let": -5.23828125,
    "tres": -0.00048828125,
    " correspond": -0.75439453125,
    "ant": -0.9658203125,
    " à (1)": -1.2490234375,
    " la (2)": -0.3984375,
    " bonne": -2.39453125,
    " réponse": -0.20947265625,
    ".\n\n": -8.8046875,
    "Les": -3.3203125,
    " complications": -6.4375,
    " d": -3.283203125,
    "'une": -1.0263671875,
    " hé (1)": -6.01953125,
    "pat (1)": -2.541015625,
    "ite (1)": -0.14697265625,
    " vir": -1.48828125,
    "ale": -0.00048828125,
    " a (1)": -2.494140625,
    "igu (1)": -0.1396484375,
    "ë (1)": 0.0,
    " peuvent": -1.9541015625,
    " être": -0.97509765625,
    " à (2)": -7.0,
    " plus": -7.20703125,
    " ou (2)": -1.220703125,
    " moins": -0.0009775161743164062,
    " long": -0.38330078125,
    " terme": -0.053131103515625,
    " ": -7.015625,
    ":\n": -0.102783203125,
    "(a": -7.6953125,
    ") (1)": -0.00048828125,
    " Une (1)": -4.48828125,
    " lith": -6.87890625,
    "i": -0.0609130859375,
    "ase": -0.00685882568359375,
    " v": -6.83203125,
    "és": -0.01178741455078125,
    "ic": -0.0122833251953125,
    "ulaire": -0.1856689453125,
    ".\n (1)": -2.0078125,
    "(b": -0.004894256591796875,
    ") (2)": 0.0,
    " Une (2)": -0.28759765625,
    " hé (2)": -2.892578125,
    "pat (2)": -0.10601806640625,
    "ite (2)": -0.409423828125,
    " chron": -0.6640625,
    "ique": -0.002933502197265625,
    ".\n (2)": -0.2113037109375,
    "(c": -0.0009775161743164062,
    ") (3)": 0.0,
    " Un": -1.67578125,
    " cancer": -1.099609375,
    " du": -1.181640625,
    " fo": -0.0723876953125,
    "ie (2)": 0.0,
    ".\n (3)": -0.0297393798828125,
    "(d": -0.01326751708984375,
    ") (4)": 0.0,
    " Une (3)": -0.253662109375,
    " cir": -0.98193359375,
    "rh": -0.002933502197265625,
    "ose": -0.00048828125,
    ".\n (4)": -0.233154296875,
    "(e": -0.08026123046875,
    ") (5)": 0.0,
    " Une (4)": -0.54736328125,
    " panc": -5.37890625,
    "ré": -0.00882720947265625,
    "at": -0.032257080078125,
    "ite (3)": -0.005878448486328125,
    " a (2)": -2.26953125,
    "igu (2)": -0.01277923583984375,
    "ë (2)": 0.0,
    ".\n (5)": -0.0212249755859375,
    "Ré": -7.6796875,
    "ponse": -0.63330078125,
    "(s": -1.4072265625,
    ") (6)": -1.435546875,
    " :": -1.3251953125
  },
  "a d": {
    "<|begin_of_text|>": 0.0,
    "C": -5.29296875,
    "eci": -9.0078125,
    " est": -0.9716796875,
    " une": -0.5166015625,
    " question": -8.046875,
    " de (1)": -1.298828125,
    " Q": -8.2890625,
    "CM": -2.375,
    " de (2)": -1.95703125,
    " l": -2.5390625,
    "'ex": -1.078125,
    "amen": -0.10601806640625,
    " de (3)": -0.6064453125,
    " pharmac": -10.1015625,
    "ie (1)": -0.90185546875,
    ".": -4.734375,
    " Ré": -4.390625,
    "pond": -1.0419921875,
    "s": -0.45361328125,
    " avec": -5.4765625,
    " la (1)": -1.2724609375,
    " ou (1)": -6.75390625,
    " les": -0.007350921630859375,
    " let": -5.23828125,
    "tres": -0.00048828125,
    " correspond": -0.75439453125,
    "ant": -0.9658203125,
    " à (1)": -1.2490234375,
    " la (2)": -0.3984375,
    " bonne": -2.39453125,
    " réponse": -0.20947265625,
    ".\n\n": -8.8046875,
    "Les": -3.3203125,
    " complications": -6.4375,
    " d": -3.283203125,
    "'une": -1.0263671875,
    " hé (1)": -6.01953125,
    "pat (1)": -2.541015625,
    "ite (1)": -0.14697265625,
    " vir": -1.48828125,
    "ale": -0.00048828125,
    " a (1)": -2.494140625,
    "igu (1)": -0.1396484375,
    "ë (1)": 0.0,
    " peuvent": -1.9541015625,
    " être": -0.97509765625,
    " à (2)": -7.0,
    " plus": -7.20703125,
    " ou (2)": -1.220703125,
    " moins": -0.0009775161743164062,
    " long": -0.38330078125,
    " terme": -0.053131103515625,
    " ": -7.015625,
    ":\n": -0.102783203125,
    "(a": -7.6953125,
    ") (1)": -0.00048828125,
    " Une (1)": -4.48828125,
    " lith": -6.87890625,
    "i": -0.0609130859375,
    "ase": -0.00685882568359375,
    " v": -6.83203125,
    "és": -0.01178741455078125,
    "ic": -0.0122833251953125,
    "ulaire": -0.1856689453125,
    ".\n (1)": -2.0078125,
    "(b": -0.004894256591796875,
    ") (2)": 0.0,
    " Une (2)": -0.28759765625,
    " hé (2)": -2.892578125,
    "pat (2)": -0.10601806640625,
    "ite (2)": -0.409423828125,
    " chron": -0.6640625,
    "ique": -0.002933502197265625,
    ".\n (2)": -0.2113037109375,
    "(c": -0.0009775161743164062,
    ") (3)": 0.0,
    " Un": -1.67578125,
    " cancer": -1.099609375,
    " du": -1.181640625,
    " fo": -0.0723876953125,
    "ie (2)": 0.0,
    ".\n (3)": -0.0297393798828125,
    "(d": -0.01326751708984375,
    ") (4)": 0.0,
    " Une (3)": -0.253662109375,
    " cir": -0.98193359375,
    "rh": -0.002933502197265625,
    "ose": -0.00048828125,
    ".\n (4)": -0.233154296875,
    "(e": -0.08026123046875,
    ") (5)": 0.0,
    " Une (4)": -0.54736328125,
    " panc": -5.37890625,
    "ré": -0.00882720947265625,
    "at": -0.032257080078125,
    "ite (3)": -0.005878448486328125,
    " a (2)": -2.26953125,
    "igu (2)": -0.01277923583984375,
    "ë (2)": 0.0,
    ".\n (5)": -0.0212249755859375,
    "Ré": -7.6796875,
    "ponse": -0.63330078125,
    "(s": -1.4072265625,
    ") (6)": -1.435546875,
    " :": -1.3251953125
  },
  "a e": {
    "<|begin_of_text|>": 0.0,
    "C": -5.29296875,
    "eci": -9.0078125,
    " est": -0.9716796875,
    " une": -0.5166015625,
    " question": -8.046875,
    " de (1)": -1.298828125,
    " Q": -8.2890625,
    "CM": -2.375,
    " de (2)": -1.95703125,
    " l": -2.5390625,
    "'ex": -1.078125,
    "amen": -0.10601806640625,
    " de (3)": -0.6064453125,
    " pharmac": -10.1015625,
    "ie (1)": -0.90185546875,
    ".": -4.734375,
    " Ré": -4.390625,
    "pond": -1.0419921875,
    "s": -0.45361328125,
    " avec": -5.4765625,
    " la (1)": -1.2724609375,
    " ou (1)": -6.75390625,
    " les": -0.007350921630859375,
    " let": -5.23828125,
    "tres": -0.00048828125,
    " correspond": -0.75439453125,
    "ant": -0.9658203125,
    " à (1)": -1.2490234375,
    " la (2)": -0.3984375,
    " bonne": -2.39453125,
    " réponse": -0.20947265625,
    ".\n\n": -8.8046875,
    "Les": -3.3203125,
    " complications": -6.4375,
    " d": -3.283203125,
    "'une": -1.0263671875,
    " hé (1)": -6.01953125,
    "pat (1)": -2.541015625,
    "ite (1)": -0.14697265625,
    " vir": -1.48828125,
    "ale": -0.00048828125,
    " a (1)": -2.494140625,
    "igu (1)": -0.1396484375,
    "ë (1)": 0.0,
    " peuvent": -1.9541015625,
    " être": -0.97509765625,
    " à (2)": -7.0,
    " plus": -7.20703125,
    " ou (2)": -1.220703125,
    " moins": -0.0009775161743164062,
    " long": -0.38330078125,
    " terme": -0.053131103515625,
    " ": -7.015625,
    ":\n": -0.102783203125,
    "(a": -7.6953125,
    ") (1)": -0.00048828125,
    " Une (1)": -4.48828125,
    " lith": -6.87890625,
    "i": -0.0609130859375,
    "ase": -0.00685882568359375,
    " v": -6.83203125,
    "és": -0.01178741455078125,
    "ic": -0.0122833251953125,
    "ulaire": -0.1856689453125,
    ".\n (1)": -2.0078125,
    "(b": -0.004894256591796875,
    ") (2)": 0.0,
    " Une (2)": -0.28759765625,
    " hé (2)": -2.892578125,
    "pat (2)": -0.10601806640625,
    "ite (2)": -0.409423828125,
    " chron": -0.6640625,
    "ique": -0.002933502197265625,
    ".\n (2)": -0.2113037109375,
    "(c": -0.0009775161743164062,
    ") (3)": 0.0,
    " Un": -1.67578125,
    " cancer": -1.099609375,
    " du": -1.181640625,
    " fo": -0.0723876953125,
    "ie (2)": 0.0,
    ".\n (3)": -0.0297393798828125,
    "(d": -0.01326751708984375,
    ") (4)": 0.0,
    " Une (3)": -0.253662109375,
    " cir": -0.98193359375,
    "rh": -0.002933502197265625,
    "ose": -0.00048828125,
    ".\n (4)": -0.233154296875,
    "(e": -0.08026123046875,
    ") (5)": 0.0,
    " Une (4)": -0.54736328125,
    " panc": -5.37890625,
    "ré": -0.00882720947265625,
    "at": -0.032257080078125,
    "ite (3)": -0.005878448486328125,
    " a (2)": -2.26953125,
    "igu (2)": -0.01277923583984375,
    "ë (2)": 0.0,
    ".\n (5)": -0.0212249755859375,
    "Ré": -7.6796875,
    "ponse": -0.63330078125,
    "(s": -1.4072265625,
    ") (6)": -1.435546875,
    " :": -1.3251953125
  },
  "b c": {
    "<|begin_of_text|>": 0.0,
    "C": -5.29296875,
    "eci": -9.0078125,
    " est": -0.9716796875,
    " une": -0.5166015625,
    " question": -8.046875,
    " de (1)": -1.298828125,
    " Q": -8.2890625,
    "CM": -2.375,
    " de (2)": -1.95703125,
    " l": -2.5390625,
    "'ex": -1.078125,
    "amen": -0.10601806640625,
    " de (3)": -0.6064453125,
    " pharmac": -10.1015625,
    "ie (1)": -0.90185546875,
    ".": -4.734375,
    " Ré": -4.390625,
    "pond": -1.0419921875,
    "s": -0.45361328125,
    " avec": -5.4765625,
    " la (1)": -1.2724609375,
    " ou (1)": -6.75390625,
    " les": -0.007350921630859375,
    " let": -5.23828125,
    "tres": -0.00048828125,
    " correspond": -0.75439453125,
    "ant": -0.9658203125,
    " à (1)": -1.2490234375,
    " la (2)": -0.3984375,
    " bonne": -2.39453125,
    " réponse": -0.20947265625,
    ".\n\n": -8.8046875,
    "Les": -3.3203125,
    " complications": -6.4375,
    " d": -3.283203125,
    "'une": -1.0263671875,
    " hé (1)": -6.01953125,
    "pat (1)": -2.541015625,
    "ite (1)": -0.14697265625,
    " vir": -1.48828125,
    "ale": -0.00048828125,
    " a (1)": -2.494140625,
    "igu (1)": -0.1396484375,
    "ë (1)": 0.0,
    " peuvent": -1.9541015625,
    " être": -0.97509765625,
    " à (2)": -7.0,
    " plus": -7.20703125,
    " ou (2)": -1.220703125,
    " moins": -0.0009775161743164062,
    " long": -0.38330078125,
    " terme": -0.053131103515625,
    " ": -7.015625,
    ":\n": -0.102783203125,
    "(a": -7.6953125,
    ") (1)": -0.00048828125,
    " Une (1)": -4.48828125,
    " lith": -6.87890625,
    "i": -0.0609130859375,
    "ase": -0.00685882568359375,
    " v": -6.83203125,
    "és": -0.01178741455078125,
    "ic": -0.0122833251953125,
    "ulaire": -0.1856689453125,
    ".\n (1)": -2.0078125,
    "(b": -0.004894256591796875,
    ") (2)": 0.0,
    " Une (2)": -0.28759765625,
    " hé (2)": -2.892578125,
    "pat (2)": -0.10601806640625,
    "ite (2)": -0.409423828125,
    " chron": -0.6640625,
    "ique": -0.002933502197265625,
    ".\n (2)": -0.2113037109375,
    "(c": -0.0009775161743164062,
    ") (3)": 0.0,
    " Un": -1.67578125,
    " cancer": -1.099609375,
    " du": -1.181640625,
    " fo": -0.0723876953125,
    "ie (2)": 0.0,
    ".\n (3)": -0.0297393798828125,
    "(d": -0.01326751708984375,
    ") (4)": 0.0,
    " Une (3)": -0.253662109375,
    " cir": -0.98193359375,
    "rh": -0.002933502197265625,
    "ose": -0.00048828125,
    ".\n (4)": -0.233154296875,
    "(e": -0.08026123046875,
    ") (5)": 0.0,
    " Une (4)": -0.54736328125,
    " panc": -5.37890625,
    "ré": -0.00882720947265625,
    "at": -0.032257080078125,
    "ite (3)": -0.005878448486328125,
    " a (2)": -2.26953125,
    "igu (2)": -0.01277923583984375,
    "ë (2)": 0.0,
    ".\n (5)": -0.0212249755859375,
    "Ré": -7.6796875,
    "ponse": -0.63330078125,
    "(s": -1.4072265625,
    ") (6)": -1.435546875,
    " :": -1.3251953125
  },
  "b d": {
    "<|begin_of_text|>": 0.0,
    "C": -5.29296875,
    "eci": -9.0078125,
    " est": -0.9716796875,
    " une": -0.5166015625,
    " question": -8.046875,
    " de (1)": -1.298828125,
    " Q": -8.2890625,
    "CM": -2.375,
    " de (2)": -1.95703125,
    " l": -2.5390625,
    "'ex": -1.078125,
    "amen": -0.10601806640625,
    " de (3)": -0.6064453125,
    " pharmac": -10.1015625,
    "ie (1)": -0.90185546875,
    ".": -4.734375,
    " Ré": -4.390625,
    "pond": -1.0419921875,
    "s": -0.45361328125,
    " avec": -5.4765625,
    " la (1)": -1.2724609375,
    " ou (1)": -6.75390625,
    " les": -0.007350921630859375,
    " let": -5.23828125,
    "tres": -0.00048828125,
    " correspond": -0.75439453125,
    "ant": -0.9658203125,
    " à (1)": -1.2490234375,
    " la (2)": -0.3984375,
    " bonne": -2.39453125,
    " réponse": -0.20947265625,
    ".\n\n": -8.8046875,
    "Les": -3.3203125,
    " complications": -6.4375,
    " d": -3.283203125,
    "'une": -1.0263671875,
    " hé (1)": -6.01953125,
    "pat (1)": -2.541015625,
    "ite (1)": -0.14697265625,
    " vir": -1.48828125,
    "ale": -0.00048828125,
    " a (1)": -2.494140625,
    "igu (1)": -0.1396484375,
    "ë (1)": 0.0,
    " peuvent": -1.9541015625,
    " être": -0.97509765625,
    " à (2)": -7.0,
    " plus": -7.20703125,
    " ou (2)": -1.220703125,
    " moins": -0.0009775161743164062,
    " long": -0.38330078125,
    " terme": -0.053131103515625,
    " ": -7.015625,
    ":\n": -0.102783203125,
    "(a": -7.6953125,
    ") (1)": -0.00048828125,
    " Une (1)": -4.48828125,
    " lith": -6.87890625,
    "i": -0.0609130859375,
    "ase": -0.00685882568359375,
    " v": -6.83203125,
    "és": -0.01178741455078125,
    "ic": -0.0122833251953125,
    "ulaire": -0.1856689453125,
    ".\n (1)": -2.0078125,
    "(b": -0.004894256591796875,
    ") (2)": 0.0,
    " Une (2)": -0.28759765625,
    " hé (2)": -2.892578125,
    "pat (2)": -0.10601806640625,
    "ite (2)": -0.409423828125,
    " chron": -0.6640625,
    "ique": -0.002933502197265625,
    ".\n (2)": -0.2113037109375,
    "(c": -0.0009775161743164062,
    ") (3)": 0.0,
    " Un": -1.67578125,
    " cancer": -1.099609375,
    " du": -1.181640625,
    " fo": -0.0723876953125,
    "ie (2)": 0.0,
    ".\n (3)": -0.0297393798828125,
    "(d": -0.01326751708984375,
    ") (4)": 0.0,
    " Une (3)": -0.253662109375,
    " cir": -0.98193359375,
    "rh": -0.002933502197265625,
    "ose": -0.00048828125,
    ".\n (4)": -0.233154296875,
    "(e": -0.08026123046875,
    ") (5)": 0.0,
    " Une (4)": -0.54736328125,
    " panc": -5.37890625,
    "ré": -0.00882720947265625,
    "at": -0.032257080078125,
    "ite (3)": -0.005878448486328125,
    " a (2)": -2.26953125,
    "igu (2)": -0.01277923583984375,
    "ë (2)": 0.0,
    ".\n (5)": -0.0212249755859375,
    "Ré": -7.6796875,
    "ponse": -0.63330078125,
    "(s": -1.4072265625,
    ") (6)": -1.435546875,
    " :": -1.3251953125
  },
  "b e": {
    "<|begin_of_text|>": 0.0,
    "C": -5.29296875,
    "eci": -9.0078125,
    " est": -0.9716796875,
    " une": -0.5166015625,
    " question": -8.046875,
    " de (1)": -1.298828125,
    " Q": -8.2890625,
    "CM": -2.375,
    " de (2)": -1.95703125,
    " l": -2.5390625,
    "'ex": -1.078125,
    "amen": -0.10601806640625,
    " de (3)": -0.6064453125,
    " pharmac": -10.1015625,
    "ie (1)": -0.90185546875,
    ".": -4.734375,
    " Ré": -4.390625,
    "pond": -1.0419921875,
    "s": -0.45361328125,
    " avec": -5.4765625,
    " la (1)": -1.2724609375,
    " ou (1)": -6.75390625,
    " les": -0.007350921630859375,
    " let": -5.23828125,
    "tres": -0.00048828125,
    " correspond": -0.75439453125,
    "ant": -0.9658203125,
    " à (1)": -1.2490234375,
    " la (2)": -0.3984375,
    " bonne": -2.39453125,
    " réponse": -0.20947265625,
    ".\n\n": -8.8046875,
    "Les": -3.3203125,
    " complications": -6.4375,
    " d": -3.283203125,
    "'une": -1.0263671875,
    " hé (1)": -6.01953125,
    "pat (1)": -2.541015625,
    "ite (1)": -0.14697265625,
    " vir": -1.48828125,
    "ale": -0.00048828125,
    " a (1)": -2.494140625,
    "igu (1)": -0.1396484375,
    "ë (1)": 0.0,
    " peuvent": -1.9541015625,
    " être": -0.97509765625,
    " à (2)": -7.0,
    " plus": -7.20703125,
    " ou (2)": -1.220703125,
    " moins": -0.0009775161743164062,
    " long": -0.38330078125,
    " terme": -0.053131103515625,
    " ": -7.015625,
    ":\n": -0.102783203125,
    "(a": -7.6953125,
    ") (1)": -0.00048828125,
    " Une (1)": -4.48828125,
    " lith": -6.87890625,
    "i": -0.0609130859375,
    "ase": -0.00685882568359375,
    " v": -6.83203125,
    "és": -0.01178741455078125,
    "ic": -0.0122833251953125,
    "ulaire": -0.1856689453125,
    ".\n (1)": -2.0078125,
    "(b": -0.004894256591796875,
    ") (2)": 0.0,
    " Une (2)": -0.28759765625,
    " hé (2)": -2.892578125,
    "pat (2)": -0.10601806640625,
    "ite (2)": -0.409423828125,
    " chron": -0.6640625,
    "ique": -0.002933502197265625,
    ".\n (2)": -0.2113037109375,
    "(c": -0.0009775161743164062,
    ") (3)": 0.0,
    " Un": -1.67578125,
    " cancer": -1.099609375,
    " du": -1.181640625,
    " fo": -0.0723876953125,
    "ie (2)": 0.0,
    ".\n (3)": -0.0297393798828125,
    "(d": -0.01326751708984375,
    ") (4)": 0.0,
    " Une (3)": -0.253662109375,
    " cir": -0.98193359375,
    "rh": -0.002933502197265625,
    "ose": -0.00048828125,
    ".\n (4)": -0.233154296875,
    "(e": -0.08026123046875,
    ") (5)": 0.0,
    " Une (4)": -0.54736328125,
    " panc": -5.37890625,
    "ré": -0.00882720947265625,
    "at": -0.032257080078125,
    "ite (3)": -0.005878448486328125,
    " a (2)": -2.26953125,
    "igu (2)": -0.01277923583984375,
    "ë (2)": 0.0,
    ".\n (5)": -0.0212249755859375,
    "Ré": -7.6796875,
    "ponse": -0.63330078125,
    "(s": -1.4072265625,
    ") (6)": -1.435546875,
    " :": -1.3251953125
  },
  "c d": {
    "<|begin_of_text|>": 0.0,
    "C": -5.29296875,
    "eci": -9.0078125,
    " est": -0.9716796875,
    " une": -0.5166015625,
    " question": -8.046875,
    " de (1)": -1.298828125,
    " Q": -8.2890625,
    "CM": -2.375,
    " de (2)": -1.95703125,
    " l": -2.5390625,
    "'ex": -1.078125,
    "amen": -0.10601806640625,
    " de (3)": -0.6064453125,
    " pharmac": -10.1015625,
    "ie (1)": -0.90185546875,
    ".": -4.734375,
    " Ré": -4.390625,
    "pond": -1.0419921875,
    "s": -0.45361328125,
    " avec": -5.4765625,
    " la (1)": -1.2724609375,
    " ou (1)": -6.75390625,
    " les": -0.007350921630859375,
    " let": -5.23828125,
    "tres": -0.00048828125,
    " correspond": -0.75439453125,
    "ant": -0.9658203125,
    " à (1)": -1.2490234375,
    " la (2)": -0.3984375,
    " bonne": -2.39453125,
    " réponse": -0.20947265625,
    ".\n\n": -8.8046875,
    "Les": -3.3203125,
    " complications": -6.4375,
    " d": -3.283203125,
    "'une": -1.0263671875,
    " hé (1)": -6.01953125,
    "pat (1)": -2.541015625,
    "ite (1)": -0.14697265625,
    " vir": -1.48828125,
    "ale": -0.00048828125,
    " a (1)": -2.494140625,
    "igu (1)": -0.1396484375,
    "ë (1)": 0.0,
    " peuvent": -1.9541015625,
    " être": -0.97509765625,
    " à (2)": -7.0,
    " plus": -7.20703125,
    " ou (2)": -1.220703125,
    " moins": -0.0009775161743164062,
    " long": -0.38330078125,
    " terme": -0.053131103515625,
    " ": -7.015625,
    ":\n": -0.102783203125,
    "(a": -7.6953125,
    ") (1)": -0.00048828125,
    " Une (1)": -4.48828125,
    " lith": -6.87890625,
    "i": -0.0609130859375,
    "ase": -0.00685882568359375,
    " v": -6.83203125,
    "és": -0.01178741455078125,
    "ic": -0.0122833251953125,
    "ulaire": -0.1856689453125,
    ".\n (1)": -2.0078125,
    "(b": -0.004894256591796875,
    ") (2)": 0.0,
    " Une (2)": -0.28759765625,
    " hé (2)": -2.892578125,
    "pat (2)": -0.10601806640625,
    "ite (2)": -0.409423828125,
    " chron": -0.6640625,
    "ique": -0.002933502197265625,
    ".\n (2)": -0.2113037109375,
    "(c": -0.0009775161743164062,
    ") (3)": 0.0,
    " Un": -1.67578125,
    " cancer": -1.099609375,
    " du": -1.181640625,
    " fo": -0.0723876953125,
    "ie (2)": 0.0,
    ".\n (3)": -0.0297393798828125,
    "(d": -0.01326751708984375,
    ") (4)": 0.0,
    " Une (3)": -0.253662109375,
    " cir": -0.98193359375,
    "rh": -0.002933502197265625,
    "ose": -0.00048828125,
    ".\n (4)": -0.233154296875,
    "(e": -0.08026123046875,
    ") (5)": 0.0,
    " Une (4)": -0.54736328125,
    " panc": -5.37890625,
    "ré": -0.00882720947265625,
    "at": -0.032257080078125,
    "ite (3)": -0.005878448486328125,
    " a (2)": -2.26953125,
    "igu (2)": -0.01277923583984375,
    "ë (2)": 0.0,
    ".\n (5)": -0.0212249755859375,
    "Ré": -7.6796875,
    "ponse": -0.63330078125,
    "(s": -1.4072265625,
    ") (6)": -1.435546875,
    " :": -1.3251953125
  },
  "c e": {
    "<|begin_of_text|>": 0.0,
    "C": -5.29296875,
    "eci": -9.0078125,
    " est": -0.9716796875,
    " une": -0.5166015625,
    " question": -8.046875,
    " de (1)": -1.298828125,
    " Q": -8.2890625,
    "CM": -2.375,
    " de (2)": -1.95703125,
    " l": -2.5390625,
    "'ex": -1.078125,
    "amen": -0.10601806640625,
    " de (3)": -0.6064453125,
    " pharmac": -10.1015625,
    "ie (1)": -0.90185546875,
    ".": -4.734375,
    " Ré": -4.390625,
    "pond": -1.0419921875,
    "s": -0.45361328125,
    " avec": -5.4765625,
    " la (1)": -1.2724609375,
    " ou (1)": -6.75390625,
    " les": -0.007350921630859375,
    " let": -5.23828125,
    "tres": -0.00048828125,
    " correspond": -0.75439453125,
    "ant": -0.9658203125,
    " à (1)": -1.2490234375,
    " la (2)": -0.3984375,
    " bonne": -2.39453125,
    " réponse": -0.20947265625,
    ".\n\n": -8.8046875,
    "Les": -3.3203125,
    " complications": -6.4375,
    " d": -3.283203125,
    "'une": -1.0263671875,
    " hé (1)": -6.01953125,
    "pat (1)": -2.541015625,
    "ite (1)": -0.14697265625,
    " vir": -1.48828125,
    "ale": -0.00048828125,
    " a (1)": -2.494140625,
    "igu (1)": -0.1396484375,
    "ë (1)": 0.0,
    " peuvent": -1.9541015625,
    " être": -0.97509765625,
    " à (2)": -7.0,
    " plus": -7.20703125,
    " ou (2)": -1.220703125,
    " moins": -0.0009775161743164062,
    " long": -0.38330078125,
    " terme": -0.053131103515625,
    " ": -7.015625,
    ":\n": -0.102783203125,
    "(a": -7.6953125,
    ") (1)": -0.00048828125,
    " Une (1)": -4.48828125,
    " lith": -6.87890625,
    "i": -0.0609130859375,
    "ase": -0.00685882568359375,
    " v": -6.83203125,
    "és": -0.01178741455078125,
    "ic": -0.0122833251953125,
    "ulaire": -0.1856689453125,
    ".\n (1)": -2.0078125,
    "(b": -0.004894256591796875,
    ") (2)": 0.0,
    " Une (2)": -0.28759765625,
    " hé (2)": -2.892578125,
    "pat (2)": -0.10601806640625,
    "ite (2)": -0.409423828125,
    " chron": -0.6640625,
    "ique": -0.002933502197265625,
    ".\n (2)": -0.2113037109375,
    "(c": -0.0009775161743164062,
    ") (3)": 0.0,
    " Un": -1.67578125,
    " cancer": -1.099609375,
    " du": -1.181640625,
    " fo": -0.0723876953125,
    "ie (2)": 0.0,
    ".\n (3)": -0.0297393798828125,
    "(d": -0.01326751708984375,
    ") (4)": 0.0,
    " Une (3)": -0.253662109375,
    " cir": -0.98193359375,
    "rh": -0.002933502197265625,
    "ose": -0.00048828125,
    ".\n (4)": -0.233154296875,
    "(e": -0.08026123046875,
    ") (5)": 0.0,
    " Une (4)": -0.54736328125,
    " panc": -5.37890625,
    "ré": -0.00882720947265625,
    "at": -0.032257080078125,
    "ite (3)": -0.005878448486328125,
    " a (2)": -2.26953125,
    "igu (2)": -0.01277923583984375,
    "ë (2)": 0.0,
    ".\n (5)": -0.0212249755859375,
    "Ré": -7.6796875,
    "ponse": -0.63330078125,
    "(s": -1.4072265625,
    ") (6)": -1.435546875,
    " :": -1.3251953125
  },
  "d e": {
    "<|begin_of_text|>": 0.0,
    "C": -5.29296875,
    "eci": -9.0078125,
    " est": -0.9716796875,
    " une": -0.5166015625,
    " question": -8.046875,
    " de (1)": -1.298828125,
    " Q": -8.2890625,
    "CM": -2.375,
    " de (2)": -1.95703125,
    " l": -2.5390625,
    "'ex": -1.078125,
    "amen": -0.10601806640625,
    " de (3)": -0.6064453125,
    " pharmac": -10.1015625,
    "ie (1)": -0.90185546875,
    ".": -4.734375,
    " Ré": -4.390625,
    "pond": -1.0419921875,
    "s": -0.45361328125,
    " avec": -5.4765625,
    " la (1)": -1.2724609375,
    " ou (1)": -6.75390625,
    " les": -0.007350921630859375,
    " let": -5.23828125,
    "tres": -0.00048828125,
    " correspond": -0.75439453125,
    "ant": -0.9658203125,
    " à (1)": -1.2490234375,
    " la (2)": -0.3984375,
    " bonne": -2.39453125,
    " réponse": -0.20947265625,
    ".\n\n": -8.8046875,
    "Les": -3.3203125,
    " complications": -6.4375,
    " d": -3.283203125,
    "'une": -1.0263671875,
    " hé (1)": -6.01953125,
    "pat (1)": -2.541015625,
    "ite (1)": -0.14697265625,
    " vir": -1.48828125,
    "ale": -0.00048828125,
    " a (1)": -2.494140625,
    "igu (1)": -0.1396484375,
    "ë (1)": 0.0,
    " peuvent": -1.9541015625,
    " être": -0.97509765625,
    " à (2)": -7.0,
    " plus": -7.20703125,
    " ou (2)": -1.220703125,
    " moins": -0.0009775161743164062,
    " long": -0.38330078125,
    " terme": -0.053131103515625,
    " ": -7.015625,
    ":\n": -0.102783203125,
    "(a": -7.6953125,
    ") (1)": -0.00048828125,
    " Une (1)": -4.48828125,
    " lith": -6.87890625,
    "i": -0.0609130859375,
    "ase": -0.00685882568359375,
    " v": -6.83203125,
    "és": -0.01178741455078125,
    "ic": -0.0122833251953125,
    "ulaire": -0.1856689453125,
    ".\n (1)": -2.0078125,
    "(b": -0.004894256591796875,
    ") (2)": 0.0,
    " Une (2)": -0.28759765625,
    " hé (2)": -2.892578125,
    "pat (2)": -0.10601806640625,
    "ite (2)": -0.409423828125,
    " chron": -0.6640625,
    "ique": -0.002933502197265625,
    ".\n (2)": -0.2113037109375,
    "(c": -0.0009775161743164062,
    ") (3)": 0.0,
    " Un": -1.67578125,
    " cancer": -1.099609375,
    " du": -1.181640625,
    " fo": -0.0723876953125,
    "ie (2)": 0.0,
    ".\n (3)": -0.0297393798828125,
    "(d": -0.01326751708984375,
    ") (4)": 0.0,
    " Une (3)": -0.253662109375,
    " cir": -0.98193359375,
    "rh": -0.002933502197265625,
    "ose": -0.00048828125,
    ".\n (4)": -0.233154296875,
    "(e": -0.08026123046875,
    ") (5)": 0.0,
    " Une (4)": -0.54736328125,
    " panc": -5.37890625,
    "ré": -0.00882720947265625,
    "at": -0.032257080078125,
    "ite (3)": -0.005878448486328125,
    " a (2)": -2.26953125,
    "igu (2)": -0.01277923583984375,
    "ë (2)": 0.0,
    ".\n (5)": -0.0212249755859375,
    "Ré": -7.6796875,
    "ponse": -0.63330078125,
    "(s": -1.4072265625,
    ") (6)": -1.435546875,
    " :": -1.3251953125
  },
  "a b c": {
    "<|begin_of_text|>": 0.0,
    "C": -5.29296875,
    "eci": -9.0078125,
    " est": -0.9716796875,
    " une": -0.5166015625,
    " question": -8.046875,
    " de (1)": -1.298828125,
    " Q": -8.2890625,
    "CM": -2.375,
    " de (2)": -1.95703125,
    " l": -2.5390625,
    "'ex": -1.078125,
    "amen": -0.10601806640625,
    " de (3)": -0.6064453125,
    " pharmac": -10.1015625,
    "ie (1)": -0.90185546875,
    ".": -4.734375,
    " Ré": -4.390625,
    "pond": -1.0419921875,
    "s": -0.45361328125,
    " avec": -5.4765625,
    " la (1)": -1.2724609375,
    " ou (1)": -6.75390625,
    " les": -0.007350921630859375,
    " let": -5.23828125,
    "tres": -0.00048828125,
    " correspond": -0.75439453125,
    "ant": -0.9658203125,
    " à (1)": -1.2490234375,
    " la (2)": -0.3984375,
    " bonne": -2.39453125,
    " réponse": -0.20947265625,
    ".\n\n": -8.8046875,
    "Les": -3.3203125,
    " complications": -6.4375,
    " d": -3.283203125,
    "'une": -1.0263671875,
    " hé (1)": -6.01953125,
    "pat (1)": -2.541015625,
    "ite (1)": -0.14697265625,
    " vir": -1.48828125,
    "ale": -0.00048828125,
    " a (1)": -2.494140625,
    "igu (1)": -0.1396484375,
    "ë (1)": 0.0,
    " peuvent": -1.9541015625,
    " être": -0.97509765625,
    " à (2)": -7.0,
    " plus": -7.20703125,
    " ou (2)": -1.220703125,
    " moins": -0.0009775161743164062,
    " long": -0.38330078125,
    " terme": -0.053131103515625,
    " ": -7.015625,
    ":\n": -0.102783203125,
    "(a": -7.6953125,
    ") (1)": -0.00048828125,
    " Une (1)": -4.48828125,
    " lith": -6.87890625,
    "i": -0.0609130859375,
    "ase": -0.00685882568359375,
    " v": -6.83203125,
    "és": -0.01178741455078125,
    "ic": -0.0122833251953125,
    "ulaire": -0.1856689453125,
    ".\n (1)": -2.0078125,
    "(b": -0.004894256591796875,
    ") (2)": 0.0,
    " Une (2)": -0.28759765625,
    " hé (2)": -2.892578125,
    "pat (2)": -0.10601806640625,
    "ite (2)": -0.409423828125,
    " chron": -0.6640625,
    "ique": -0.002933502197265625,
    ".\n (2)": -0.2113037109375,
    "(c": -0.0009775161743164062,
    ") (3)": 0.0,
    " Un": -1.67578125,
    " cancer": -1.099609375,
    " du": -1.181640625,
    " fo": -0.0723876953125,
    "ie (2)": 0.0,
    ".\n (3)": -0.0297393798828125,
    "(d": -0.01326751708984375,
    ") (4)": 0.0,
    " Une (3)": -0.253662109375,
    " cir": -0.98193359375,
    "rh": -0.002933502197265625,
    "ose": -0.00048828125,
    ".\n (4)": -0.233154296875,
    "(e": -0.08026123046875,
    ") (5)": 0.0,
    " Une (4)": -0.54736328125,
    " panc": -5.37890625,
    "ré": -0.00882720947265625,
    "at": -0.032257080078125,
    "ite (3)": -0.005878448486328125,
    " a (2)": -2.26953125,
    "igu (2)": -0.01277923583984375,
    "ë (2)": 0.0,
    ".\n (5)": -0.0212249755859375,
    "Ré": -7.6796875,
    "ponse": -0.63330078125,
    "(s": -1.4072265625,
    ") (6)": -1.435546875,
    " :": -1.3251953125
  },
  "a b d": {
    "<|begin_of_text|>": 0.0,
    "C": -5.29296875,
    "eci": -9.0078125,
    " est": -0.9716796875,
    " une": -0.5166015625,
    " question": -8.046875,
    " de (1)": -1.298828125,
    " Q": -8.2890625,
    "CM": -2.375,
    " de (2)": -1.95703125,
    " l": -2.5390625,
    "'ex": -1.078125,
    "amen": -0.10601806640625,
    " de (3)": -0.6064453125,
    " pharmac": -10.1015625,
    "ie (1)": -0.90185546875,
    ".": -4.734375,
    " Ré": -4.390625,
    "pond": -1.0419921875,
    "s": -0.45361328125,
    " avec": -5.4765625,
    " la (1)": -1.2724609375,
    " ou (1)": -6.75390625,
    " les": -0.007350921630859375,
    " let": -5.23828125,
    "tres": -0.00048828125,
    " correspond": -0.75439453125,
    "ant": -0.9658203125,
    " à (1)": -1.2490234375,
    " la (2)": -0.3984375,
    " bonne": -2.39453125,
    " réponse": -0.20947265625,
    ".\n\n": -8.8046875,
    "Les": -3.3203125,
    " complications": -6.4375,
    " d": -3.283203125,
    "'une": -1.0263671875,
    " hé (1)": -6.01953125,
    "pat (1)": -2.541015625,
    "ite (1)": -0.14697265625,
    " vir": -1.48828125,
    "ale": -0.00048828125,
    " a (1)": -2.494140625,
    "igu (1)": -0.1396484375,
    "ë (1)": 0.0,
    " peuvent": -1.9541015625,
    " être": -0.97509765625,
    " à (2)": -7.0,
    " plus": -7.20703125,
    " ou (2)": -1.220703125,
    " moins": -0.0009775161743164062,
    " long": -0.38330078125,
    " terme": -0.053131103515625,
    " ": -7.015625,
    ":\n": -0.102783203125,
    "(a": -7.6953125,
    ") (1)": -0.00048828125,
    " Une (1)": -4.48828125,
    " lith": -6.87890625,
    "i": -0.0609130859375,
    "ase": -0.00685882568359375,
    " v": -6.83203125,
    "és": -0.01178741455078125,
    "ic": -0.0122833251953125,
    "ulaire": -0.1856689453125,
    ".\n (1)": -2.0078125,
    "(b": -0.004894256591796875,
    ") (2)": 0.0,
    " Une (2)": -0.28759765625,
    " hé (2)": -2.892578125,
    "pat (2)": -0.10601806640625,
    "ite (2)": -0.409423828125,
    " chron": -0.6640625,
    "ique": -0.002933502197265625,
    ".\n (2)": -0.2113037109375,
    "(c": -0.0009775161743164062,
    ") (3)": 0.0,
    " Un": -1.67578125,
    " cancer": -1.099609375,
    " du": -1.181640625,
    " fo": -0.0723876953125,
    "ie (2)": 0.0,
    ".\n (3)": -0.0297393798828125,
    "(d": -0.01326751708984375,
    ") (4)": 0.0,
    " Une (3)": -0.253662109375,
    " cir": -0.98193359375,
    "rh": -0.002933502197265625,
    "ose": -0.00048828125,
    ".\n (4)": -0.233154296875,
    "(e": -0.08026123046875,
    ") (5)": 0.0,
    " Une (4)": -0.54736328125,
    " panc": -5.37890625,
    "ré": -0.00882720947265625,
    "at": -0.032257080078125,
    "ite (3)": -0.005878448486328125,
    " a (2)": -2.26953125,
    "igu (2)": -0.01277923583984375,
    "ë (2)": 0.0,
    ".\n (5)": -0.0212249755859375,
    "Ré": -7.6796875,
    "ponse": -0.63330078125,
    "(s": -1.4072265625,
    ") (6)": -1.435546875,
    " :": -1.3251953125
  },
  "a b e": {
    "<|begin_of_text|>": 0.0,
    "C": -5.29296875,
    "eci": -9.0078125,
    " est": -0.9716796875,
    " une": -0.5166015625,
    " question": -8.046875,
    " de (1)": -1.298828125,
    " Q": -8.2890625,
    "CM": -2.375,
    " de (2)": -1.95703125,
    " l": -2.5390625,
    "'ex": -1.078125,
    "amen": -0.10601806640625,
    " de (3)": -0.6064453125,
    " pharmac": -10.1015625,
    "ie (1)": -0.90185546875,
    ".": -4.734375,
    " Ré": -4.390625,
    "pond": -1.0419921875,
    "s": -0.45361328125,
    " avec": -5.4765625,
    " la (1)": -1.2724609375,
    " ou (1)": -6.75390625,
    " les": -0.007350921630859375,
    " let": -5.23828125,
    "tres": -0.00048828125,
    " correspond": -0.75439453125,
    "ant": -0.9658203125,
    " à (1)": -1.2490234375,
    " la (2)": -0.3984375,
    " bonne": -2.39453125,
    " réponse": -0.20947265625,
    ".\n\n": -8.8046875,
    "Les": -3.3203125,
    " complications": -6.4375,
    " d": -3.283203125,
    "'une": -1.0263671875,
    " hé (1)": -6.01953125,
    "pat (1)": -2.541015625,
    "ite (1)": -0.14697265625,
    " vir": -1.48828125,
    "ale": -0.00048828125,
    " a (1)": -2.494140625,
    "igu (1)": -0.1396484375,
    "ë (1)": 0.0,
    " peuvent": -1.9541015625,
    " être": -0.97509765625,
    " à (2)": -7.0,
    " plus": -7.20703125,
    " ou (2)": -1.220703125,
    " moins": -0.0009775161743164062,
    " long": -0.38330078125,
    " terme": -0.053131103515625,
    " ": -7.015625,
    ":\n": -0.102783203125,
    "(a": -7.6953125,
    ") (1)": -0.00048828125,
    " Une (1)": -4.48828125,
    " lith": -6.87890625,
    "i": -0.0609130859375,
    "ase": -0.00685882568359375,
    " v": -6.83203125,
    "és": -0.01178741455078125,
    "ic": -0.0122833251953125,
    "ulaire": -0.1856689453125,
    ".\n (1)": -2.0078125,
    "(b": -0.004894256591796875,
    ") (2)": 0.0,
    " Une (2)": -0.28759765625,
    " hé (2)": -2.892578125,
    "pat (2)": -0.10601806640625,
    "ite (2)": -0.409423828125,
    " chron": -0.6640625,
    "ique": -0.002933502197265625,
    ".\n (2)": -0.2113037109375,
    "(c": -0.0009775161743164062,
    ") (3)": 0.0,
    " Un": -1.67578125,
    " cancer": -1.099609375,
    " du": -1.181640625,
    " fo": -0.0723876953125,
    "ie (2)": 0.0,
    ".\n (3)": -0.0297393798828125,
    "(d": -0.01326751708984375,
    ") (4)": 0.0,
    " Une (3)": -0.253662109375,
    " cir": -0.98193359375,
    "rh": -0.002933502197265625,
    "ose": -0.00048828125,
    ".\n (4)": -0.233154296875,
    "(e": -0.08026123046875,
    ") (5)": 0.0,
    " Une (4)": -0.54736328125,
    " panc": -5.37890625,
    "ré": -0.00882720947265625,
    "at": -0.032257080078125,
    "ite (3)": -0.005878448486328125,
    " a (2)": -2.26953125,
    "igu (2)": -0.01277923583984375,
    "ë (2)": 0.0,
    ".\n (5)": -0.0212249755859375,
    "Ré": -7.6796875,
    "ponse": -0.63330078125,
    "(s": -1.4072265625,
    ") (6)": -1.435546875,
    " :": -1.3251953125
  },
  "a c d": {
    "<|begin_of_text|>": 0.0,
    "C": -5.29296875,
    "eci": -9.0078125,
    " est": -0.9716796875,
    " une": -0.5166015625,
    " question": -8.046875,
    " de (1)": -1.298828125,
    " Q": -8.2890625,
    "CM": -2.375,
    " de (2)": -1.95703125,
    " l": -2.5390625,
    "'ex": -1.078125,
    "amen": -0.10601806640625,
    " de (3)": -0.6064453125,
    " pharmac": -10.1015625,
    "ie (1)": -0.90185546875,
    ".": -4.734375,
    " Ré": -4.390625,
    "pond": -1.0419921875,
    "s": -0.45361328125,
    " avec": -5.4765625,
    " la (1)": -1.2724609375,
    " ou (1)": -6.75390625,
    " les": -0.007350921630859375,
    " let": -5.23828125,
    "tres": -0.00048828125,
    " correspond": -0.75439453125,
    "ant": -0.9658203125,
    " à (1)": -1.2490234375,
    " la (2)": -0.3984375,
    " bonne": -2.39453125,
    " réponse": -0.20947265625,
    ".\n\n": -8.8046875,
    "Les": -3.3203125,
    " complications": -6.4375,
    " d": -3.283203125,
    "'une": -1.0263671875,
    " hé (1)": -6.01953125,
    "pat (1)": -2.541015625,
    "ite (1)": -0.14697265625,
    " vir": -1.48828125,
    "ale": -0.00048828125,
    " a (1)": -2.494140625,
    "igu (1)": -0.1396484375,
    "ë (1)": 0.0,
    " peuvent": -1.9541015625,
    " être": -0.97509765625,
    " à (2)": -7.0,
    " plus": -7.20703125,
    " ou (2)": -1.220703125,
    " moins": -0.0009775161743164062,
    " long": -0.38330078125,
    " terme": -0.053131103515625,
    " ": -7.015625,
    ":\n": -0.102783203125,
    "(a": -7.6953125,
    ") (1)": -0.00048828125,
    " Une (1)": -4.48828125,
    " lith": -6.87890625,
    "i": -0.0609130859375,
    "ase": -0.00685882568359375,
    " v": -6.83203125,
    "és": -0.01178741455078125,
    "ic": -0.0122833251953125,
    "ulaire": -0.1856689453125,
    ".\n (1)": -2.0078125,
    "(b": -0.004894256591796875,
    ") (2)": 0.0,
    " Une (2)": -0.28759765625,
    " hé (2)": -2.892578125,
    "pat (2)": -0.10601806640625,
    "ite (2)": -0.409423828125,
    " chron": -0.6640625,
    "ique": -0.002933502197265625,
    ".\n (2)": -0.2113037109375,
    "(c": -0.0009775161743164062,
    ") (3)": 0.0,
    " Un": -1.67578125,
    " cancer": -1.099609375,
    " du": -1.181640625,
    " fo": -0.0723876953125,
    "ie (2)": 0.0,
    ".\n (3)": -0.0297393798828125,
    "(d": -0.01326751708984375,
    ") (4)": 0.0,
    " Une (3)": -0.253662109375,
    " cir": -0.98193359375,
    "rh": -0.002933502197265625,
    "ose": -0.00048828125,
    ".\n (4)": -0.233154296875,
    "(e": -0.08026123046875,
    ") (5)": 0.0,
    " Une (4)": -0.54736328125,
    " panc": -5.37890625,
    "ré": -0.00882720947265625,
    "at": -0.032257080078125,
    "ite (3)": -0.005878448486328125,
    " a (2)": -2.26953125,
    "igu (2)": -0.01277923583984375,
    "ë (2)": 0.0,
    ".\n (5)": -0.0212249755859375,
    "Ré": -7.6796875,
    "ponse": -0.63330078125,
    "(s": -1.4072265625,
    ") (6)": -1.435546875,
    " :": -1.3251953125
  },
  "a c e": {
    "<|begin_of_text|>": 0.0,
    "C": -5.29296875,
    "eci": -9.0078125,
    " est": -0.9716796875,
    " une": -0.5166015625,
    " question": -8.046875,
    " de (1)": -1.298828125,
    " Q": -8.2890625,
    "CM": -2.375,
    " de (2)": -1.95703125,
    " l": -2.5390625,
    "'ex": -1.078125,
    "amen": -0.10601806640625,
    " de (3)": -0.6064453125,
    " pharmac": -10.1015625,
    "ie (1)": -0.90185546875,
    ".": -4.734375,
    " Ré": -4.390625,
    "pond": -1.0419921875,
    "s": -0.45361328125,
    " avec": -5.4765625,
    " la (1)": -1.2724609375,
    " ou (1)": -6.75390625,
    " les": -0.007350921630859375,
    " let": -5.23828125,
    "tres": -0.00048828125,
    " correspond": -0.75439453125,
    "ant": -0.9658203125,
    " à (1)": -1.2490234375,
    " la (2)": -0.3984375,
    " bonne": -2.39453125,
    " réponse": -0.20947265625,
    ".\n\n": -8.8046875,
    "Les": -3.3203125,
    " complications": -6.4375,
    " d": -3.283203125,
    "'une": -1.0263671875,
    " hé (1)": -6.01953125,
    "pat (1)": -2.541015625,
    "ite (1)": -0.14697265625,
    " vir": -1.48828125,
    "ale": -0.00048828125,
    " a (1)": -2.494140625,
    "igu (1)": -0.1396484375,
    "ë (1)": 0.0,
    " peuvent": -1.9541015625,
    " être": -0.97509765625,
    " à (2)": -7.0,
    " plus": -7.20703125,
    " ou (2)": -1.220703125,
    " moins": -0.0009775161743164062,
    " long": -0.38330078125,
    " terme": -0.053131103515625,
    " ": -7.015625,
    ":\n": -0.102783203125,
    "(a": -7.6953125,
    ") (1)": -0.00048828125,
    " Une (1)": -4.48828125,
    " lith": -6.87890625,
    "i": -0.0609130859375,
    "ase": -0.00685882568359375,
    " v": -6.83203125,
    "és": -0.01178741455078125,
    "ic": -0.0122833251953125,
    "ulaire": -0.1856689453125,
    ".\n (1)": -2.0078125,
    "(b": -0.004894256591796875,
    ") (2)": 0.0,
    " Une (2)": -0.28759765625,
    " hé (2)": -2.892578125,
    "pat (2)": -0.10601806640625,
    "ite (2)": -0.409423828125,
    " chron": -0.6640625,
    "ique": -0.002933502197265625,
    ".\n (2)": -0.2113037109375,
    "(c": -0.0009775161743164062,
    ") (3)": 0.0,
    " Un": -1.67578125,
    " cancer": -1.099609375,
    " du": -1.181640625,
    " fo": -0.0723876953125,
    "ie (2)": 0.0,
    ".\n (3)": -0.0297393798828125,
    "(d": -0.01326751708984375,
    ") (4)": 0.0,
    " Une (3)": -0.253662109375,
    " cir": -0.98193359375,
    "rh": -0.002933502197265625,
    "ose": -0.00048828125,
    ".\n (4)": -0.233154296875,
    "(e": -0.08026123046875,
    ") (5)": 0.0,
    " Une (4)": -0.54736328125,
    " panc": -5.37890625,
    "ré": -0.00882720947265625,
    "at": -0.032257080078125,
    "ite (3)": -0.005878448486328125,
    " a (2)": -2.26953125,
    "igu (2)": -0.01277923583984375,
    "ë (2)": 0.0,
    ".\n (5)": -0.0212249755859375,
    "Ré": -7.6796875,
    "ponse": -0.63330078125,
    "(s": -1.4072265625,
    ") (6)": -1.435546875,
    " :": -1.3251953125
  },
  "a d e": {
    "<|begin_of_text|>": 0.0,
    "C": -5.29296875,
    "eci": -9.0078125,
    " est": -0.9716796875,
    " une": -0.5166015625,
    " question": -8.046875,
    " de (1)": -1.298828125,
    " Q": -8.2890625,
    "CM": -2.375,
    " de (2)": -1.95703125,
    " l": -2.5390625,
    "'ex": -1.078125,
    "amen": -0.10601806640625,
    " de (3)": -0.6064453125,
    " pharmac": -10.1015625,
    "ie (1)": -0.90185546875,
    ".": -4.734375,
    " Ré": -4.390625,
    "pond": -1.0419921875,
    "s": -0.45361328125,
    " avec": -5.4765625,
    " la (1)": -1.2724609375,
    " ou (1)": -6.75390625,
    " les": -0.007350921630859375,
    " let": -5.23828125,
    "tres": -0.00048828125,
    " correspond": -0.75439453125,
    "ant": -0.9658203125,
    " à (1)": -1.2490234375,
    " la (2)": -0.3984375,
    " bonne": -2.39453125,
    " réponse": -0.20947265625,
    ".\n\n": -8.8046875,
    "Les": -3.3203125,
    " complications": -6.4375,
    " d": -3.283203125,
    "'une": -1.0263671875,
    " hé (1)": -6.01953125,
    "pat (1)": -2.541015625,
    "ite (1)": -0.14697265625,
    " vir": -1.48828125,
    "ale": -0.00048828125,
    " a (1)": -2.494140625,
    "igu (1)": -0.1396484375,
    "ë (1)": 0.0,
    " peuvent": -1.9541015625,
    " être": -0.97509765625,
    " à (2)": -7.0,
    " plus": -7.20703125,
    " ou (2)": -1.220703125,
    " moins": -0.0009775161743164062,
    " long": -0.38330078125,
    " terme": -0.053131103515625,
    " ": -7.015625,
    ":\n": -0.102783203125,
    "(a": -7.6953125,
    ") (1)": -0.00048828125,
    " Une (1)": -4.48828125,
    " lith": -6.87890625,
    "i": -0.0609130859375,
    "ase": -0.00685882568359375,
    " v": -6.83203125,
    "és": -0.01178741455078125,
    "ic": -0.0122833251953125,
    "ulaire": -0.1856689453125,
    ".\n (1)": -2.0078125,
    "(b": -0.004894256591796875,
    ") (2)": 0.0,
    " Une (2)": -0.28759765625,
    " hé (2)": -2.892578125,
    "pat (2)": -0.10601806640625,
    "ite (2)": -0.409423828125,
    " chron": -0.6640625,
    "ique": -0.002933502197265625,
    ".\n (2)": -0.2113037109375,
    "(c": -0.0009775161743164062,
    ") (3)": 0.0,
    " Un": -1.67578125,
    " cancer": -1.099609375,
    " du": -1.181640625,
    " fo": -0.0723876953125,
    "ie (2)": 0.0,
    ".\n (3)": -0.0297393798828125,
    "(d": -0.01326751708984375,
    ") (4)": 0.0,
    " Une (3)": -0.253662109375,
    " cir": -0.98193359375,
    "rh": -0.002933502197265625,
    "ose": -0.00048828125,
    ".\n (4)": -0.233154296875,
    "(e": -0.08026123046875,
    ") (5)": 0.0,
    " Une (4)": -0.54736328125,
    " panc": -5.37890625,
    "ré": -0.00882720947265625,
    "at": -0.032257080078125,
    "ite (3)": -0.005878448486328125,
    " a (2)": -2.26953125,
    "igu (2)": -0.01277923583984375,
    "ë (2)": 0.0,
    ".\n (5)": -0.0212249755859375,
    "Ré": -7.6796875,
    "ponse": -0.63330078125,
    "(s": -1.4072265625,
    ") (6)": -1.435546875,
    " :": -1.3251953125
  },
  "b c d": {
    "<|begin_of_text|>": 0.0,
    "C": -5.29296875,
    "eci": -9.0078125,
    " est": -0.9716796875,
    " une": -0.5166015625,
    " question": -8.046875,
    " de (1)": -1.298828125,
    " Q": -8.2890625,
    "CM": -2.375,
    " de (2)": -1.95703125,
    " l": -2.5390625,
    "'ex": -1.078125,
    "amen": -0.10601806640625,
    " de (3)": -0.6064453125,
    " pharmac": -10.1015625,
    "ie (1)": -0.90185546875,
    ".": -4.734375,
    " Ré": -4.390625,
    "pond": -1.0419921875,
    "s": -0.45361328125,
    " avec": -5.4765625,
    " la (1)": -1.2724609375,
    " ou (1)": -6.75390625,
    " les": -0.007350921630859375,
    " let": -5.23828125,
    "tres": -0.00048828125,
    " correspond": -0.75439453125,
    "ant": -0.9658203125,
    " à (1)": -1.2490234375,
    " la (2)": -0.3984375,
    " bonne": -2.39453125,
    " réponse": -0.20947265625,
    ".\n\n": -8.8046875,
    "Les": -3.3203125,
    " complications": -6.4375,
    " d": -3.283203125,
    "'une": -1.0263671875,
    " hé (1)": -6.01953125,
    "pat (1)": -2.541015625,
    "ite (1)": -0.14697265625,
    " vir": -1.48828125,
    "ale": -0.00048828125,
    " a (1)": -2.494140625,
    "igu (1)": -0.1396484375,
    "ë (1)": 0.0,
    " peuvent": -1.9541015625,
    " être": -0.97509765625,
    " à (2)": -7.0,
    " plus": -7.20703125,
    " ou (2)": -1.220703125,
    " moins": -0.0009775161743164062,
    " long": -0.38330078125,
    " terme": -0.053131103515625,
    " ": -7.015625,
    ":\n": -0.102783203125,
    "(a": -7.6953125,
    ") (1)": -0.00048828125,
    " Une (1)": -4.48828125,
    " lith": -6.87890625,
    "i": -0.0609130859375,
    "ase": -0.00685882568359375,
    " v": -6.83203125,
    "és": -0.01178741455078125,
    "ic": -0.0122833251953125,
    "ulaire": -0.1856689453125,
    ".\n (1)": -2.0078125,
    "(b": -0.004894256591796875,
    ") (2)": 0.0,
    " Une (2)": -0.28759765625,
    " hé (2)": -2.892578125,
    "pat (2)": -0.10601806640625,
    "ite (2)": -0.409423828125,
    " chron": -0.6640625,
    "ique": -0.002933502197265625,
    ".\n (2)": -0.2113037109375,
    "(c": -0.0009775161743164062,
    ") (3)": 0.0,
    " Un": -1.67578125,
    " cancer": -1.099609375,
    " du": -1.181640625,
    " fo": -0.0723876953125,
    "ie (2)": 0.0,
    ".\n (3)": -0.0297393798828125,
    "(d": -0.01326751708984375,
    ") (4)": 0.0,
    " Une (3)": -0.253662109375,
    " cir": -0.98193359375,
    "rh": -0.002933502197265625,
    "ose": -0.00048828125,
    ".\n (4)": -0.233154296875,
    "(e": -0.08026123046875,
    ") (5)": 0.0,
    " Une (4)": -0.54736328125,
    " panc": -5.37890625,
    "ré": -0.00882720947265625,
    "at": -0.032257080078125,
    "ite (3)": -0.005878448486328125,
    " a (2)": -2.26953125,
    "igu (2)": -0.01277923583984375,
    "ë (2)": 0.0,
    ".\n (5)": -0.0212249755859375,
    "Ré": -7.6796875,
    "ponse": -0.63330078125,
    "(s": -1.4072265625,
    ") (6)": -1.435546875,
    " :": -1.3251953125
  },
  "b c e": {
    "<|begin_of_text|>": 0.0,
    "C": -5.29296875,
    "eci": -9.0078125,
    " est": -0.9716796875,
    " une": -0.5166015625,
    " question": -8.046875,
    " de (1)": -1.298828125,
    " Q": -8.2890625,
    "CM": -2.375,
    " de (2)": -1.95703125,
    " l": -2.5390625,
    "'ex": -1.078125,
    "amen": -0.10601806640625,
    " de (3)": -0.6064453125,
    " pharmac": -10.1015625,
    "ie (1)": -0.90185546875,
    ".": -4.734375,
    " Ré": -4.390625,
    "pond": -1.0419921875,
    "s": -0.45361328125,
    " avec": -5.4765625,
    " la (1)": -1.2724609375,
    " ou (1)": -6.75390625,
    " les": -0.007350921630859375,
    " let": -5.23828125,
    "tres": -0.00048828125,
    " correspond": -0.75439453125,
    "ant": -0.9658203125,
    " à (1)": -1.2490234375,
    " la (2)": -0.3984375,
    " bonne": -2.39453125,
    " réponse": -0.20947265625,
    ".\n\n": -8.8046875,
    "Les": -3.3203125,
    " complications": -6.4375,
    " d": -3.283203125,
    "'une": -1.0263671875,
    " hé (1)": -6.01953125,
    "pat (1)": -2.541015625,
    "ite (1)": -0.14697265625,
    " vir": -1.48828125,
    "ale": -0.00048828125,
    " a (1)": -2.494140625,
    "igu (1)": -0.1396484375,
    "ë (1)": 0.0,
    " peuvent": -1.9541015625,
    " être": -0.97509765625,
    " à (2)": -7.0,
    " plus": -7.20703125,
    " ou (2)": -1.220703125,
    " moins": -0.0009775161743164062,
    " long": -0.38330078125,
    " terme": -0.053131103515625,
    " ": -7.015625,
    ":\n": -0.102783203125,
    "(a": -7.6953125,
    ") (1)": -0.00048828125,
    " Une (1)": -4.48828125,
    " lith": -6.87890625,
    "i": -0.0609130859375,
    "ase": -0.00685882568359375,
    " v": -6.83203125,
    "és": -0.01178741455078125,
    "ic": -0.0122833251953125,
    "ulaire": -0.1856689453125,
    ".\n (1)": -2.0078125,
    "(b": -0.004894256591796875,
    ") (2)": 0.0,
    " Une (2)": -0.28759765625,
    " hé (2)": -2.892578125,
    "pat (2)": -0.10601806640625,
    "ite (2)": -0.409423828125,
    " chron": -0.6640625,
    "ique": -0.002933502197265625,
    ".\n (2)": -0.2113037109375,
    "(c": -0.0009775161743164062,
    ") (3)": 0.0,
    " Un": -1.67578125,
    " cancer": -1.099609375,
    " du": -1.181640625,
    " fo": -0.0723876953125,
    "ie (2)": 0.0,
    ".\n (3)": -0.0297393798828125,
    "(d": -0.01326751708984375,
    ") (4)": 0.0,
    " Une (3)": -0.253662109375,
    " cir": -0.98193359375,
    "rh": -0.002933502197265625,
    "ose": -0.00048828125,
    ".\n (4)": -0.233154296875,
    "(e": -0.08026123046875,
    ") (5)": 0.0,
    " Une (4)": -0.54736328125,
    " panc": -5.37890625,
    "ré": -0.00882720947265625,
    "at": -0.032257080078125,
    "ite (3)": -0.005878448486328125,
    " a (2)": -2.26953125,
    "igu (2)": -0.01277923583984375,
    "ë (2)": 0.0,
    ".\n (5)": -0.0212249755859375,
    "Ré": -7.6796875,
    "ponse": -0.63330078125,
    "(s": -1.4072265625,
    ") (6)": -1.435546875,
    " :": -1.3251953125
  },
  "b d e": {
    "<|begin_of_text|>": 0.0,
    "C": -5.29296875,
    "eci": -9.0078125,
    " est": -0.9716796875,
    " une": -0.5166015625,
    " question": -8.046875,
    " de (1)": -1.298828125,
    " Q": -8.2890625,
    "CM": -2.375,
    " de (2)": -1.95703125,
    " l": -2.5390625,
    "'ex": -1.078125,
    "amen": -0.10601806640625,
    " de (3)": -0.6064453125,
    " pharmac": -10.1015625,
    "ie (1)": -0.90185546875,
    ".": -4.734375,
    " Ré": -4.390625,
    "pond": -1.0419921875,
    "s": -0.45361328125,
    " avec": -5.4765625,
    " la (1)": -1.2724609375,
    " ou (1)": -6.75390625,
    " les": -0.007350921630859375,
    " let": -5.23828125,
    "tres": -0.00048828125,
    " correspond": -0.75439453125,
    "ant": -0.9658203125,
    " à (1)": -1.2490234375,
    " la (2)": -0.3984375,
    " bonne": -2.39453125,
    " réponse": -0.20947265625,
    ".\n\n": -8.8046875,
    "Les": -3.3203125,
    " complications": -6.4375,
    " d": -3.283203125,
    "'une": -1.0263671875,
    " hé (1)": -6.01953125,
    "pat (1)": -2.541015625,
    "ite (1)": -0.14697265625,
    " vir": -1.48828125,
    "ale": -0.00048828125,
    " a (1)": -2.494140625,
    "igu (1)": -0.1396484375,
    "ë (1)": 0.0,
    " peuvent": -1.9541015625,
    " être": -0.97509765625,
    " à (2)": -7.0,
    " plus": -7.20703125,
    " ou (2)": -1.220703125,
    " moins": -0.0009775161743164062,
    " long": -0.38330078125,
    " terme": -0.053131103515625,
    " ": -7.015625,
    ":\n": -0.102783203125,
    "(a": -7.6953125,
    ") (1)": -0.00048828125,
    " Une (1)": -4.48828125,
    " lith": -6.87890625,
    "i": -0.0609130859375,
    "ase": -0.00685882568359375,
    " v": -6.83203125,
    "és": -0.01178741455078125,
    "ic": -0.0122833251953125,
    "ulaire": -0.1856689453125,
    ".\n (1)": -2.0078125,
    "(b": -0.004894256591796875,
    ") (2)": 0.0,
    " Une (2)": -0.28759765625,
    " hé (2)": -2.892578125,
    "pat (2)": -0.10601806640625,
    "ite (2)": -0.409423828125,
    " chron": -0.6640625,
    "ique": -0.002933502197265625,
    ".\n (2)": -0.2113037109375,
    "(c": -0.0009775161743164062,
    ") (3)": 0.0,
    " Un": -1.67578125,
    " cancer": -1.099609375,
    " du": -1.181640625,
    " fo": -0.0723876953125,
    "ie (2)": 0.0,
    ".\n (3)": -0.0297393798828125,
    "(d": -0.01326751708984375,
    ") (4)": 0.0,
    " Une (3)": -0.253662109375,
    " cir": -0.98193359375,
    "rh": -0.002933502197265625,
    "ose": -0.00048828125,
    ".\n (4)": -0.233154296875,
    "(e": -0.08026123046875,
    ") (5)": 0.0,
    " Une (4)": -0.54736328125,
    " panc": -5.37890625,
    "ré": -0.00882720947265625,
    "at": -0.032257080078125,
    "ite (3)": -0.005878448486328125,
    " a (2)": -2.26953125,
    "igu (2)": -0.01277923583984375,
    "ë (2)": 0.0,
    ".\n (5)": -0.0212249755859375,
    "Ré": -7.6796875,
    "ponse": -0.63330078125,
    "(s": -1.4072265625,
    ") (6)": -1.435546875,
    " :": -1.3251953125
  },
  "c d e": {
    "<|begin_of_text|>": 0.0,
    "C": -5.29296875,
    "eci": -9.0078125,
    " est": -0.9716796875,
    " une": -0.5166015625,
    " question": -8.046875,
    " de (1)": -1.298828125,
    " Q": -8.2890625,
    "CM": -2.375,
    " de (2)": -1.95703125,
    " l": -2.5390625,
    "'ex": -1.078125,
    "amen": -0.10601806640625,
    " de (3)": -0.6064453125,
    " pharmac": -10.1015625,
    "ie (1)": -0.90185546875,
    ".": -4.734375,
    " Ré": -4.390625,
    "pond": -1.0419921875,
    "s": -0.45361328125,
    " avec": -5.4765625,
    " la (1)": -1.2724609375,
    " ou (1)": -6.75390625,
    " les": -0.007350921630859375,
    " let": -5.23828125,
    "tres": -0.00048828125,
    " correspond": -0.75439453125,
    "ant": -0.9658203125,
    " à (1)": -1.2490234375,
    " la (2)": -0.3984375,
    " bonne": -2.39453125,
    " réponse": -0.20947265625,
    ".\n\n": -8.8046875,
    "Les": -3.3203125,
    " complications": -6.4375,
    " d": -3.283203125,
    "'une": -1.0263671875,
    " hé (1)": -6.01953125,
    "pat (1)": -2.541015625,
    "ite (1)": -0.14697265625,
    " vir": -1.48828125,
    "ale": -0.00048828125,
    " a (1)": -2.494140625,
    "igu (1)": -0.1396484375,
    "ë (1)": 0.0,
    " peuvent": -1.9541015625,
    " être": -0.97509765625,
    " à (2)": -7.0,
    " plus": -7.20703125,
    " ou (2)": -1.220703125,
    " moins": -0.0009775161743164062,
    " long": -0.38330078125,
    " terme": -0.053131103515625,
    " ": -7.015625,
    ":\n": -0.102783203125,
    "(a": -7.6953125,
    ") (1)": -0.00048828125,
    " Une (1)": -4.48828125,
    " lith": -6.87890625,
    "i": -0.0609130859375,
    "ase": -0.00685882568359375,
    " v": -6.83203125,
    "és": -0.01178741455078125,
    "ic": -0.0122833251953125,
    "ulaire": -0.1856689453125,
    ".\n (1)": -2.0078125,
    "(b": -0.004894256591796875,
    ") (2)": 0.0,
    " Une (2)": -0.28759765625,
    " hé (2)": -2.892578125,
    "pat (2)": -0.10601806640625,
    "ite (2)": -0.409423828125,
    " chron": -0.6640625,
    "ique": -0.002933502197265625,
    ".\n (2)": -0.2113037109375,
    "(c": -0.0009775161743164062,
    ") (3)": 0.0,
    " Un": -1.67578125,
    " cancer": -1.099609375,
    " du": -1.181640625,
    " fo": -0.0723876953125,
    "ie (2)": 0.0,
    ".\n (3)": -0.0297393798828125,
    "(d": -0.01326751708984375,
    ") (4)": 0.0,
    " Une (3)": -0.253662109375,
    " cir": -0.98193359375,
    "rh": -0.002933502197265625,
    "ose": -0.00048828125,
    ".\n (4)": -0.233154296875,
    "(e": -0.08026123046875,
    ") (5)": 0.0,
    " Une (4)": -0.54736328125,
    " panc": -5.37890625,
    "ré": -0.00882720947265625,
    "at": -0.032257080078125,
    "ite (3)": -0.005878448486328125,
    " a (2)": -2.26953125,
    "igu (2)": -0.01277923583984375,
    "ë (2)": 0.0,
    ".\n (5)": -0.0212249755859375,
    "Ré": -7.6796875,
    "ponse": -0.63330078125,
    "(s": -1.4072265625,
    ") (6)": -1.435546875,
    " :": -1.3251953125
  },
  "a b c d": {
    "<|begin_of_text|>": 0.0,
    "C": -5.29296875,
    "eci": -9.0078125,
    " est": -0.9716796875,
    " une": -0.5166015625,
    " question": -8.046875,
    " de (1)": -1.298828125,
    " Q": -8.2890625,
    "CM": -2.375,
    " de (2)": -1.95703125,
    " l": -2.5390625,
    "'ex": -1.078125,
    "amen": -0.10601806640625,
    " de (3)": -0.6064453125,
    " pharmac": -10.1015625,
    "ie (1)": -0.90185546875,
    ".": -4.734375,
    " Ré": -4.390625,
    "pond": -1.0419921875,
    "s": -0.45361328125,
    " avec": -5.4765625,
    " la (1)": -1.2724609375,
    " ou (1)": -6.75390625,
    " les": -0.007350921630859375,
    " let": -5.23828125,
    "tres": -0.00048828125,
    " correspond": -0.75439453125,
    "ant": -0.9658203125,
    " à (1)": -1.2490234375,
    " la (2)": -0.3984375,
    " bonne": -2.39453125,
    " réponse": -0.20947265625,
    ".\n\n": -8.8046875,
    "Les": -3.3203125,
    " complications": -6.4375,
    " d": -3.283203125,
    "'une": -1.0263671875,
    " hé (1)": -6.01953125,
    "pat (1)": -2.541015625,
    "ite (1)": -0.14697265625,
    " vir": -1.48828125,
    "ale": -0.00048828125,
    " a (1)": -2.494140625,
    "igu (1)": -0.1396484375,
    "ë (1)": 0.0,
    " peuvent": -1.9541015625,
    " être": -0.97509765625,
    " à (2)": -7.0,
    " plus": -7.20703125,
    " ou (2)": -1.220703125,
    " moins": -0.0009775161743164062,
    " long": -0.38330078125,
    " terme": -0.053131103515625,
    " ": -7.015625,
    ":\n": -0.102783203125,
    "(a": -7.6953125,
    ") (1)": -0.00048828125,
    " Une (1)": -4.48828125,
    " lith": -6.87890625,
    "i": -0.0609130859375,
    "ase": -0.00685882568359375,
    " v": -6.83203125,
    "és": -0.01178741455078125,
    "ic": -0.0122833251953125,
    "ulaire": -0.1856689453125,
    ".\n (1)": -2.0078125,
    "(b": -0.004894256591796875,
    ") (2)": 0.0,
    " Une (2)": -0.28759765625,
    " hé (2)": -2.892578125,
    "pat (2)": -0.10601806640625,
    "ite (2)": -0.409423828125,
    " chron": -0.6640625,
    "ique": -0.002933502197265625,
    ".\n (2)": -0.2113037109375,
    "(c": -0.0009775161743164062,
    ") (3)": 0.0,
    " Un": -1.67578125,
    " cancer": -1.099609375,
    " du": -1.181640625,
    " fo": -0.0723876953125,
    "ie (2)": 0.0,
    ".\n (3)": -0.0297393798828125,
    "(d": -0.01326751708984375,
    ") (4)": 0.0,
    " Une (3)": -0.253662109375,
    " cir": -0.98193359375,
    "rh": -0.002933502197265625,
    "ose": -0.00048828125,
    ".\n (4)": -0.233154296875,
    "(e": -0.08026123046875,
    ") (5)": 0.0,
    " Une (4)": -0.54736328125,
    " panc": -5.37890625,
    "ré": -0.00882720947265625,
    "at": -0.032257080078125,
    "ite (3)": -0.005878448486328125,
    " a (2)": -2.26953125,
    "igu (2)": -0.01277923583984375,
    "ë (2)": 0.0,
    ".\n (5)": -0.0212249755859375,
    "Ré": -7.6796875,
    "ponse": -0.63330078125,
    "(s": -1.4072265625,
    ") (6)": -1.435546875,
    " :": -1.3251953125
  },
  "a b c e": {
    "<|begin_of_text|>": 0.0,
    "C": -5.29296875,
    "eci": -9.0078125,
    " est": -0.9716796875,
    " une": -0.5166015625,
    " question": -8.046875,
    " de (1)": -1.298828125,
    " Q": -8.2890625,
    "CM": -2.375,
    " de (2)": -1.95703125,
    " l": -2.5390625,
    "'ex": -1.078125,
    "amen": -0.10601806640625,
    " de (3)": -0.6064453125,
    " pharmac": -10.1015625,
    "ie (1)": -0.90185546875,
    ".": -4.734375,
    " Ré": -4.390625,
    "pond": -1.0419921875,
    "s": -0.45361328125,
    " avec": -5.4765625,
    " la (1)": -1.2724609375,
    " ou (1)": -6.75390625,
    " les": -0.007350921630859375,
    " let": -5.23828125,
    "tres": -0.00048828125,
    " correspond": -0.75439453125,
    "ant": -0.9658203125,
    " à (1)": -1.2490234375,
    " la (2)": -0.3984375,
    " bonne": -2.39453125,
    " réponse": -0.20947265625,
    ".\n\n": -8.8046875,
    "Les": -3.3203125,
    " complications": -6.4375,
    " d": -3.283203125,
    "'une": -1.0263671875,
    " hé (1)": -6.01953125,
    "pat (1)": -2.541015625,
    "ite (1)": -0.14697265625,
    " vir": -1.48828125,
    "ale": -0.00048828125,
    " a (1)": -2.494140625,
    "igu (1)": -0.1396484375,
    "ë (1)": 0.0,
    " peuvent": -1.9541015625,
    " être": -0.97509765625,
    " à (2)": -7.0,
    " plus": -7.20703125,
    " ou (2)": -1.220703125,
    " moins": -0.0009775161743164062,
    " long": -0.38330078125,
    " terme": -0.053131103515625,
    " ": -7.015625,
    ":\n": -0.102783203125,
    "(a": -7.6953125,
    ") (1)": -0.00048828125,
    " Une (1)": -4.48828125,
    " lith": -6.87890625,
    "i": -0.0609130859375,
    "ase": -0.00685882568359375,
    " v": -6.83203125,
    "és": -0.01178741455078125,
    "ic": -0.0122833251953125,
    "ulaire": -0.1856689453125,
    ".\n (1)": -2.0078125,
    "(b": -0.004894256591796875,
    ") (2)": 0.0,
    " Une (2)": -0.28759765625,
    " hé (2)": -2.892578125,
    "pat (2)": -0.10601806640625,
    "ite (2)": -0.409423828125,
    " chron": -0.6640625,
    "ique": -0.002933502197265625,
    ".\n (2)": -0.2113037109375,
    "(c": -0.0009775161743164062,
    ") (3)": 0.0,
    " Un": -1.67578125,
    " cancer": -1.099609375,
    " du": -1.181640625,
    " fo": -0.0723876953125,
    "ie (2)": 0.0,
    ".\n (3)": -0.0297393798828125,
    "(d": -0.01326751708984375,
    ") (4)": 0.0,
    " Une (3)": -0.253662109375,
    " cir": -0.98193359375,
    "rh": -0.002933502197265625,
    "ose": -0.00048828125,
    ".\n (4)": -0.233154296875,
    "(e": -0.08026123046875,
    ") (5)": 0.0,
    " Une (4)": -0.54736328125,
    " panc": -5.37890625,
    "ré": -0.00882720947265625,
    "at": -0.032257080078125,
    "ite (3)": -0.005878448486328125,
    " a (2)": -2.26953125,
    "igu (2)": -0.01277923583984375,
    "ë (2)": 0.0,
    ".\n (5)": -0.0212249755859375,
    "Ré": -7.6796875,
    "ponse": -0.63330078125,
    "(s": -1.4072265625,
    ") (6)": -1.435546875,
    " :": -1.3251953125
  },
  "a b d e": {
    "<|begin_of_text|>": 0.0,
    "C": -5.29296875,
    "eci": -9.0078125,
    " est": -0.9716796875,
    " une": -0.5166015625,
    " question": -8.046875,
    " de (1)": -1.298828125,
    " Q": -8.2890625,
    "CM": -2.375,
    " de (2)": -1.95703125,
    " l": -2.5390625,
    "'ex": -1.078125,
    "amen": -0.10601806640625,
    " de (3)": -0.6064453125,
    " pharmac": -10.1015625,
    "ie (1)": -0.90185546875,
    ".": -4.734375,
    " Ré": -4.390625,
    "pond": -1.0419921875,
    "s": -0.45361328125,
    " avec": -5.4765625,
    " la (1)": -1.2724609375,
    " ou (1)": -6.75390625,
    " les": -0.007350921630859375,
    " let": -5.23828125,
    "tres": -0.00048828125,
    " correspond": -0.75439453125,
    "ant": -0.9658203125,
    " à (1)": -1.2490234375,
    " la (2)": -0.3984375,
    " bonne": -2.39453125,
    " réponse": -0.20947265625,
    ".\n\n": -8.8046875,
    "Les": -3.3203125,
    " complications": -6.4375,
    " d": -3.283203125,
    "'une": -1.0263671875,
    " hé (1)": -6.01953125,
    "pat (1)": -2.541015625,
    "ite (1)": -0.14697265625,
    " vir": -1.48828125,
    "ale": -0.00048828125,
    " a (1)": -2.494140625,
    "igu (1)": -0.1396484375,
    "ë (1)": 0.0,
    " peuvent": -1.9541015625,
    " être": -0.97509765625,
    " à (2)": -7.0,
    " plus": -7.20703125,
    " ou (2)": -1.220703125,
    " moins": -0.0009775161743164062,
    " long": -0.38330078125,
    " terme": -0.053131103515625,
    " ": -7.015625,
    ":\n": -0.102783203125,
    "(a": -7.6953125,
    ") (1)": -0.00048828125,
    " Une (1)": -4.48828125,
    " lith": -6.87890625,
    "i": -0.0609130859375,
    "ase": -0.00685882568359375,
    " v": -6.83203125,
    "és": -0.01178741455078125,
    "ic": -0.0122833251953125,
    "ulaire": -0.1856689453125,
    ".\n (1)": -2.0078125,
    "(b": -0.004894256591796875,
    ") (2)": 0.0,
    " Une (2)": -0.28759765625,
    " hé (2)": -2.892578125,
    "pat (2)": -0.10601806640625,
    "ite (2)": -0.409423828125,
    " chron": -0.6640625,
    "ique": -0.002933502197265625,
    ".\n (2)": -0.2113037109375,
    "(c": -0.0009775161743164062,
    ") (3)": 0.0,
    " Un": -1.67578125,
    " cancer": -1.099609375,
    " du": -1.181640625,
    " fo": -0.0723876953125,
    "ie (2)": 0.0,
    ".\n (3)": -0.0297393798828125,
    "(d": -0.01326751708984375,
    ") (4)": 0.0,
    " Une (3)": -0.253662109375,
    " cir": -0.98193359375,
    "rh": -0.002933502197265625,
    "ose": -0.00048828125,
    ".\n (4)": -0.233154296875,
    "(e": -0.08026123046875,
    ") (5)": 0.0,
    " Une (4)": -0.54736328125,
    " panc": -5.37890625,
    "ré": -0.00882720947265625,
    "at": -0.032257080078125,
    "ite (3)": -0.005878448486328125,
    " a (2)": -2.26953125,
    "igu (2)": -0.01277923583984375,
    "ë (2)": 0.0,
    ".\n (5)": -0.0212249755859375,
    "Ré": -7.6796875,
    "ponse": -0.63330078125,
    "(s": -1.4072265625,
    ") (6)": -1.435546875,
    " :": -1.3251953125
  },
  "a c d e": {
    "<|begin_of_text|>": 0.0,
    "C": -5.29296875,
    "eci": -9.0078125,
    " est": -0.9716796875,
    " une": -0.5166015625,
    " question": -8.046875,
    " de (1)": -1.298828125,
    " Q": -8.2890625,
    "CM": -2.375,
    " de (2)": -1.95703125,
    " l": -2.5390625,
    "'ex": -1.078125,
    "amen": -0.10601806640625,
    " de (3)": -0.6064453125,
    " pharmac": -10.1015625,
    "ie (1)": -0.90185546875,
    ".": -4.734375,
    " Ré": -4.390625,
    "pond": -1.0419921875,
    "s": -0.45361328125,
    " avec": -5.4765625,
    " la (1)": -1.2724609375,
    " ou (1)": -6.75390625,
    " les": -0.007350921630859375,
    " let": -5.23828125,
    "tres": -0.00048828125,
    " correspond": -0.75439453125,
    "ant": -0.9658203125,
    " à (1)": -1.2490234375,
    " la (2)": -0.3984375,
    " bonne": -2.39453125,
    " réponse": -0.20947265625,
    ".\n\n": -8.8046875,
    "Les": -3.3203125,
    " complications": -6.4375,
    " d": -3.283203125,
    "'une": -1.0263671875,
    " hé (1)": -6.01953125,
    "pat (1)": -2.541015625,
    "ite (1)": -0.14697265625,
    " vir": -1.48828125,
    "ale": -0.00048828125,
    " a (1)": -2.494140625,
    "igu (1)": -0.1396484375,
    "ë (1)": 0.0,
    " peuvent": -1.9541015625,
    " être": -0.97509765625,
    " à (2)": -7.0,
    " plus": -7.20703125,
    " ou (2)": -1.220703125,
    " moins": -0.0009775161743164062,
    " long": -0.38330078125,
    " terme": -0.053131103515625,
    " ": -7.015625,
    ":\n": -0.102783203125,
    "(a": -7.6953125,
    ") (1)": -0.00048828125,
    " Une (1)": -4.48828125,
    " lith": -6.87890625,
    "i": -0.0609130859375,
    "ase": -0.00685882568359375,
    " v": -6.83203125,
    "és": -0.01178741455078125,
    "ic": -0.0122833251953125,
    "ulaire": -0.1856689453125,
    ".\n (1)": -2.0078125,
    "(b": -0.004894256591796875,
    ") (2)": 0.0,
    " Une (2)": -0.28759765625,
    " hé (2)": -2.892578125,
    "pat (2)": -0.10601806640625,
    "ite (2)": -0.409423828125,
    " chron": -0.6640625,
    "ique": -0.002933502197265625,
    ".\n (2)": -0.2113037109375,
    "(c": -0.0009775161743164062,
    ") (3)": 0.0,
    " Un": -1.67578125,
    " cancer": -1.099609375,
    " du": -1.181640625,
    " fo": -0.0723876953125,
    "ie (2)": 0.0,
    ".\n (3)": -0.0297393798828125,
    "(d": -0.01326751708984375,
    ") (4)": 0.0,
    " Une (3)": -0.253662109375,
    " cir": -0.98193359375,
    "rh": -0.002933502197265625,
    "ose": -0.00048828125,
    ".\n (4)": -0.233154296875,
    "(e": -0.08026123046875,
    ") (5)": 0.0,
    " Une (4)": -0.54736328125,
    " panc": -5.37890625,
    "ré": -0.00882720947265625,
    "at": -0.032257080078125,
    "ite (3)": -0.005878448486328125,
    " a (2)": -2.26953125,
    "igu (2)": -0.01277923583984375,
    "ë (2)": 0.0,
    ".\n (5)": -0.0212249755859375,
    "Ré": -7.6796875,
    "ponse": -0.63330078125,
    "(s": -1.4072265625,
    ") (6)": -1.435546875,
    " :": -1.3251953125
  },
  "b c d e": {
    "<|begin_of_text|>": 0.0,
    "C": -5.29296875,
    "eci": -9.0078125,
    " est": -0.9716796875,
    " une": -0.5166015625,
    " question": -8.046875,
    " de (1)": -1.298828125,
    " Q": -8.2890625,
    "CM": -2.375,
    " de (2)": -1.95703125,
    " l": -2.5390625,
    "'ex": -1.078125,
    "amen": -0.10601806640625,
    " de (3)": -0.6064453125,
    " pharmac": -10.1015625,
    "ie (1)": -0.90185546875,
    ".": -4.734375,
    " Ré": -4.390625,
    "pond": -1.0419921875,
    "s": -0.45361328125,
    " avec": -5.4765625,
    " la (1)": -1.2724609375,
    " ou (1)": -6.75390625,
    " les": -0.007350921630859375,
    " let": -5.23828125,
    "tres": -0.00048828125,
    " correspond": -0.75439453125,
    "ant": -0.9658203125,
    " à (1)": -1.2490234375,
    " la (2)": -0.3984375,
    " bonne": -2.39453125,
    " réponse": -0.20947265625,
    ".\n\n": -8.8046875,
    "Les": -3.3203125,
    " complications": -6.4375,
    " d": -3.283203125,
    "'une": -1.0263671875,
    " hé (1)": -6.01953125,
    "pat (1)": -2.541015625,
    "ite (1)": -0.14697265625,
    " vir": -1.48828125,
    "ale": -0.00048828125,
    " a (1)": -2.494140625,
    "igu (1)": -0.1396484375,
    "ë (1)": 0.0,
    " peuvent": -1.9541015625,
    " être": -0.97509765625,
    " à (2)": -7.0,
    " plus": -7.20703125,
    " ou (2)": -1.220703125,
    " moins": -0.0009775161743164062,
    " long": -0.38330078125,
    " terme": -0.053131103515625,
    " ": -7.015625,
    ":\n": -0.102783203125,
    "(a": -7.6953125,
    ") (1)": -0.00048828125,
    " Une (1)": -4.48828125,
    " lith": -6.87890625,
    "i": -0.0609130859375,
    "ase": -0.00685882568359375,
    " v": -6.83203125,
    "és": -0.01178741455078125,
    "ic": -0.0122833251953125,
    "ulaire": -0.1856689453125,
    ".\n (1)": -2.0078125,
    "(b": -0.004894256591796875,
    ") (2)": 0.0,
    " Une (2)": -0.28759765625,
    " hé (2)": -2.892578125,
    "pat (2)": -0.10601806640625,
    "ite (2)": -0.409423828125,
    " chron": -0.6640625,
    "ique": -0.002933502197265625,
    ".\n (2)": -0.2113037109375,
    "(c": -0.0009775161743164062,
    ") (3)": 0.0,
    " Un": -1.67578125,
    " cancer": -1.099609375,
    " du": -1.181640625,
    " fo": -0.0723876953125,
    "ie (2)": 0.0,
    ".\n (3)": -0.0297393798828125,
    "(d": -0.01326751708984375,
    ") (4)": 0.0,
    " Une (3)": -0.253662109375,
    " cir": -0.98193359375,
    "rh": -0.002933502197265625,
    "ose": -0.00048828125,
    ".\n (4)": -0.233154296875,
    "(e": -0.08026123046875,
    ") (5)": 0.0,
    " Une (4)": -0.54736328125,
    " panc": -5.37890625,
    "ré": -0.00882720947265625,
    "at": -0.032257080078125,
    "ite (3)": -0.005878448486328125,
    " a (2)": -2.26953125,
    "igu (2)": -0.01277923583984375,
    "ë (2)": 0.0,
    ".\n (5)": -0.0212249755859375,
    "Ré": -7.6796875,
    "ponse": -0.63330078125,
    "(s": -1.4072265625,
    ") (6)": -1.435546875,
    " :": -1.3251953125
  },
  "a b c d e": {
    "<|begin_of_text|>": 0.0,
    "C": -5.29296875,
    "eci": -9.0078125,
    " est": -0.9716796875,
    " une": -0.5166015625,
    " question": -8.046875,
    " de (1)": -1.298828125,
    " Q": -8.2890625,
    "CM": -2.375,
    " de (2)": -1.95703125,
    " l": -2.5390625,
    "'ex": -1.078125,
    "amen": -0.10601806640625,
    " de (3)": -0.6064453125,
    " pharmac": -10.1015625,
    "ie (1)": -0.90185546875,
    ".": -4.734375,
    " Ré": -4.390625,
    "pond": -1.0419921875,
    "s": -0.45361328125,
    " avec": -5.4765625,
    " la (1)": -1.2724609375,
    " ou (1)": -6.75390625,
    " les": -0.007350921630859375,
    " let": -5.23828125,
    "tres": -0.00048828125,
    " correspond": -0.75439453125,
    "ant": -0.9658203125,
    " à (1)": -1.2490234375,
    " la (2)": -0.3984375,
    " bonne": -2.39453125,
    " réponse": -0.20947265625,
    ".\n\n": -8.8046875,
    "Les": -3.3203125,
    " complications": -6.4375,
    " d": -3.283203125,
    "'une": -1.0263671875,
    " hé (1)": -6.01953125,
    "pat (1)": -2.541015625,
    "ite (1)": -0.14697265625,
    " vir": -1.48828125,
    "ale": -0.00048828125,
    " a (1)": -2.494140625,
    "igu (1)": -0.1396484375,
    "ë (1)": 0.0,
    " peuvent": -1.9541015625,
    " être": -0.97509765625,
    " à (2)": -7.0,
    " plus": -7.20703125,
    " ou (2)": -1.220703125,
    " moins": -0.0009775161743164062,
    " long": -0.38330078125,
    " terme": -0.053131103515625,
    " ": -7.015625,
    ":\n": -0.102783203125,
    "(a": -7.6953125,
    ") (1)": -0.00048828125,
    " Une (1)": -4.48828125,
    " lith": -6.87890625,
    "i": -0.0609130859375,
    "ase": -0.00685882568359375,
    " v": -6.83203125,
    "és": -0.01178741455078125,
    "ic": -0.0122833251953125,
    "ulaire": -0.1856689453125,
    ".\n (1)": -2.0078125,
    "(b": -0.004894256591796875,
    ") (2)": 0.0,
    " Une (2)": -0.28759765625,
    " hé (2)": -2.892578125,
    "pat (2)": -0.10601806640625,
    "ite (2)": -0.409423828125,
    " chron": -0.6640625,
    "ique": -0.002933502197265625,
    ".\n (2)": -0.2113037109375,
    "(c": -0.0009775161743164062,
    ") (3)": 0.0,
    " Un": -1.67578125,
    " cancer": -1.099609375,
    " du": -1.181640625,
    " fo": -0.0723876953125,
    "ie (2)": 0.0,
    ".\n (3)": -0.0297393798828125,
    "(d": -0.01326751708984375,
    ") (4)": 0.0,
    " Une (3)": -0.253662109375,
    " cir": -0.98193359375,
    "rh": -0.002933502197265625,
    "ose": -0.00048828125,
    ".\n (4)": -0.233154296875,
    "(e": -0.08026123046875,
    ") (5)": 0.0,
    " Une (4)": -0.54736328125,
    " panc": -5.37890625,
    "ré": -0.00882720947265625,
    "at": -0.032257080078125,
    "ite (3)": -0.005878448486328125,
    " a (2)": -2.26953125,
    "igu (2)": -0.01277923583984375,
    "ë (2)": 0.0,
    ".\n (5)": -0.0212249755859375,
    "Ré": -7.6796875,
    "ponse": -0.63330078125,
    "(s": -1.4072265625,
    ") (6)": -1.435546875,
    " :": -1.3251953125
  }
}