{
  "a": {
    "<|begin_of_text|>": 0.0,
    "C": -5.265625,
    "eci": -8.9609375,
    " est": -0.9345703125,
    " une": -0.509765625,
    " question": -7.3046875,
    " de (1)": -1.2099609375,
    " Q": -8.15625,
    "CM": -2.494140625,
    " de (2)": -1.9072265625,
    " l": -2.591796875,
    "'ex": -0.86572265625,
    "amen": -0.318115234375,
    " de (3)": -1.4150390625,
    " pharmac": -9.9375,
    "ie (1)": -0.85546875,
    ".": -4.6875,
    " Ré": -4.55078125,
    "pond": -1.5556640625,
    "s": -0.63525390625,
    " avec": -5.48828125,
    " la (1)": -1.2939453125,
    " ou (1)": -6.65234375,
    " les": -0.0053863525390625,
    " let": -5.0078125,
    "tres": -0.00048828125,
    " correspond": -1.09765625,
    "ant": -0.71044921875,
    " à (1)": -1.2216796875,
    " la (2)": -0.7080078125,
    " bonne": -2.6328125,
    " réponse": -0.144775390625,
    ".\n\n": -7.96875,
    "Les": -3.498046875,
    " complications": -6.7578125,
    " d": -3.162109375,
    "'une": -0.7646484375,
    " hé (1)": -6.03125,
    "pat (1)": -2.0625,
    "ite (1)": -0.1158447265625,
    " vir": -1.3955078125,
    "ale": -0.00048828125,
    " a (1)": -2.390625,
    "igu (1)": -0.09307861328125,
    "ë (1)": 0.0,
    " peuvent": -1.9150390625,
    " être": -0.939453125,
    " à (2)": -6.78125,
    " plus": -6.97265625,
    " ou (2)": -1.5166015625,
    " moins": -0.0014657974243164062,
    " long": -0.31201171875,
    " terme": -0.05780029296875,
    " ": -7.1953125,
    ":\n": -0.092529296875,
    "(a": -7.19140625,
    ") (1)": -0.00048828125,
    " Une (1)": -4.71875,
    " lith": -7.14453125,
    "i": -0.08770751953125,
    "ase": -0.004405975341796875,
    " v": -6.7890625,
    "és": -0.020721435546875,
    "ic": -0.00685882568359375,
    "ulaire": -0.32080078125,
    ".\n (1)": -1.9873046875,
    "(b": -0.004894256591796875,
    ") (2)": 0.0,
    " Une (2)": -0.309326171875,
    " hé (2)": -3.005859375,
    "pat (2)": -0.10223388671875,
    "ite (2)": -0.30810546875,
    " chron": -0.6044921875,
    "ique": -0.0053863525390625,
    ".\n (2)": -0.235107421875,
    "(c": -0.0009775161743164062,
    ") (3)": 0.0,
    " Un": -1.62109375,
    " cancer": -1.017578125,
    " du": -0.96044921875,
    " fo": -0.060394287109375,
    "ie (2)": 0.0,
    ".\n (3)": -0.022216796875,
    "(d": -0.01425933837890625,
    ") (4)": 0.0,
    " Une (3)": -0.237548828125,
    " cir": -0.8525390625,
    "rh": -0.002445220947265625,
    "ose": -0.00048828125,
    ".\n (4)": -0.28173828125,
    "(e": -0.07708740234375,
    ") (5)": 0.0,
    " Une (4)": -0.57275390625,
    " panc": -5.20703125,
    "ré": -0.01080322265625,
    "at": -0.0287322998046875,
    "ite (3)": -0.00685882568359375,
    " a (2)": -2.30859375,
    "igu (2)": -0.0093231201171875,
    "ë (2)": 0.0,
    ".\n (5)": -0.0227203369140625,
    "Ré": -7.171875,
    "ponse": -0.720703125,
    "(s": -1.3095703125,
    ") (6)": -3.07421875,
    " :": -1.01953125
  },
  "b": {
    "<|begin_of_text|>": 0.0,
    "C": -5.29296875,
    "eci": -8.8515625,
    " est": -0.65966796875,
    " une": -0.603515625,
    " question": -8.15625,
    " de (1)": -1.19140625,
    " Q": -8.4296875,
    "CM": -3.037109375,
    " de (2)": -1.861328125,
    " l": -2.701171875,
    "'ex": -0.98876953125,
    "amen": -0.278564453125,
    " de (3)": -1.1650390625,
    " pharmac": -9.65625,
    "ie (1)": -0.6484375,
    ".": -4.4375,
    " Ré": -4.7890625,
    "pond": -1.1904296875,
    "s": -0.478515625,
    " avec": -5.4375,
    " la (1)": -1.3857421875,
    " ou (1)": -6.66015625,
    " les": -0.007843017578125,
    " let": -4.40625,
    "tres": -0.00048828125,
    " correspond": -0.876953125,
    "ant": -0.935546875,
    " à (1)": -1.248046875,
    " la (2)": -0.490478515625,
    " bonne": -2.216796875,
    " réponse": -0.1629638671875,
    ".\n\n": -8.765625,
    "Les": -2.6171875,
    " complications": -6.58203125,
    " d": -3.1875,
    "'une": -0.98291015625,
    " hé (1)": -6.14453125,
    "pat (1)": -1.982421875,
    "ite (1)": -0.1363525390625,
    " vir": -1.2431640625,
    "ale": -0.00048828125,
    " a (1)": -2.712890625,
    "igu (1)": -0.10491943359375,
    "ë (1)": 0.0,
    " peuvent": -1.86328125,
    " être": -0.763671875,
    " à (2)": -6.79296875,
    " plus": -6.46875,
    " ou (2)": -1.3359375,
    " moins": -0.0009775161743164062,
    " long": -0.28369140625,
    " terme": -0.0413818359375,
    " ": -6.94140625,
    ":\n": -0.10546875,
    "(a": -7.01171875,
    ") (1)": -0.00048828125,
    " Une (1)": -4.82421875,
    " lith": -6.953125,
    "i": -0.04034423828125,
    "ase": -0.005878448486328125,
    " v": -6.30859375,
    "és": -0.0122833251953125,
    "ic": -0.01129150390625,
    "ulaire": -0.39404296875,
    ".\n (1)": -1.8564453125,
    "(b": -0.005878448486328125,
    ") (2)": 0.0,
    " Une (2)": -0.31201171875,
    " hé (2)": -2.798828125,
    "pat (2)": -0.12188720703125,
    "ite (2)": -0.3662109375,
    " chron": -0.51318359375,
    "ique": -0.002445220947265625,
    ".\n (2)": -0.1903076171875,
    "(c": -0.0009775161743164062,
    ") (3)": 0.0,
    " Un": -1.587890625,
    " cancer": -0.99658203125,
    " du": -1.1025390625,
    " fo": -0.05780029296875,
    "ie (2)": -0.00048828125,
    ".\n (3)": -0.0242156982421875,
    "(d": -0.01277923583984375,
    ") (4)": 0.0,
    " Une (3)": -0.255126953125,
    " cir": -1.0498046875,
    "rh": -0.0019550323486328125,
    "ose": -0.00048828125,
    ".\n (4)": -0.279296875,
    "(e": -0.07867431640625,
    ") (5)": 0.0,
    " Une (4)": -0.5634765625,
    " panc": -5.23828125,
    "ré": -0.004894256591796875,
    "at": -0.040863037109375,
    "ite (3)": -0.005878448486328125,
    " a (2)": -2.1328125,
    "igu (2)": -0.01326751708984375,
    "ë (2)": 0.0,
    ".\n (5)": -0.0202178955078125,
    "Ré": -7.44921875,
    "ponse": -0.63818359375,
    "(s": -0.9169921875,
    ") (6)": -2.505859375,
    " :": -1.0390625
  },
  "c": {
    "<|begin_of_text|>": 0.0,
    "C": -5.25390625,
    "eci": -8.875,
    " est": -0.8583984375,
    " une": -0.476318359375,
    " question": -8.234375,
    " de (1)": -0.80859375,
    " Q": -8.2890625,
    "CM": -2.966796875,
    " de (2)": -1.69140625,
    " l": -2.720703125,
    "'ex": -1.0869140625,
    "amen": -0.20703125,
    " de (3)": -1.4443359375,
    " pharmac": -10.21875,
    "ie (1)": -0.822265625,
    ".": -4.78515625,
    " Ré": -4.58203125,
    "pond": -1.4267578125,
    "s": -0.74365234375,
    " avec": -5.62890625,
    " la (1)": -1.4228515625,
    " ou (1)": -6.484375,
    " les": -0.005878448486328125,
    " let": -4.484375,
    "tres": -0.00048828125,
    " correspond": -0.95263671875,
    "ant": -0.736328125,
    " à (1)": -1.33984375,
    " la (2)": -0.5380859375,
    " bonne": -2.560546875,
    " réponse": -0.148681640625,
    ".\n\n": -8.4921875,
    "Les": -3.6953125,
    " complications": -6.703125,
    " d": -3.087890625,
    "'une": -0.80810546875,
    " hé (1)": -6.22265625,
    "pat (1)": -2.095703125,
    "ite (1)": -0.0692138671875,
    " vir": -1.1884765625,
    "ale": -0.00048828125,
    " a (1)": -2.70703125,
    "igu (1)": -0.165283203125,
    "ë (1)": 0.0,
    " peuvent": -2.083984375,
    " être": -1.08984375,
    " à (2)": -6.80859375,
    " plus": -6.93359375,
    " ou (2)": -1.5166015625,
    " moins": -0.0019550323486328125,
    " long": -0.400634765625,
    " terme": -0.055206298828125,
    " ": -7.734375,
    ":\n": -0.112548828125,
    "(a": -6.78515625,
    ") (1)": -0.00048828125,
    " Une (1)": -4.72265625,
    " lith": -7.08203125,
    "i": -0.036285400390625,
    "ase": -0.0093231201171875,
    " v": -6.3828125,
    "és": -0.0197296142578125,
    "ic": -0.0053863525390625,
    "ulaire": -0.326904296875,
    ".\n (1)": -2.15625,
    "(b": -0.00391387939453125,
    ") (2)": 0.0,
    " Une (2)": -0.32470703125,
    " hé (2)": -3.12109375,
    "pat (2)": -0.1396484375,
    "ite (2)": -0.2064208984375,
    " chron": -0.6669921875,
    "ique": -0.01425933837890625,
    ".\n (2)": -0.2197265625,
    "(c": -0.0009775161743164062,
    ") (3)": 0.0,
    " Un": -1.5693359375,
    " cancer": -0.8828125,
    " du": -1.109375,
    " fo": -0.06195068359375,
    "ie (2)": 0.0,
    ".\n (3)": -0.0242156982421875,
    "(d": -0.0182342529296875,
    ") (4)": 0.0,
    " Une (3)": -0.26513671875,
    " cir": -0.97216796875,
    "rh": -0.002933502197265625,
    "ose": -0.00048828125,
    ".\n (4)": -0.297607421875,
    "(e": -0.0634765625,
    ") (5)": 0.0,
    " Une (4)": -0.54541015625,
    " panc": -5.296875,
    "ré": -0.0197296142578125,
    "at": -0.0217132568359375,
    "ite (3)": -0.005878448486328125,
    " a (2)": -1.826171875,
    "igu (2)": -0.0098114013671875,
    "ë (2)": 0.0,
    ".\n (5)": -0.0212249755859375,
    "Ré": -7.56640625,
    "ponse": -0.6982421875,
    "(s": -1.64453125,
    ") (6)": -2.0859375,
    " :": -1.7705078125
  },
  "d": {
    "<|begin_of_text|>": 0.0,
    "C": -5.26953125,
    "eci": -9.0234375,
    " est": -0.9208984375,
    " une": -0.5771484375,
    " question": -8.1796875,
    " de (1)": -2.123046875,
    " Q": -8.1328125,
    "CM": -2.73046875,
    " de (2)": -1.8916015625,
    " l": -2.708984375,
    "'ex": -1.046875,
    "amen": -0.29345703125,
    " de (3)": -0.71630859375,
    " pharmac": -9.7578125,
    "ie (1)": -0.91552734375,
    ".": -4.6015625,
    " Ré": -5.046875,
    "pond": -1.3232421875,
    "s": -0.54052734375,
    " avec": -5.296875,
    " la (1)": -1.2607421875,
    " ou (1)": -6.8359375,
    " les": -0.00685882568359375,
    " let": -5.10546875,
    "tres": -0.00048828125,
    " correspond": -0.93310546875,
    "ant": -0.79638671875,
    " à (1)": -1.2333984375,
    " la (2)": -0.51318359375,
    " bonne": -2.431640625,
    " réponse": -0.150390625,
    ".\n\n": -8.703125,
    "Les": -2.72265625,
    " complications": -6.58203125,
    " d": -3.18359375,
    "'une": -0.8994140625,
    " hé (1)": -6.07421875,
    "pat (1)": -1.8076171875,
    "ite (1)": -0.2052001953125,
    " vir": -1.291015625,
    "ale": 0.0,
    " a (1)": -2.861328125,
    "igu (1)": -0.10870361328125,
    "ë (1)": 0.0,
    " peuvent": -1.90625,
    " être": -0.6904296875,
    " à (2)": -6.6328125,
    " plus": -6.671875,
    " ou (2)": -1.021484375,
    " moins": -0.0014657974243164062,
    " long": -0.2142333984375,
    " terme": -0.040863037109375,
    " ": -6.92578125,
    ":\n": -0.09197998046875,
    "(a": -6.91796875,
    ") (1)": -0.00048828125,
    " Une (1)": -4.89453125,
    " lith": -7.2578125,
    "i": -0.060394287109375,
    "ase": -0.00882720947265625,
    " v": -6.5078125,
    "és": -0.007843017578125,
    "ic": -0.01080322265625,
    "ulaire": -0.4072265625,
    ".\n (1)": -1.8359375,
    "(b": -0.004894256591796875,
    ") (2)": 0.0,
    " Une (2)": -0.323486328125,
    " hé (2)": -3.03125,
    "pat (2)": -0.10113525390625,
    "ite (2)": -0.400634765625,
    " chron": -0.53955078125,
    "ique": -0.00391387939453125,
    ".\n (2)": -0.1968994140625,
    "(c": -0.00048828125,
    ") (3)": 0.0,
    " Un": -1.53515625,
    " cancer": -1.138671875,
    " du": -1.1572265625,
    " fo": -0.06402587890625,
    "ie (2)": 0.0,
    ".\n (3)": -0.0242156982421875,
    "(d": -0.01525115966796875,
    ") (4)": 0.0,
    " Une (3)": -0.272216796875,
    " cir": -1.0380859375,
    "rh": -0.002445220947265625,
    "ose": -0.00048828125,
    ".\n (4)": -0.26904296875,
    "(e": -0.07818603515625,
    ") (5)": 0.0,
    " Une (4)": -0.5205078125,
    " panc": -5.26171875,
    "ré": -0.00882720947265625,
    "at": -0.030242919921875,
    "ite (3)": -0.006366729736328125,
    " a (2)": -2.345703125,
    "igu (2)": -0.00882720947265625,
    "ë (2)": 0.0,
    ".\n (5)": -0.0212249755859375,
    "Ré": -7.31640625,
    "ponse": -0.7568359375,
    "(s": -1.4169921875,
    ") (6)": -1.9775390625,
    " :": -0.88720703125
  },
  "e": {
    "<|begin_of_text|>": 0.0,
    "C": -5.27734375,
    "eci": -8.859375,
    " est": -0.84716796875,
    " une": -0.57373046875,
    " question": -8.25,
    " de (1)": -1.0390625,
    " Q": -8.171875,
    "CM": -1.8232421875,
    " de (2)": -1.8720703125,
    " l": -2.771484375,
    "'ex": -0.98095703125,
    "amen": -0.2034912109375,
    " de (3)": -0.98681640625,
    " pharmac": -9.6484375,
    "ie (1)": -0.703125,
    ".": -4.703125,
    " Ré": -5.0234375,
    "pond": -1.2265625,
    "s": -0.5859375,
    " avec": -5.25390625,
    " la (1)": -1.5771484375,
    " ou (1)": -6.765625,
    " les": -0.0093231201171875,
    " let": -4.9765625,
    "tres": -0.00048828125,
    " correspond": -1.1103515625,
    "ant": -0.8408203125,
    " à (1)": -1.177734375,
    " la (2)": -0.50244140625,
    " bonne": -2.234375,
    " réponse": -0.1385498046875,
    ".\n\n": -8.46875,
    "Les": -2.90234375,
    " complications": -6.98046875,
    " d": -3.1875,
    "'une": -0.97802734375,
    " hé (1)": -6.02734375,
    "pat (1)": -1.611328125,
    "ite (1)": -0.1944580078125,
    " vir": -1.2685546875,
    "ale": -0.00048828125,
    " a (1)": -2.89453125,
    "igu (1)": -0.09954833984375,
    "ë (1)": 0.0,
    " peuvent": -1.69921875,
    " être": -0.71728515625,
    " à (2)": -6.62109375,
    " plus": -7.015625,
    " ou (2)": -0.744140625,
    " moins": -0.0009775161743164062,
    " long": -0.233154296875,
    " terme": -0.053131103515625,
    " ": -7.49609375,
    ":\n": -0.10382080078125,
    "(a": -7.21875,
    ") (1)": -0.00048828125,
    " Une (1)": -5.16796875,
    " lith": -6.76953125,
    "i": -0.037811279296875,
    "ase": -0.007843017578125,
    " v": -6.625,
    "és": -0.00882720947265625,
    "ic": -0.01129150390625,
    "ulaire": -0.296142578125,
    ".\n (1)": -2.107421875,
    "(b": -0.004405975341796875,
    ") (2)": 0.0,
    " Une (2)": -0.326904296875,
    " hé (2)": -3.21484375,
    "pat (2)": -0.10601806640625,
    "ite (2)": -0.359130859375,
    " chron": -0.58935546875,
    "ique": -0.002933502197265625,
    ".\n (2)": -0.180908203125,
    "(c": -0.0009775161743164062,
    ") (3)": 0.0,
    " Un": -1.861328125,
    " cancer": -1.10546875,
    " du": -1.1962890625,
    " fo": -0.06976318359375,
    "ie (2)": 0.0,
    ".\n (3)": -0.0242156982421875,
    "(d": -0.01129150390625,
    ") (4)": 0.0,
    " Une (3)": -0.2113037109375,
    " cir": -0.921875,
    "rh": -0.004405975341796875,
    "ose": -0.00048828125,
    ".\n (4)": -0.320068359375,
    "(e": -0.06195068359375,
    ") (5)": 0.0,
    " Une (4)": -0.5166015625,
    " panc": -5.51171875,
    "ré": -0.0053863525390625,
    "at": -0.03680419921875,
    "ite (3)": -0.0053863525390625,
    " a (2)": -2.11328125,
    "igu (2)": -0.0093231201171875,
    "ë (2)": 0.0,
    ".\n (5)": -0.0257110595703125,
    "Ré": -8.0390625,
    "ponse": -0.888671875,
    "(s": -1.5986328125,
    ") (6)": -3.0625,
    " :": -1.0625
  },
  "a b": {
    "<|begin_of_text|>": 0.0,
    "C": -5.27734375,
    "eci": -8.9765625,
    " est": -0.7822265625,
    " une": -0.40869140625,
    " question": -7.6640625,
    " de (1)": -0.69384765625,
    " Q": -8.1875,
    "CM": -2.6640625,
    " de (2)": -1.94140625,
    " l": -2.662109375,
    "'ex": -0.9482421875,
    "amen": -0.322021484375,
    " de (3)": -1.12890625,
    " pharmac": -9.484375,
    "ie (1)": -0.71875,
    ".": -5.0859375,
    " Ré": -4.34375,
    "pond": -1.5791015625,
    "s": -0.74462890625,
    " avec": -5.47265625,
    " la (1)": -1.28515625,
    " ou (1)": -6.80078125,
    " les": -0.004405975341796875,
    " let": -4.484375,
    "tres": 0.0,
    " correspond": -0.94140625,
    "ant": -0.7412109375,
    " à (1)": -1.35546875,
    " la (2)": -0.57861328125,
    " bonne": -2.509765625,
    " réponse": -0.1514892578125,
    ".\n\n": -7.359375,
    "Les": -2.98828125,
    " complications": -6.37109375,
    " d": -3.216796875,
    "'une": -0.884765625,
    " hé (1)": -6.00390625,
    "pat (1)": -3.21484375,
    "ite (1)": -0.07659912109375,
    " vir": -1.3408203125,
    "ale": 0.0,
    " a (1)": -2.5,
    "igu (1)": -0.129638671875,
    "ë (1)": 0.0,
    " peuvent": -1.9560546875,
    " être": -1.0234375,
    " à (2)": -6.8671875,
    " plus": -6.96875,
    " ou (2)": -1.287109375,
    " moins": -0.0009775161743164062,
    " long": -0.27099609375,
    " terme": -0.0609130859375,
    " ": -7.11328125,
    ":\n": -0.09197998046875,
    "(a": -6.39453125,
    ") (1)": -0.00048828125,
    " Une (1)": -4.921875,
    " lith": -7.0390625,
    "i": -0.042388916015625,
    "ase": -0.0053863525390625,
    " v": -6.43359375,
    "és": -0.020721435546875,
    "ic": -0.01277923583984375,
    "ulaire": -0.36474609375,
    ".\n (1)": -2.1328125,
    "(b": -0.00391387939453125,
    ") (2)": 0.0,
    " Une (2)": -0.275390625,
    " hé (2)": -3.005859375,
    "pat (2)": -0.10711669921875,
    "ite (2)": -0.4189453125,
    " chron": -0.91943359375,
    "ique": -0.0093231201171875,
    ".\n (2)": -0.1885986328125,
    "(c": -0.0009775161743164062,
    ") (3)": 0.0,
    " Un": -1.75390625,
    " cancer": -1.029296875,
    " du": -1.185546875,
    " fo": -0.05987548828125,
    "ie (2)": 0.0,
    ".\n (3)": -0.0227203369140625,
    "(d": -0.01178741455078125,
    ") (4)": 0.0,
    " Une (3)": -0.2252197265625,
    " cir": -0.9326171875,
    "rh": -0.0019550323486328125,
    "ose": -0.00048828125,
    ".\n (4)": -0.21728515625,
    "(e": -0.08770751953125,
    ") (5)": 0.0,
    " Une (4)": -0.671875,
    " panc": -5.234375,
    "ré": -0.01030731201171875,
    "at": -0.023712158203125,
    "ite (3)": -0.0053863525390625,
    " a (2)": -1.9306640625,
    "igu (2)": -0.0093231201171875,
    "ë (2)": 0.0,
    ".\n (5)": -0.0202178955078125,
    "Ré": -6.8828125,
    "ponse": -1.2568359375,
    "(s": -1.1318359375,
    ") (6)": -2.119140625,
    " :": -1.2353515625
  },
  "a c": {
    "<|begin_of_text|>": 0.0,
    "C": -5.265625,
    "eci": -9.1875,
    " est": -0.66259765625,
    " une": -0.488037109375,
    " question": -7.765625,
    " de (1)": -1.14453125,
    " Q": -8.078125,
    "CM": -2.306640625,
    " de (2)": -2.162109375,
    " l": -2.79296875,
    "'ex": -1.0478515625,
    "amen": -0.4453125,
    " de (3)": -1.404296875,
    " pharmac": -9.3359375,
    "ie (1)": -0.83203125,
    ".": -5.15234375,
    " Ré": -4.54296875,
    "pond": -1.6630859375,
    "s": -0.73583984375,
    " avec": -5.171875,
    " la (1)": -1.4970703125,
    " ou (1)": -7.03125,
    " les": -0.00685882568359375,
    " let": -4.68359375,
    "tres": -0.00048828125,
    " correspond": -1.1640625,
    "ant": -0.87548828125,
    " à (1)": -1.2275390625,
    " la (2)": -0.576171875,
    " bonne": -2.69921875,
    " réponse": -0.1544189453125,
    ".\n\n": -8.1796875,
    "Les": -3.685546875,
    " complications": -6.89453125,
    " d": -2.96875,
    "'une": -0.8701171875,
    " hé (1)": -6.1015625,
    "pat (1)": -2.80859375,
    "ite (1)": -0.140869140625,
    " vir": -1.3056640625,
    "ale": -0.00048828125,
    " a (1)": -2.908203125,
    "igu (1)": -0.2587890625,
    "ë (1)": 0.0,
    " peuvent": -1.955078125,
    " être": -0.96923828125,
    " à (2)": -6.67578125,
    " plus": -7.36328125,
    " ou (2)": -1.515625,
    " moins": -0.0014657974243164062,
    " long": -0.343994140625,
    " terme": -0.056243896484375,
    " ": -7.34375,
    ":\n": -0.1016845703125,
    "(a": -6.8984375,
    ") (1)": -0.00048828125,
    " Une (1)": -4.69140625,
    " lith": -6.78515625,
    "i": -0.0212249755859375,
    "ase": -0.00833892822265625,
    " v": -6.21875,
    "és": -0.013763427734375,
    "ic": -0.007843017578125,
    "ulaire": -0.26953125,
    ".\n (1)": -1.990234375,
    "(b": -0.004405975341796875,
    ") (2)": 0.0,
    " Une (2)": -0.31201171875,
    " hé (2)": -2.791015625,
    "pat (2)": -0.052642822265625,
    "ite (2)": -0.2191162109375,
    " chron": -0.70458984375,
    "ique": -0.007350921630859375,
    ".\n (2)": -0.2215576171875,
    "(c": -0.0009775161743164062,
    ") (3)": 0.0,
    " Un": -1.5556640625,
    " cancer": -1.1484375,
    " du": -1.234375,
    " fo": -0.080810546875,
    "ie (2)": 0.0,
    ".\n (3)": -0.026214599609375,
    "(d": -0.01326751708984375,
    ") (4)": 0.0,
    " Une (3)": -0.2276611328125,
    " cir": -0.748046875,
    "rh": -0.0034236907958984375,
    "ose": -0.00048828125,
    ".\n (4)": -0.2344970703125,
    "(e": -0.073974609375,
    ") (5)": 0.0,
    " Une (4)": -0.57958984375,
    " panc": -5.29296875,
    "ré": -0.01129150390625,
    "at": -0.0227203369140625,
    "ite (3)": -0.007843017578125,
    " a (2)": -1.7177734375,
    "igu (2)": -0.0093231201171875,
    "ë (2)": 0.0,
    ".\n (5)": -0.01922607421875,
    "Ré": -7.09375,
    "ponse": -0.775390625,
    "(s": -1.5078125,
    ") (6)": -0.90478515625,
    " :": -1.509765625
  },
  "a d": {
    "<|begin_of_text|>": 0.0,
    "C": -5.28515625,
    "eci": -8.875,
    " est": -0.81396484375,
    " une": -0.515625,
    " question": -7.75390625,
    " de (1)": -1.29296875,
    " Q": -8.2734375,
    "CM": -2.94140625,
    " de (2)": -1.75,
    " l": -2.5859375,
    "'ex": -0.734375,
    "amen": -0.402099609375,
    " de (3)": -1.119140625,
    " pharmac": -9.9921875,
    "ie (1)": -0.79296875,
    ".": -5.12109375,
    " Ré": -4.66015625,
    "pond": -1.578125,
    "s": -0.2437744140625,
    " avec": -5.22265625,
    " la (1)": -1.3896484375,
    " ou (1)": -7.1015625,
    " les": -0.004894256591796875,
    " let": -4.14453125,
    "tres": -0.00048828125,
    " correspond": -1.072265625,
    "ant": -1.009765625,
    " à (1)": -1.404296875,
    " la (2)": -0.61083984375,
    " bonne": -2.341796875,
    " réponse": -0.1663818359375,
    ".\n\n": -8.4921875,
    "Les": -3.236328125,
    " complications": -6.9375,
    " d": -3.29296875,
    "'une": -0.80615234375,
    " hé (1)": -5.890625,
    "pat (1)": -2.517578125,
    "ite (1)": -0.165283203125,
    " vir": -1.3505859375,
    "ale": -0.00048828125,
    " a (1)": -2.763671875,
    "igu (1)": -0.10980224609375,
    "ë (1)": 0.0,
    " peuvent": -1.71875,
    " être": -0.873046875,
    " à (2)": -6.8984375,
    " plus": -6.39453125,
    " ou (2)": -1.5029296875,
    " moins": -0.0014657974243164062,
    " long": -0.278564453125,
    " terme": -0.07867431640625,
    " ": -6.78515625,
    ":\n": -0.0914306640625,
    "(a": -6.83203125,
    ") (1)": -0.00048828125,
    " Une (1)": -4.71484375,
    " lith": -6.75,
    "i": -0.0277252197265625,
    "ase": -0.007350921630859375,
    " v": -6.21875,
    "és": -0.01129150390625,
    "ic": -0.0034236907958984375,
    "ulaire": -0.28515625,
    ".\n (1)": -1.990234375,
    "(b": -0.004405975341796875,
    ") (2)": 0.0,
    " Une (2)": -0.36767578125,
    " hé (2)": -3.1171875,
    "pat (2)": -0.125732421875,
    "ite (2)": -0.284423828125,
    " chron": -0.481689453125,
    "ique": -0.006366729736328125,
    ".\n (2)": -0.2264404296875,
    "(c": -0.0009775161743164062,
    ") (3)": 0.0,
    " Un": -1.5703125,
    " cancer": -0.86376953125,
    " du": -1.1865234375,
    " fo": -0.0634765625,
    "ie (2)": 0.0,
    ".\n (3)": -0.0267181396484375,
    "(d": -0.01922607421875,
    ") (4)": 0.0,
    " Une (3)": -0.25244140625,
    " cir": -0.9208984375,
    "rh": -0.0019550323486328125,
    "ose": -0.00048828125,
    ".\n (4)": -0.299560546875,
    "(e": -0.0850830078125,
    ") (5)": 0.0,
    " Une (4)": -0.5751953125,
    " panc": -5.50390625,
    "ré": -0.007350921630859375,
    "at": -0.0227203369140625,
    "ite (3)": -0.00685882568359375,
    " a (2)": -2.068359375,
    "igu (2)": -0.01525115966796875,
    "ë (2)": 0.0,
    ".\n (5)": -0.023223876953125,
    "Ré": -6.9296875,
    "ponse": -1.0478515625,
    "(s": -1.083984375,
    ") (6)": -2.556640625,
    " :": -1.3095703125
  },
  "a e": {
    "<|begin_of_text|>": 0.0,
    "C": -5.24609375,
    "eci": -9.0625,
    " est": -0.8173828125,
    " une": -0.468505859375,
    " question": -7.83203125,
    " de (1)": -0.7041015625,
    " Q": -8.46875,
    "CM": -2.248046875,
    " de (2)": -1.9423828125,
    " l": -2.787109375,
    "'ex": -0.91064453125,
    "amen": -0.38671875,
    " de (3)": -1.1904296875,
    " pharmac": -9.78125,
    "ie (1)": -0.6181640625,
    ".": -4.62890625,
    " Ré": -4.41015625,
    "pond": -1.6748046875,
    "s": -0.3515625,
    " avec": -5.5625,
    " la (1)": -1.3876953125,
    " ou (1)": -6.05859375,
    " les": -0.005878448486328125,
    " let": -3.845703125,
    "tres": -0.00048828125,
    " correspond": -1.150390625,
    "ant": -0.69482421875,
    " à (1)": -1.0810546875,
    " la (2)": -0.5361328125,
    " bonne": -2.607421875,
    " réponse": -0.148681640625,
    ".\n\n": -8.0078125,
    "Les": -3.2421875,
    " complications": -6.77734375,
    " d": -3.140625,
    "'une": -1.0400390625,
    " hé (1)": -6.07421875,
    "pat (1)": -1.798828125,
    "ite (1)": -0.107666015625,
    " vir": -1.419921875,
    "ale": 0.0,
    " a (1)": -2.634765625,
    "igu (1)": -0.11859130859375,
    "ë (1)": 0.0,
    " peuvent": -1.8076171875,
    " être": -0.90087890625,
    " à (2)": -6.8046875,
    " plus": -7.51171875,
    " ou (2)": -1.345703125,
    " moins": -0.0009775161743164062,
    " long": -0.3193359375,
    " terme": -0.0609130859375,
    " ": -7.21875,
    ":\n": -0.1136474609375,
    "(a": -6.84765625,
    ") (1)": -0.00048828125,
    " Une (1)": -4.921875,
    " lith": -6.92578125,
    "i": -0.058837890625,
    "ase": -0.00833892822265625,
    " v": -6.4296875,
    "és": -0.0307464599609375,
    "ic": -0.0122833251953125,
    "ulaire": -0.357177734375,
    ".\n (1)": -2.126953125,
    "(b": -0.004405975341796875,
    ") (2)": 0.0,
    " Une (2)": -0.302001953125,
    " hé (2)": -2.96875,
    "pat (2)": -0.13916015625,
    "ite (2)": -0.2052001953125,
    " chron": -0.61865234375,
    "ique": -0.007350921630859375,
    ".\n (2)": -0.2034912109375,
    "(c": -0.0009775161743164062,
    ") (3)": 0.0,
    " Un": -1.66796875,
    " cancer": -1.0185546875,
    " du": -0.95556640625,
    " fo": -0.049560546875,
    "ie (2)": 0.0,
    ".\n (3)": -0.02471923828125,
    "(d": -0.01277923583984375,
    ") (4)": 0.0,
    " Une (3)": -0.2393798828125,
    " cir": -0.9931640625,
    "rh": -0.0014657974243164062,
    "ose": -0.00048828125,
    ".\n (4)": -0.2381591796875,
    "(e": -0.08135986328125,
    ") (5)": 0.0,
    " Une (4)": -0.63720703125,
    " panc": -5.0703125,
    "ré": -0.01425933837890625,
    "at": -0.02471923828125,
    "ite (3)": -0.006366729736328125,
    " a (2)": -1.693359375,
    "igu (2)": -0.0093231201171875,
    "ë (2)": 0.0,
    ".\n (5)": -0.0202178955078125,
    "Ré": -6.75,
    "ponse": -0.96484375,
    "(s": -1.4765625,
    ") (6)": -1.5185546875,
    " :": -1.48046875
  },
  "b c": {
    "<|begin_of_text|>": 0.0,
    "C": -5.28515625,
    "eci": -8.953125,
    " est": -1.0078125,
    " une": -0.62353515625,
    " question": -7.43359375,
    " de (1)": -1.267578125,
    " Q": -8.09375,
    "CM": -2.044921875,
    " de (2)": -1.880859375,
    " l": -2.67578125,
    "'ex": -0.95068359375,
    "amen": -0.3173828125,
    " de (3)": -1.1123046875,
    " pharmac": -9.421875,
    "ie (1)": -0.74267578125,
    ".": -3.984375,
    " Ré": -4.76953125,
    "pond": -1.25,
    "s": -0.405029296875,
    " avec": -5.13671875,
    " la (1)": -1.365234375,
    " ou (1)": -6.578125,
    " les": -0.0053863525390625,
    " let": -4.75390625,
    "tres": -0.00048828125,
    " correspond": -1.021484375,
    "ant": -0.93310546875,
    " à (1)": -0.95947265625,
    " la (2)": -0.59716796875,
    " bonne": -2.810546875,
    " réponse": -0.177978515625,
    ".\n\n": -9.015625,
    "Les": -2.818359375,
    " complications": -6.71484375,
    " d": -3.2734375,
    "'une": -0.888671875,
    " hé (1)": -5.9921875,
    "pat (1)": -2.49609375,
    "ite (1)": -0.0941162109375,
    " vir": -1.115234375,
    "ale": -0.00048828125,
    " a (1)": -2.564453125,
    "igu (1)": -0.11309814453125,
    "ë (1)": 0.0,
    " peuvent": -1.8203125,
    " être": -0.8115234375,
    " à (2)": -6.7890625,
    " plus": -7.08984375,
    " ou (2)": -1.1630859375,
    " moins": -0.0009775161743164062,
    " long": -0.1962890625,
    " terme": -0.058319091796875,
    " ": -6.953125,
    ":\n": -0.0936279296875,
    "(a": -7.07421875,
    ") (1)": -0.00048828125,
    " Une (1)": -4.97265625,
    " lith": -6.625,
    "i": -0.06298828125,
    "ase": -0.01277923583984375,
    " v": -6.39453125,
    "és": -0.01080322265625,
    "ic": -0.01030731201171875,
    "ulaire": -0.2325439453125,
    ".\n (1)": -2.19140625,
    "(b": -0.004894256591796875,
    ") (2)": 0.0,
    " Une (2)": -0.357177734375,
    " hé (2)": -3.185546875,
    "pat (2)": -0.073974609375,
    "ite (2)": -0.352294921875,
    " chron": -0.5302734375,
    "ique": -0.005878448486328125,
    ".\n (2)": -0.1798095703125,
    "(c": -0.0009775161743164062,
    ") (3)": 0.0,
    " Un": -1.6767578125,
    " cancer": -1.150390625,
    " du": -1.3427734375,
    " fo": -0.048004150390625,
    "ie (2)": 0.0,
    ".\n (3)": -0.02471923828125,
    "(d": -0.0157470703125,
    ") (4)": 0.0,
    " Une (3)": -0.257568359375,
    " cir": -0.86572265625,
    "rh": -0.0034236907958984375,
    "ose": 0.0,
    ".\n (4)": -0.326904296875,
    "(e": -0.06195068359375,
    ") (5)": 0.0,
    " Une (4)": -0.48486328125,
    " panc": -5.22265625,
    "ré": -0.0122833251953125,
    "at": -0.020721435546875,
    "ite (3)": -0.004894256591796875,
    " a (2)": -1.9462890625,
    "igu (2)": -0.00685882568359375,
    "ë (2)": 0.0,
    ".\n (5)": -0.023223876953125,
    "Ré": -7.15625,
    "ponse": -0.7705078125,
    "(s": -1.1455078125,
    ") (6)": -3.244140625,
    " :": -1.1318359375
  },
  "b d": {
    "<|begin_of_text|>": 0.0,
    "C": -5.2734375,
    "eci": -8.8828125,
    " est": -0.80712890625,
    " une": -0.61865234375,
    " question": -7.41015625,
    " de (1)": -2.2109375,
    " Q": -8.2109375,
    "CM": -2.169921875,
    " de (2)": -1.927734375,
    " l": -2.861328125,
    "'ex": -1.05078125,
    "amen": -0.4560546875,
    " de (3)": -0.64990234375,
    " pharmac": -9.6328125,
    "ie (1)": -0.7841796875,
    ".": -4.109375,
    " Ré": -4.9765625,
    "pond": -1.4267578125,
    "s": -0.59375,
    " avec": -5.45703125,
    " la (1)": -1.4990234375,
    " ou (1)": -6.6484375,
    " les": -0.006366729736328125,
    " let": -5.3359375,
    "tres": -0.00048828125,
    " correspond": -1.02734375,
    "ant": -0.66796875,
    " à (1)": -1.0703125,
    " la (2)": -0.466796875,
    " bonne": -1.9013671875,
    " réponse": -0.148681640625,
    ".\n\n": -8.484375,
    "Les": -2.744140625,
    " complications": -6.8359375,
    " d": -3.166015625,
    "'une": -1.0009765625,
    " hé (1)": -6.125,
    "pat (1)": -2.755859375,
    "ite (1)": -0.17333984375,
    " vir": -1.12890625,
    "ale": -0.00048828125,
    " a (1)": -2.71875,
    "igu (1)": -0.1549072265625,
    "ë (1)": 0.0,
    " peuvent": -1.966796875,
    " être": -0.72900390625,
    " à (2)": -6.5859375,
    " plus": -6.76953125,
    " ou (2)": -0.90380859375,
    " moins": -0.0014657974243164062,
    " long": -0.2142333984375,
    " terme": -0.049560546875,
    " ": -7.3828125,
    ":\n": -0.12078857421875,
    "(a": -6.53515625,
    ") (1)": -0.00048828125,
    " Une (1)": -4.7734375,
    " lith": -6.671875,
    "i": -0.07763671875,
    "ase": -0.0093231201171875,
    " v": -6.578125,
    "és": -0.01129150390625,
    "ic": -0.01922607421875,
    "ulaire": -0.218505859375,
    ".\n (1)": -2.021484375,
    "(b": -0.00391387939453125,
    ") (2)": 0.0,
    " Une (2)": -0.29541015625,
    " hé (2)": -3.0703125,
    "pat (2)": -0.060394287109375,
    "ite (2)": -0.22705078125,
    " chron": -0.6416015625,
    "ique": -0.0019550323486328125,
    ".\n (2)": -0.186767578125,
    "(c": -0.0009775161743164062,
    ") (3)": 0.0,
    " Un": -1.6455078125,
    " cancer": -0.97509765625,
    " du": -1.0478515625,
    " fo": -0.07708740234375,
    "ie (2)": 0.0,
    ".\n (3)": -0.0267181396484375,
    "(d": -0.013763427734375,
    ") (4)": 0.0,
    " Une (3)": -0.2393798828125,
    " cir": -0.92431640625,
    "rh": -0.007350921630859375,
    "ose": -0.00048828125,
    ".\n (4)": -0.27734375,
    "(e": -0.0474853515625,
    ") (5)": 0.0,
    " Une (4)": -0.54443359375,
    " panc": -5.515625,
    "ré": -0.01525115966796875,
    "at": -0.03173828125,
    "ite (3)": -0.006366729736328125,
    " a (2)": -1.6474609375,
    "igu (2)": -0.006366729736328125,
    "ë (2)": 0.0,
    ".\n (5)": -0.022216796875,
    "Ré": -7.49609375,
    "ponse": -0.89306640625,
    "(s": -1.4169921875,
    ") (6)": -1.8837890625,
    " :": -0.93603515625
  },
  "b e": {
    "<|begin_of_text|>": 0.0,
    "C": -5.296875,
    "eci": -9.0390625,
    " est": -0.87353515625,
    " une": -0.61865234375,
    " question": -7.49609375,
    " de (1)": -1.7607421875,
    " Q": -8.109375,
    "CM": -2.759765625,
    " de (2)": -1.9736328125,
    " l": -2.763671875,
    "'ex": -1.0400390625,
    "amen": -0.28173828125,
    " de (3)": -0.68359375,
    " pharmac": -9.109375,
    "ie (1)": -0.7783203125,
    ".": -4.32421875,
    " Ré": -4.92578125,
    "pond": -1.6279296875,
    "s": -0.72900390625,
    " avec": -5.2109375,
    " la (1)": -1.359375,
    " ou (1)": -6.65234375,
    " les": -0.00833892822265625,
    " let": -4.859375,
    "tres": -0.00048828125,
    " correspond": -0.9033203125,
    "ant": -0.70947265625,
    " à (1)": -1.1396484375,
    " la (2)": -0.52294921875,
    " bonne": -2.40234375,
    " réponse": -0.1998291015625,
    ".\n\n": -8.671875,
    "Les": -3.091796875,
    " complications": -6.86328125,
    " d": -3.123046875,
    "'une": -0.90185546875,
    " hé (1)": -6.16796875,
    "pat (1)": -2.228515625,
    "ite (1)": -0.125732421875,
    " vir": -1.3369140625,
    "ale": -0.00048828125,
    " a (1)": -2.779296875,
    "igu (1)": -0.137451171875,
    "ë (1)": 0.0,
    " peuvent": -1.927734375,
    " être": -1.0205078125,
    " à (2)": -6.78515625,
    " plus": -6.7890625,
    " ou (2)": -1.0361328125,
    " moins": -0.0014657974243164062,
    " long": -0.318115234375,
    " terme": -0.067138671875,
    " ": -7.515625,
    ":\n": -0.1263427734375,
    "(a": -7.078125,
    ") (1)": -0.00048828125,
    " Une (1)": -4.4609375,
    " lith": -7.2578125,
    "i": -0.0609130859375,
    "ase": -0.007350921630859375,
    " v": -6.4609375,
    "és": -0.020721435546875,
    "ic": -0.00833892822265625,
    "ulaire": -0.4638671875,
    ".\n (1)": -1.8251953125,
    "(b": -0.004405975341796875,
    ") (2)": 0.0,
    " Une (2)": -0.362060546875,
    " hé (2)": -3.12890625,
    "pat (2)": -0.080810546875,
    "ite (2)": -0.2587890625,
    " chron": -0.69775390625,
    "ique": -0.00882720947265625,
    ".\n (2)": -0.1998291015625,
    "(c": -0.0009775161743164062,
    ") (3)": 0.0,
    " Un": -1.6162109375,
    " cancer": -1.0732421875,
    " du": -1.2255859375,
    " fo": -0.044952392578125,
    "ie (2)": 0.0,
    ".\n (3)": -0.023712158203125,
    "(d": -0.01425933837890625,
    ") (4)": 0.0,
    " Une (3)": -0.278564453125,
    " cir": -0.859375,
    "rh": -0.005878448486328125,
    "ose": -0.00048828125,
    ".\n (4)": -0.2393798828125,
    "(e": -0.0703125,
    ") (5)": 0.0,
    " Une (4)": -0.8857421875,
    " panc": -5.03515625,
    "ré": -0.007843017578125,
    "at": -0.0272216796875,
    "ite (3)": -0.007350921630859375,
    " a (2)": -1.6611328125,
    "igu (2)": -0.00833892822265625,
    "ë (2)": 0.0,
    ".\n (5)": -0.020721435546875,
    "Ré": -6.94921875,
    "ponse": -0.78076171875,
    "(s": -1.296875,
    ") (6)": -1.8564453125,
    " :": -1.3212890625
  },
  "c d": {
    "<|begin_of_text|>": 0.0,
    "C": -5.2578125,
    "eci": -9.0546875,
    " est": -0.7578125,
    " une": -0.53125,
    " question": -6.91796875,
    " de (1)": -0.79931640625,
    " Q": -8.5625,
    "CM": -2.435546875,
    " de (2)": -1.9326171875,
    " l": -2.802734375,
    "'ex": -1.36328125,
    "amen": -0.6689453125,
    " de (3)": -0.6796875,
    " pharmac": -10.7890625,
    "ie (1)": -0.7939453125,
    ".": -5.8671875,
    " Ré": -4.8984375,
    "pond": -1.7197265625,
    "s": -0.63525390625,
    " avec": -5.2109375,
    " la (1)": -1.658203125,
    " ou (1)": -6.6015625,
    " les": -0.00685882568359375,
    " let": -4.50390625,
    "tres": -0.00048828125,
    " correspond": -0.7978515625,
    "ant": -0.78466796875,
    " à (1)": -1.43359375,
    " la (2)": -0.60693359375,
    " bonne": -2.626953125,
    " réponse": -0.1324462890625,
    ".\n\n": -8.7890625,
    "Les": -2.939453125,
    " complications": -6.703125,
    " d": -3.2109375,
    "'une": -0.98681640625,
    " hé (1)": -6.140625,
    "pat (1)": -2.646484375,
    "ite (1)": -0.13134765625,
    " vir": -1.130859375,
    "ale": 0.0,
    " a (1)": -2.37890625,
    "igu (1)": -0.1065673828125,
    "ë (1)": 0.0,
    " peuvent": -2.140625,
    " être": -0.9013671875,
    " à (2)": -6.59765625,
    " plus": -6.44921875,
    " ou (2)": -1.5126953125,
    " moins": -0.0009775161743164062,
    " long": -0.3349609375,
    " terme": -0.0609130859375,
    " ": -7.484375,
    ":\n": -0.1065673828125,
    "(a": -7.16015625,
    ") (1)": 0.0,
    " Une (1)": -4.609375,
    " lith": -7.0546875,
    "i": -0.03326416015625,
    "ase": -0.005878448486328125,
    " v": -6.60546875,
    "és": -0.028228759765625,
    "ic": -0.00833892822265625,
    "ulaire": -0.255126953125,
    ".\n (1)": -2.107421875,
    "(b": -0.0034236907958984375,
    ") (2)": 0.0,
    " Une (2)": -0.30810546875,
    " hé (2)": -3.0078125,
    "pat (2)": -0.1324462890625,
    "ite (2)": -0.352294921875,
    " chron": -0.70361328125,
    "ique": -0.017730712890625,
    ".\n (2)": -0.1962890625,
    "(c": -0.0009775161743164062,
    ") (3)": 0.0,
    " Un": -1.44921875,
    " cancer": -0.7822265625,
    " du": -1.001953125,
    " fo": -0.05780029296875,
    "ie (2)": 0.0,
    ".\n (3)": -0.02471923828125,
    "(d": -0.0157470703125,
    ") (4)": 0.0,
    " Une (3)": -0.2264404296875,
    " cir": -0.916015625,
    "rh": -0.002933502197265625,
    "ose": -0.00048828125,
    ".\n (4)": -0.25244140625,
    "(e": -0.07501220703125,
    ") (5)": 0.0,
    " Une (4)": -0.51904296875,
    " panc": -5.46484375,
    "ré": -0.00882720947265625,
    "at": -0.03326416015625,
    "ite (3)": -0.004894256591796875,
    " a (2)": -2.220703125,
    "igu (2)": -0.005878448486328125,
    "ë (2)": 0.0,
    ".\n (5)": -0.023223876953125,
    "Ré": -7.30859375,
    "ponse": -0.80810546875,
    "(s": -1.5302734375,
    ") (6)": -2.560546875,
    " :": -1.8818359375
  },
  "c e": {
    "<|begin_of_text|>": 0.0,
    "C": -5.29296875,
    "eci": -8.9609375,
    " est": -0.8935546875,
    " une": -0.47705078125,
    " question": -7.66796875,
    " de (1)": -1.1181640625,
    " Q": -8.703125,
    "CM": -2.63671875,
    " de (2)": -1.84375,
    " l": -2.84765625,
    "'ex": -0.95947265625,
    "amen": -0.2227783203125,
    " de (3)": -1.0546875,
    " pharmac": -9.7578125,
    "ie (1)": -0.8515625,
    ".": -5.2734375,
    " Ré": -4.98828125,
    "pond": -1.7431640625,
    "s": -0.299560546875,
    " avec": -5.65234375,
    " la (1)": -1.6328125,
    " ou (1)": -6.46875,
    " les": -0.004405975341796875,
    " let": -4.4140625,
    "tres": -0.00048828125,
    " correspond": -1.2294921875,
    "ant": -0.70068359375,
    " à (1)": -1.279296875,
    " la (2)": -0.5849609375,
    " bonne": -2.216796875,
    " réponse": -0.16015625,
    ".\n\n": -8.953125,
    "Les": -3.310546875,
    " complications": -6.6796875,
    " d": -3.408203125,
    "'une": -0.91552734375,
    " hé (1)": -5.90625,
    "pat (1)": -2.951171875,
    "ite (1)": -0.125732421875,
    " vir": -1.1962890625,
    "ale": 0.0,
    " a (1)": -2.7109375,
    "igu (1)": -0.11199951171875,
    "ë (1)": 0.0,
    " peuvent": -2.013671875,
    " être": -1.10546875,
    " à (2)": -7.3203125,
    " plus": -6.203125,
    " ou (2)": -1.3935546875,
    " moins": -0.0009775161743164062,
    " long": -0.251220703125,
    " terme": -0.07977294921875,
    " ": -6.91015625,
    ":\n": -0.08880615234375,
    "(a": -7.21875,
    ") (1)": -0.00048828125,
    " Une (1)": -4.70703125,
    " lith": -6.96484375,
    "i": -0.0687255859375,
    "ase": -0.0053863525390625,
    " v": -6.40234375,
    "és": -0.0122833251953125,
    "ic": -0.00882720947265625,
    "ulaire": -0.177490234375,
    ".\n (1)": -1.875,
    "(b": -0.0053863525390625,
    ") (2)": 0.0,
    " Une (2)": -0.328125,
    " hé (2)": -3.087890625,
    "pat (2)": -0.07818603515625,
    "ite (2)": -0.275390625,
    " chron": -0.62158203125,
    "ique": -0.00833892822265625,
    ".\n (2)": -0.1669921875,
    "(c": -0.0009775161743164062,
    ") (3)": 0.0,
    " Un": -1.6826171875,
    " cancer": -1.0771484375,
    " du": -1.17578125,
    " fo": -0.0650634765625,
    "ie (2)": 0.0,
    ".\n (3)": -0.0242156982421875,
    "(d": -0.01030731201171875,
    ") (4)": 0.0,
    " Une (3)": -0.33154296875,
    " cir": -1.0341796875,
    "rh": -0.002445220947265625,
    "ose": -0.00048828125,
    ".\n (4)": -0.25,
    "(e": -0.07659912109375,
    ") (5)": 0.0,
    " Une (4)": -0.51220703125,
    " panc": -5.4609375,
    "ré": -0.01129150390625,
    "at": -0.0182342529296875,
    "ite (3)": -0.007843017578125,
    " a (2)": -2.076171875,
    "igu (2)": -0.00833892822265625,
    "ë (2)": 0.0,
    ".\n (5)": -0.0212249755859375,
    "Ré": -7.0625,
    "ponse": -0.88134765625,
    "(s": -0.97509765625,
    ") (6)": -2.201171875,
    " :": -1.533203125
  },
  "d e": {
    "<|begin_of_text|>": 0.0,
    "C": -5.2578125,
    "eci": -8.9296875,
    " est": -0.71484375,
    " une": -0.60693359375,
    " question": -8.421875,
    " de (1)": -1.181640625,
    " Q": -8.28125,
    "CM": -1.818359375,
    " de (2)": -1.982421875,
    " l": -2.765625,
    "'ex": -0.80908203125,
    "amen": -0.3330078125,
    " de (3)": -1.01953125,
    " pharmac": -9.4921875,
    "ie (1)": -0.751953125,
    ".": -4.57421875,
    " Ré": -5.16015625,
    "pond": -1.0859375,
    "s": -0.5322265625,
    " avec": -4.96484375,
    " la (1)": -1.447265625,
    " ou (1)": -6.5078125,
    " les": -0.005878448486328125,
    " let": -5.51953125,
    "tres": -0.00048828125,
    " correspond": -1.0810546875,
    "ant": -0.9306640625,
    " à (1)": -1.0068359375,
    " la (2)": -0.48486328125,
    " bonne": -2.1796875,
    " réponse": -0.16064453125,
    ".\n\n": -9.375,
    "Les": -3.3046875,
    " complications": -6.93359375,
    " d": -3.146484375,
    "'une": -1.052734375,
    " hé (1)": -6.22265625,
    "pat (1)": -2.578125,
    "ite (1)": -0.1986083984375,
    " vir": -1.0654296875,
    "ale": -0.00048828125,
    " a (1)": -2.7734375,
    "igu (1)": -0.145263671875,
    "ë (1)": 0.0,
    " peuvent": -2.00390625,
    " être": -0.884765625,
    " à (2)": -6.48046875,
    " plus": -7.0546875,
    " ou (2)": -1.287109375,
    " moins": -0.0014657974243164062,
    " long": -0.21240234375,
    " terme": -0.0609130859375,
    " ": -7.22265625,
    ":\n": -0.10491943359375,
    "(a": -6.46484375,
    ") (1)": -0.00048828125,
    " Une (1)": -4.65234375,
    " lith": -6.92578125,
    "i": -0.07763671875,
    "ase": -0.01129150390625,
    " v": -6.30859375,
    "és": -0.0202178955078125,
    "ic": -0.01178741455078125,
    "ulaire": -0.376220703125,
    ".\n (1)": -2.080078125,
    "(b": -0.006366729736328125,
    ") (2)": 0.0,
    " Une (2)": -0.28564453125,
    " hé (2)": -3.126953125,
    "pat (2)": -0.07183837890625,
    "ite (2)": -0.4794921875,
    " chron": -0.5498046875,
    "ique": -0.0053863525390625,
    ".\n (2)": -0.1815185546875,
    "(c": -0.0009775161743164062,
    ") (3)": 0.0,
    " Un": -1.78125,
    " cancer": -1.015625,
    " du": -1.0693359375,
    " fo": -0.056243896484375,
    "ie (2)": -0.00048828125,
    ".\n (3)": -0.0277252197265625,
    "(d": -0.017242431640625,
    ") (4)": 0.0,
    " Une (3)": -0.253662109375,
    " cir": -0.89306640625,
    "rh": -0.0014657974243164062,
    "ose": -0.00048828125,
    ".\n (4)": -0.297607421875,
    "(e": -0.05780029296875,
    ") (5)": 0.0,
    " Une (4)": -0.5703125,
    " panc": -5.53515625,
    "ré": -0.004894256591796875,
    "at": -0.03680419921875,
    "ite (3)": -0.0053863525390625,
    " a (2)": -1.919921875,
    "igu (2)": -0.00882720947265625,
    "ë (2)": 0.0,
    ".\n (5)": -0.0242156982421875,
    "Ré": -7.09765625,
    "ponse": -1.01171875,
    "(s": -1.4345703125,
    ") (6)": -2.826171875,
    " :": -0.798828125
  },
  "a b c": {
    "<|begin_of_text|>": 0.0,
    "C": -5.2734375,
    "eci": -8.9765625,
    " est": -0.640625,
    " une": -0.39990234375,
    " question": -7.59375,
    " de (1)": -1.7880859375,
    " Q": -8.1796875,
    "CM": -3.01953125,
    " de (2)": -1.9013671875,
    " l": -2.63671875,
    "'ex": -1.212890625,
    "amen": -0.25634765625,
    " de (3)": -0.9228515625,
    " pharmac": -9.6796875,
    "ie (1)": -0.92529296875,
    ".": -5.49609375,
    " Ré": -4.74609375,
    "pond": -1.3876953125,
    "s": -0.56689453125,
    " avec": -5.21484375,
    " la (1)": -1.4404296875,
    " ou (1)": -6.37109375,
    " les": -0.004894256591796875,
    " let": -4.16015625,
    "tres": -0.00048828125,
    " correspond": -0.93505859375,
    "ant": -0.93310546875,
    " à (1)": -1.2666015625,
    " la (2)": -0.6845703125,
    " bonne": -2.564453125,
    " réponse": -0.146484375,
    ".\n\n": -8.546875,
    "Les": -3.0078125,
    " complications": -6.6328125,
    " d": -3.185546875,
    "'une": -0.93994140625,
    " hé (1)": -6.08984375,
    "pat (1)": -2.421875,
    "ite (1)": -0.1065673828125,
    " vir": -1.447265625,
    "ale": -0.00048828125,
    " a (1)": -2.494140625,
    "igu (1)": -0.1318359375,
    "ë (1)": 0.0,
    " peuvent": -1.783203125,
    " être": -1.0048828125,
    " à (2)": -6.55859375,
    " plus": -6.7734375,
    " ou (2)": -1.2060546875,
    " moins": -0.0014657974243164062,
    " long": -0.384033203125,
    " terme": -0.0687255859375,
    " ": -7.51953125,
    ":\n": -0.11968994140625,
    "(a": -6.421875,
    ") (1)": 0.0,
    " Une (1)": -4.80859375,
    " lith": -6.9609375,
    "i": -0.08294677734375,
    "ase": -0.00685882568359375,
    " v": -6.17578125,
    "és": -0.01178741455078125,
    "ic": -0.01178741455078125,
    "ulaire": -0.1436767578125,
    ".\n (1)": -2.080078125,
    "(b": -0.0034236907958984375,
    ") (2)": 0.0,
    " Une (2)": -0.267822265625,
    " hé (2)": -2.83203125,
    "pat (2)": -0.1302490234375,
    "ite (2)": -0.326904296875,
    " chron": -0.64990234375,
    "ique": -0.002445220947265625,
    ".\n (2)": -0.193359375,
    "(c": -0.0009775161743164062,
    ") (3)": 0.0,
    " Un": -1.5517578125,
    " cancer": -1.0703125,
    " du": -1.107421875,
    " fo": -0.0567626953125,
    "ie (2)": 0.0,
    ".\n (3)": -0.023712158203125,
    "(d": -0.017242431640625,
    ") (4)": 0.0,
    " Une (3)": -0.29541015625,
    " cir": -0.76904296875,
    "rh": -0.0014657974243164062,
    "ose": -0.00048828125,
    ".\n (4)": -0.2431640625,
    "(e": -0.06610107421875,
    ") (5)": 0.0,
    " Une (4)": -0.5615234375,
    " panc": -5.5234375,
    "ré": -0.01030731201171875,
    "at": -0.034271240234375,
    "ite (3)": -0.006366729736328125,
    " a (2)": -1.9326171875,
    "igu (2)": -0.01178741455078125,
    "ë (2)": 0.0,
    ".\n (5)": -0.01922607421875,
    "Ré": -7.20703125,
    "ponse": -0.7841796875,
    "(s": -1.328125,
    ") (6)": -1.8466796875,
    " :": -1.3955078125
  },
  "a b d": {
    "<|begin_of_text|>": 0.0,
    "C": -5.27734375,
    "eci": -8.859375,
    " est": -0.76513671875,
    " une": -0.5244140625,
    " question": -7.42578125,
    " de (1)": -1.1044921875,
    " Q": -8.3125,
    "CM": -2.25,
    " de (2)": -2.125,
    " l": -2.65625,
    "'ex": -1.125,
    "amen": -0.59375,
    " de (3)": -1.029296875,
    " pharmac": -9.8515625,
    "ie (1)": -0.77783203125,
    ".": -4.484375,
    " Ré": -4.34765625,
    "pond": -1.4736328125,
    "s": -0.5927734375,
    " avec": -5.33984375,
    " la (1)": -1.3916015625,
    " ou (1)": -6.49609375,
    " les": -0.004894256591796875,
    " let": -5.16015625,
    "tres": -0.00048828125,
    " correspond": -0.93359375,
    "ant": -0.85498046875,
    " à (1)": -1.189453125,
    " la (2)": -0.671875,
    " bonne": -2.412109375,
    " réponse": -0.1357421875,
    ".\n\n": -8.1640625,
    "Les": -3.302734375,
    " complications": -6.38671875,
    " d": -3.220703125,
    "'une": -0.88525390625,
    " hé (1)": -5.97265625,
    "pat (1)": -2.431640625,
    "ite (1)": -0.08929443359375,
    " vir": -1.017578125,
    "ale": -0.00048828125,
    " a (1)": -2.447265625,
    "igu (1)": -0.1268310546875,
    "ë (1)": 0.0,
    " peuvent": -1.818359375,
    " être": -0.943359375,
    " à (2)": -6.7421875,
    " plus": -7.01171875,
    " ou (2)": -1.2939453125,
    " moins": -0.0019550323486328125,
    " long": -0.455322265625,
    " terme": -0.0760498046875,
    " ": -7.484375,
    ":\n": -0.08612060546875,
    "(a": -6.71484375,
    ") (1)": -0.00048828125,
    " Une (1)": -5.05078125,
    " lith": -6.98046875,
    "i": -0.0418701171875,
    "ase": -0.006366729736328125,
    " v": -6.2265625,
    "és": -0.01080322265625,
    "ic": -0.017730712890625,
    "ulaire": -0.2462158203125,
    ".\n (1)": -2.240234375,
    "(b": -0.004405975341796875,
    ") (2)": 0.0,
    " Une (2)": -0.349365234375,
    " hé (2)": -2.98046875,
    "pat (2)": -0.07501220703125,
    "ite (2)": -0.436279296875,
    " chron": -0.865234375,
    "ique": -0.002933502197265625,
    ".\n (2)": -0.2203369140625,
    "(c": -0.0009775161743164062,
    ") (3)": 0.0,
    " Un": -1.5849609375,
    " cancer": -1.0439453125,
    " du": -1.0087890625,
    " fo": -0.04595947265625,
    "ie (2)": 0.0,
    ".\n (3)": -0.0252227783203125,
    "(d": -0.017730712890625,
    ") (4)": 0.0,
    " Une (3)": -0.2493896484375,
    " cir": -0.87646484375,
    "rh": -0.002445220947265625,
    "ose": -0.00048828125,
    ".\n (4)": -0.224609375,
    "(e": -0.06195068359375,
    ") (5)": 0.0,
    " Une (4)": -0.59814453125,
    " panc": -5.38671875,
    "ré": -0.0098114013671875,
    "at": -0.023712158203125,
    "ite (3)": -0.00833892822265625,
    " a (2)": -1.8681640625,
    "igu (2)": -0.01129150390625,
    "ë (2)": 0.0,
    ".\n (5)": -0.0197296142578125,
    "Ré": -7.33203125,
    "ponse": -0.82177734375,
    "(s": -1.484375,
    ") (6)": -1.662109375,
    " :": -1.7333984375
  },
  "a b e": {
    "<|begin_of_text|>": 0.0,
    "C": -5.26171875,
    "eci": -8.921875,
    " est": -0.75,
    " une": -0.462890625,
    " question": -8.015625,
    " de (1)": -1.4267578125,
    " Q": -8.1328125,
    "CM": -1.8564453125,
    " de (2)": -1.935546875,
    " l": -2.673828125,
    "'ex": -1.0244140625,
    "amen": -0.360595703125,
    " de (3)": -0.87646484375,
    " pharmac": -9.7265625,
    "ie (1)": -0.58935546875,
    ".": -4.9140625,
    " Ré": -4.9375,
    "pond": -1.6630859375,
    "s": -0.78564453125,
    " avec": -5.42578125,
    " la (1)": -1.4892578125,
    " ou (1)": -6.359375,
    " les": -0.00685882568359375,
    " let": -5.05859375,
    "tres": -0.00048828125,
    " correspond": -0.97119140625,
    "ant": -0.95654296875,
    " à (1)": -1.2568359375,
    " la (2)": -0.5380859375,
    " bonne": -2.125,
    " réponse": -0.141357421875,
    ".\n\n": -8.4921875,
    "Les": -3.423828125,
    " complications": -6.84375,
    " d": -3.08984375,
    "'une": -0.923828125,
    " hé (1)": -6.22265625,
    "pat (1)": -2.4765625,
    "ite (1)": -0.07501220703125,
    " vir": -1.1396484375,
    "ale": -0.00048828125,
    " a (1)": -2.578125,
    "igu (1)": -0.1016845703125,
    "ë (1)": 0.0,
    " peuvent": -1.755859375,
    " être": -0.9609375,
    " à (2)": -6.37109375,
    " plus": -6.74609375,
    " ou (2)": -1.49609375,
    " moins": -0.0009775161743164062,
    " long": -0.301513671875,
    " terme": -0.0760498046875,
    " ": -7.25390625,
    ":\n": -0.1180419921875,
    "(a": -6.6484375,
    ") (1)": -0.00048828125,
    " Une (1)": -4.96484375,
    " lith": -7.0625,
    "i": -0.038818359375,
    "ase": -0.006366729736328125,
    " v": -6.7109375,
    "és": -0.0272216796875,
    "ic": -0.0098114013671875,
    "ulaire": -0.36962890625,
    ".\n (1)": -2.166015625,
    "(b": -0.00391387939453125,
    ") (2)": 0.0,
    " Une (2)": -0.347412109375,
    " hé (2)": -3.05859375,
    "pat (2)": -0.0655517578125,
    "ite (2)": -0.19091796875,
    " chron": -0.59033203125,
    "ique": -0.0122833251953125,
    ".\n (2)": -0.2034912109375,
    "(c": -0.0009775161743164062,
    ") (3)": 0.0,
    " Un": -1.7451171875,
    " cancer": -1.083984375,
    " du": -1.1240234375,
    " fo": -0.038330078125,
    "ie (2)": 0.0,
    ".\n (3)": -0.0227203369140625,
    "(d": -0.0122833251953125,
    ") (4)": 0.0,
    " Une (3)": -0.266357421875,
    " cir": -0.9140625,
    "rh": -0.0019550323486328125,
    "ose": -0.00048828125,
    ".\n (4)": -0.255615234375,
    "(e": -0.066650390625,
    ") (5)": 0.0,
    " Une (4)": -0.60986328125,
    " panc": -5.125,
    "ré": -0.007350921630859375,
    "at": -0.034271240234375,
    "ite (3)": -0.004894256591796875,
    " a (2)": -1.6796875,
    "igu (2)": -0.007843017578125,
    "ë (2)": 0.0,
    ".\n (5)": -0.0202178955078125,
    "Ré": -6.99609375,
    "ponse": -0.65185546875,
    "(s": -1.5634765625,
    ") (6)": -1.759765625,
    " :": -1.3564453125
  },
  "a c d": {
    "<|begin_of_text|>": 0.0,
    "C": -5.26171875,
    "eci": -8.8515625,
    " est": -0.521484375,
    " une": -0.42333984375,
    " question": -7.58203125,
    " de (1)": -0.99462890625,
    " Q": -8.125,
    "CM": -2.03125,
    " de (2)": -2.064453125,
    " l": -2.771484375,
    "'ex": -0.89111328125,
    "amen": -0.421875,
    " de (3)": -0.93603515625,
    " pharmac": -9.6328125,
    "ie (1)": -0.95703125,
    ".": -5.37890625,
    " Ré": -4.5703125,
    "pond": -1.73828125,
    "s": -0.6064453125,
    " avec": -5.203125,
    " la (1)": -1.4345703125,
    " ou (1)": -7.03515625,
    " les": -0.004405975341796875,
    " let": -4.8359375,
    "tres": -0.00048828125,
    " correspond": -0.99072265625,
    "ant": -1.0048828125,
    " à (1)": -1.078125,
    " la (2)": -0.603515625,
    " bonne": -2.435546875,
    " réponse": -0.150390625,
    ".\n\n": -8.2890625,
    "Les": -3.177734375,
    " complications": -6.41796875,
    " d": -3.197265625,
    "'une": -0.92626953125,
    " hé (1)": -5.94921875,
    "pat (1)": -2.1796875,
    "ite (1)": -0.1136474609375,
    " vir": -1.3505859375,
    "ale": -0.00048828125,
    " a (1)": -2.396484375,
    "igu (1)": -0.148681640625,
    "ë (1)": 0.0,
    " peuvent": -1.869140625,
    " être": -0.8310546875,
    " à (2)": -7.06640625,
    " plus": -6.33203125,
    " ou (2)": -0.97900390625,
    " moins": -0.0014657974243164062,
    " long": -0.43310546875,
    " terme": -0.050048828125,
    " ": -7.015625,
    ":\n": -0.0936279296875,
    "(a": -6.36328125,
    ") (1)": -0.00048828125,
    " Une (1)": -4.734375,
    " lith": -6.73828125,
    "i": -0.0692138671875,
    "ase": -0.0053863525390625,
    " v": -6.87109375,
    "és": -0.0277252197265625,
    "ic": -0.00882720947265625,
    "ulaire": -0.35986328125,
    ".\n (1)": -2.119140625,
    "(b": -0.004894256591796875,
    ") (2)": 0.0,
    " Une (2)": -0.38818359375,
    " hé (2)": -2.923828125,
    "pat (2)": -0.1510009765625,
    "ite (2)": -0.39697265625,
    " chron": -0.75048828125,
    "ique": -0.0034236907958984375,
    ".\n (2)": -0.2197265625,
    "(c": -0.0009775161743164062,
    ") (3)": 0.0,
    " Un": -1.6630859375,
    " cancer": -1.017578125,
    " du": -1.056640625,
    " fo": -0.07763671875,
    "ie (2)": 0.0,
    ".\n (3)": -0.023712158203125,
    "(d": -0.013763427734375,
    ") (4)": 0.0,
    " Une (3)": -0.257568359375,
    " cir": -0.87109375,
    "rh": -0.0009775161743164062,
    "ose": -0.00048828125,
    ".\n (4)": -0.2301025390625,
    "(e": -0.058319091796875,
    ") (5)": 0.0,
    " Une (4)": -0.5322265625,
    " panc": -5.22265625,
    "ré": -0.01030731201171875,
    "at": -0.032257080078125,
    "ite (3)": -0.006366729736328125,
    " a (2)": -1.8994140625,
    "igu (2)": -0.01326751708984375,
    "ë (2)": 0.0,
    ".\n (5)": -0.0187225341796875,
    "Ré": -7.109375,
    "ponse": -0.88427734375,
    "(s": -1.1396484375,
    ") (6)": -1.2626953125,
    " :": -1.359375
  },
  "a c e": {
    "<|begin_of_text|>": 0.0,
    "C": -5.28125,
    "eci": -8.984375,
    " est": -0.77392578125,
    " une": -0.54541015625,
    " question": -8.1015625,
    " de (1)": -1.8896484375,
    " Q": -8.359375,
    "CM": -2.240234375,
    " de (2)": -2.166015625,
    " l": -2.5234375,
    "'ex": -1.009765625,
    "amen": -0.427978515625,
    " de (3)": -1.044921875,
    " pharmac": -10.1328125,
    "ie (1)": -0.5693359375,
    ".": -4.43359375,
    " Ré": -4.54296875,
    "pond": -1.3701171875,
    "s": -0.74462890625,
    " avec": -5.4296875,
    " la (1)": -1.3740234375,
    " ou (1)": -7.078125,
    " les": -0.0053863525390625,
    " let": -4.55078125,
    "tres": -0.00048828125,
    " correspond": -1.0869140625,
    "ant": -0.68359375,
    " à (1)": -1.142578125,
    " la (2)": -0.70263671875,
    " bonne": -2.546875,
    " réponse": -0.1566162109375,
    ".\n\n": -8.2734375,
    "Les": -3.396484375,
    " complications": -6.328125,
    " d": -3.125,
    "'une": -0.96728515625,
    " hé (1)": -5.78515625,
    "pat (1)": -2.466796875,
    "ite (1)": -0.0760498046875,
    " vir": -1.4736328125,
    "ale": -0.00048828125,
    " a (1)": -2.53515625,
    "igu (1)": -0.08349609375,
    "ë (1)": 0.0,
    " peuvent": -1.861328125,
    " être": -1.0673828125,
    " à (2)": -6.83203125,
    " plus": -7.48046875,
    " ou (2)": -1.21484375,
    " moins": -0.0014657974243164062,
    " long": -0.26318359375,
    " terme": -0.058837890625,
    " ": -7.24609375,
    ":\n": -0.1180419921875,
    "(a": -6.9296875,
    ") (1)": -0.00048828125,
    " Une (1)": -4.765625,
    " lith": -7.01171875,
    "i": -0.045440673828125,
    "ase": -0.006366729736328125,
    " v": -6.65234375,
    "és": -0.0277252197265625,
    "ic": -0.0122833251953125,
    "ulaire": -0.325439453125,
    ".\n (1)": -2.201171875,
    "(b": -0.004405975341796875,
    ") (2)": 0.0,
    " Une (2)": -0.3564453125,
    " hé (2)": -3.12890625,
    "pat (2)": -0.053131103515625,
    "ite (2)": -0.296142578125,
    " chron": -0.8642578125,
    "ique": -0.00833892822265625,
    ".\n (2)": -0.2022705078125,
    "(c": -0.0009775161743164062,
    ") (3)": 0.0,
    " Un": -1.7197265625,
    " cancer": -1.134765625,
    " du": -1.2001953125,
    " fo": -0.05780029296875,
    "ie (2)": 0.0,
    ".\n (3)": -0.023712158203125,
    "(d": -0.0122833251953125,
    ") (4)": 0.0,
    " Une (3)": -0.26953125,
    " cir": -0.88525390625,
    "rh": -0.002933502197265625,
    "ose": -0.00048828125,
    ".\n (4)": -0.2431640625,
    "(e": -0.05572509765625,
    ") (5)": 0.0,
    " Une (4)": -0.5048828125,
    " panc": -5.33984375,
    "ré": -0.01525115966796875,
    "at": -0.0418701171875,
    "ite (3)": -0.004894256591796875,
    " a (2)": -1.7548828125,
    "igu (2)": -0.00882720947265625,
    "ë (2)": 0.0,
    ".\n (5)": -0.01922607421875,
    "Ré": -7.58203125,
    "ponse": -1.02734375,
    "(s": -1.337890625,
    ") (6)": -2.189453125,
    " :": -0.80712890625
  },
  "a d e": {
    "<|begin_of_text|>": 0.0,
    "C": -5.25390625,
    "eci": -8.984375,
    " est": -0.85205078125,
    " une": -0.5068359375,
    " question": -7.9140625,
    " de (1)": -0.79638671875,
    " Q": -8.3828125,
    "CM": -2.443359375,
    " de (2)": -2.12890625,
    " l": -2.61328125,
    "'ex": -1.001953125,
    "amen": -0.278564453125,
    " de (3)": -1.349609375,
    " pharmac": -9.7890625,
    "ie (1)": -0.7529296875,
    ".": -5.07421875,
    " Ré": -4.4765625,
    "pond": -1.6708984375,
    "s": -0.45361328125,
    " avec": -5.58203125,
    " la (1)": -1.51953125,
    " ou (1)": -6.43359375,
    " les": -0.004894256591796875,
    " let": -3.9140625,
    "tres": -0.00048828125,
    " correspond": -0.97119140625,
    "ant": -0.82177734375,
    " à (1)": -1.1572265625,
    " la (2)": -0.53466796875,
    " bonne": -2.421875,
    " réponse": -0.145263671875,
    ".\n\n": -8.265625,
    "Les": -3.578125,
    " complications": -6.32421875,
    " d": -3.162109375,
    "'une": -0.85107421875,
    " hé (1)": -5.9296875,
    "pat (1)": -2.67578125,
    "ite (1)": -0.125244140625,
    " vir": -1.3759765625,
    "ale": -0.00048828125,
    " a (1)": -2.552734375,
    "igu (1)": -0.1510009765625,
    "ë (1)": 0.0,
    " peuvent": -1.828125,
    " être": -0.97998046875,
    " à (2)": -6.84765625,
    " plus": -6.93359375,
    " ou (2)": -1.607421875,
    " moins": -0.0019550323486328125,
    " long": -0.29150390625,
    " terme": -0.0855712890625,
    " ": -6.91796875,
    ":\n": -0.1279296875,
    "(a": -6.4140625,
    ") (1)": -0.00048828125,
    " Une (1)": -4.80078125,
    " lith": -7.05859375,
    "i": -0.06817626953125,
    "ase": -0.01030731201171875,
    " v": -6.2734375,
    "és": -0.01080322265625,
    "ic": -0.00685882568359375,
    "ulaire": -0.501953125,
    ".\n (1)": -1.99609375,
    "(b": -0.005878448486328125,
    ") (2)": 0.0,
    " Une (2)": -0.3173828125,
    " hé (2)": -2.93359375,
    "pat (2)": -0.0823974609375,
    "ite (2)": -0.5439453125,
    " chron": -0.6953125,
    "ique": -0.00391387939453125,
    ".\n (2)": -0.195068359375,
    "(c": -0.0009775161743164062,
    ") (3)": 0.0,
    " Un": -1.62890625,
    " cancer": -1.228515625,
    " du": -1.16796875,
    " fo": -0.04290771484375,
    "ie (2)": 0.0,
    ".\n (3)": -0.022216796875,
    "(d": -0.01080322265625,
    ") (4)": 0.0,
    " Une (3)": -0.307373046875,
    " cir": -0.95654296875,
    "rh": -0.0019550323486328125,
    "ose": -0.00048828125,
    ".\n (4)": -0.257568359375,
    "(e": -0.08349609375,
    ") (5)": 0.0,
    " Une (4)": -0.515625,
    " panc": -4.99609375,
    "ré": -0.005878448486328125,
    "at": -0.0217132568359375,
    "ite (3)": -0.006366729736328125,
    " a (2)": -1.666015625,
    "igu (2)": -0.01030731201171875,
    "ë (2)": 0.0,
    ".\n (5)": -0.0217132568359375,
    "Ré": -6.8671875,
    "ponse": -0.65869140625,
    "(s": -1.44921875,
    ") (6)": -2.6015625,
    " :": -1.548828125
  },
  "b c d": {
    "<|begin_of_text|>": 0.0,
    "C": -5.26171875,
    "eci": -8.875,
    " est": -0.73193359375,
    " une": -0.6630859375,
    " question": -7.71875,
    " de (1)": -1.3759765625,
    " Q": -8.0,
    "CM": -2.904296875,
    " de (2)": -1.857421875,
    " l": -2.65234375,
    "'ex": -1.197265625,
    "amen": -0.50341796875,
    " de (3)": -0.833984375,
    " pharmac": -9.703125,
    "ie (1)": -0.6474609375,
    ".": -4.05859375,
    " Ré": -5.12890625,
    "pond": -1.4150390625,
    "s": -0.405029296875,
    " avec": -5.515625,
    " la (1)": -1.42578125,
    " ou (1)": -7.0625,
    " les": -0.00685882568359375,
    " let": -5.125,
    "tres": -0.00048828125,
    " correspond": -0.7841796875,
    "ant": -0.85400390625,
    " à (1)": -0.92822265625,
    " la (2)": -0.65771484375,
    " bonne": -2.4296875,
    " réponse": -0.195068359375,
    ".\n\n": -9.140625,
    "Les": -2.728515625,
    " complications": -6.9375,
    " d": -3.1796875,
    "'une": -0.86767578125,
    " hé (1)": -6.0625,
    "pat (1)": -2.646484375,
    "ite (1)": -0.1136474609375,
    " vir": -1.583984375,
    "ale": -0.00048828125,
    " a (1)": -2.6640625,
    "igu (1)": -0.1669921875,
    "ë (1)": 0.0,
    " peuvent": -1.8193359375,
    " être": -1.03125,
    " à (2)": -6.67578125,
    " plus": -7.08203125,
    " ou (2)": -0.70068359375,
    " moins": -0.0014657974243164062,
    " long": -0.237548828125,
    " terme": -0.09466552734375,
    " ": -7.1484375,
    ":\n": -0.11968994140625,
    "(a": -6.55078125,
    ") (1)": -0.00048828125,
    " Une (1)": -4.71875,
    " lith": -6.9921875,
    "i": -0.045440673828125,
    "ase": -0.00833892822265625,
    " v": -6.25,
    "és": -0.0147552490234375,
    "ic": -0.00685882568359375,
    "ulaire": -0.275390625,
    ".\n (1)": -1.8798828125,
    "(b": -0.004894256591796875,
    ") (2)": 0.0,
    " Une (2)": -0.328857421875,
    " hé (2)": -3.072265625,
    "pat (2)": -0.133544921875,
    "ite (2)": -0.292236328125,
    " chron": -0.87744140625,
    "ique": -0.004405975341796875,
    ".\n (2)": -0.192138671875,
    "(c": -0.0009775161743164062,
    ") (3)": 0.0,
    " Un": -1.4453125,
    " cancer": -1.0029296875,
    " du": -0.9755859375,
    " fo": -0.046478271484375,
    "ie (2)": 0.0,
    ".\n (3)": -0.023712158203125,
    "(d": -0.01525115966796875,
    ") (4)": 0.0,
    " Une (3)": -0.292236328125,
    " cir": -1.015625,
    "rh": -0.00391387939453125,
    "ose": -0.00048828125,
    ".\n (4)": -0.255615234375,
    "(e": -0.0850830078125,
    ") (5)": 0.0,
    " Une (4)": -0.65966796875,
    " panc": -5.35546875,
    "ré": -0.00685882568359375,
    "at": -0.0202178955078125,
    "ite (3)": -0.006366729736328125,
    " a (2)": -1.7353515625,
    "igu (2)": -0.01129150390625,
    "ë (2)": 0.0,
    ".\n (5)": -0.026214599609375,
    "Ré": -7.015625,
    "ponse": -0.7568359375,
    "(s": -1.3544921875,
    ") (6)": -2.55859375,
    " :": -2.3828125
  },
  "b c e": {
    "<|begin_of_text|>": 0.0,
    "C": -5.27734375,
    "eci": -9.0234375,
    " est": -0.8193359375,
    " une": -0.61083984375,
    " question": -8.140625,
    " de (1)": -1.423828125,
    " Q": -8.5390625,
    "CM": -2.58984375,
    " de (2)": -1.994140625,
    " l": -2.744140625,
    "'ex": -1.0302734375,
    "amen": -0.300048828125,
    " de (3)": -0.94482421875,
    " pharmac": -9.53125,
    "ie (1)": -0.91845703125,
    ".": -4.6015625,
    " Ré": -4.78125,
    "pond": -1.470703125,
    "s": -0.8125,
    " avec": -5.296875,
    " la (1)": -1.3486328125,
    " ou (1)": -7.22265625,
    " les": -0.007843017578125,
    " let": -5.75390625,
    "tres": -0.00048828125,
    " correspond": -0.80615234375,
    "ant": -0.80126953125,
    " à (1)": -1.2734375,
    " la (2)": -0.6162109375,
    " bonne": -2.49609375,
    " réponse": -0.169921875,
    ".\n\n": -9.3515625,
    "Les": -2.63671875,
    " complications": -6.92578125,
    " d": -3.1796875,
    "'une": -0.9501953125,
    " hé (1)": -6.05078125,
    "pat (1)": -2.32421875,
    "ite (1)": -0.0855712890625,
    " vir": -1.3173828125,
    "ale": -0.00048828125,
    " a (1)": -2.419921875,
    "igu (1)": -0.097900390625,
    "ë (1)": 0.0,
    " peuvent": -1.8916015625,
    " être": -0.92529296875,
    " à (2)": -6.71484375,
    " plus": -6.390625,
    " ou (2)": -1.2119140625,
    " moins": -0.0014657974243164062,
    " long": -0.29345703125,
    " terme": -0.08929443359375,
    " ": -7.5625,
    ":\n": -0.11529541015625,
    "(a": -7.4140625,
    ") (1)": -0.00048828125,
    " Une (1)": -4.6640625,
    " lith": -6.9453125,
    "i": -0.08135986328125,
    "ase": -0.0093231201171875,
    " v": -6.49609375,
    "és": -0.01922607421875,
    "ic": -0.006366729736328125,
    "ulaire": -0.248779296875,
    ".\n (1)": -2.015625,
    "(b": -0.00391387939453125,
    ") (2)": 0.0,
    " Une (2)": -0.31005859375,
    " hé (2)": -3.01953125,
    "pat (2)": -0.08880615234375,
    "ite (2)": -0.332275390625,
    " chron": -0.7626953125,
    "ique": -0.00391387939453125,
    ".\n (2)": -0.19921875,
    "(c": -0.00048828125,
    ") (3)": 0.0,
    " Un": -1.5244140625,
    " cancer": -0.89111328125,
    " du": -1.11328125,
    " fo": -0.048004150390625,
    "ie (2)": 0.0,
    ".\n (3)": -0.022216796875,
    "(d": -0.013763427734375,
    ") (4)": 0.0,
    " Une (3)": -0.27978515625,
    " cir": -0.90869140625,
    "rh": -0.0014657974243164062,
    "ose": -0.00048828125,
    ".\n (4)": -0.27978515625,
    "(e": -0.0968017578125,
    ") (5)": 0.0,
    " Une (4)": -0.65283203125,
    " panc": -5.37890625,
    "ré": -0.020721435546875,
    "at": -0.0272216796875,
    "ite (3)": -0.007350921630859375,
    " a (2)": -1.9697265625,
    "igu (2)": -0.0157470703125,
    "ë (2)": 0.0,
    ".\n (5)": -0.0212249755859375,
    "Ré": -7.25390625,
    "ponse": -1.0234375,
    "(s": -0.93359375,
    ") (6)": -1.8525390625,
    " :": -2.220703125
  },
  "b d e": {
    "<|begin_of_text|>": 0.0,
    "C": -5.2734375,
    "eci": -9.0,
    " est": -0.97509765625,
    " une": -0.6904296875,
    " question": -8.0078125,
    " de (1)": -1.337890625,
    " Q": -8.3203125,
    "CM": -2.70703125,
    " de (2)": -1.947265625,
    " l": -2.626953125,
    "'ex": -1.0263671875,
    "amen": -0.24560546875,
    " de (3)": -0.7939453125,
    " pharmac": -9.5390625,
    "ie (1)": -0.76416015625,
    ".": -4.84375,
    " Ré": -4.609375,
    "pond": -1.099609375,
    "s": -0.85546875,
    " avec": -5.32421875,
    " la (1)": -1.3330078125,
    " ou (1)": -7.16796875,
    " les": -0.00882720947265625,
    " let": -5.21484375,
    "tres": -0.00048828125,
    " correspond": -0.7919921875,
    "ant": -0.68359375,
    " à (1)": -1.2802734375,
    " la (2)": -0.501953125,
    " bonne": -2.724609375,
    " réponse": -0.1962890625,
    ".\n\n": -8.9296875,
    "Les": -3.064453125,
    " complications": -6.9453125,
    " d": -3.068359375,
    "'une": -0.97412109375,
    " hé (1)": -5.8515625,
    "pat (1)": -2.333984375,
    "ite (1)": -0.1092529296875,
    " vir": -1.5380859375,
    "ale": -0.00048828125,
    " a (1)": -2.46875,
    "igu (1)": -0.08721923828125,
    "ë (1)": 0.0,
    " peuvent": -1.91796875,
    " être": -0.88720703125,
    " à (2)": -6.79296875,
    " plus": -6.69921875,
    " ou (2)": -1.716796875,
    " moins": -0.0014657974243164062,
    " long": -0.328125,
    " terme": -0.0609130859375,
    " ": -7.640625,
    ":\n": -0.10491943359375,
    "(a": -7.72265625,
    ") (1)": -0.00048828125,
    " Une (1)": -4.6484375,
    " lith": -6.99609375,
    "i": -0.07135009765625,
    "ase": -0.01080322265625,
    " v": -6.2578125,
    "és": -0.0227203369140625,
    "ic": -0.0098114013671875,
    "ulaire": -0.236328125,
    ".\n (1)": -2.078125,
    "(b": -0.004894256591796875,
    ") (2)": 0.0,
    " Une (2)": -0.353515625,
    " hé (2)": -2.94140625,
    "pat (2)": -0.11968994140625,
    "ite (2)": -0.328125,
    " chron": -0.857421875,
    "ique": -0.007843017578125,
    ".\n (2)": -0.1981201171875,
    "(c": -0.0009775161743164062,
    ") (3)": 0.0,
    " Un": -1.611328125,
    " cancer": -1.0947265625,
    " du": -1.0576171875,
    " fo": -0.0567626953125,
    "ie (2)": 0.0,
    ".\n (3)": -0.023223876953125,
    "(d": -0.013763427734375,
    ") (4)": 0.0,
    " Une (3)": -0.28173828125,
    " cir": -0.97119140625,
    "rh": -0.004405975341796875,
    "ose": -0.00048828125,
    ".\n (4)": -0.246826171875,
    "(e": -0.0703125,
    ") (5)": 0.0,
    " Une (4)": -0.7080078125,
    " panc": -5.328125,
    "ré": -0.00391387939453125,
    "at": -0.0242156982421875,
    "ite (3)": -0.00833892822265625,
    " a (2)": -1.67578125,
    "igu (2)": -0.0093231201171875,
    "ë (2)": 0.0,
    ".\n (5)": -0.0227203369140625,
    "Ré": -6.86328125,
    "ponse": -0.76708984375,
    "(s": -1.0361328125,
    ") (6)": -1.783203125,
    " :": -1.837890625
  },
  "c d e": {
    "<|begin_of_text|>": 0.0,
    "C": -5.265625,
    "eci": -8.828125,
    " est": -0.970703125,
    " une": -0.4794921875,
    " question": -8.4140625,
    " de (1)": -1.1689453125,
    " Q": -8.609375,
    "CM": -2.490234375,
    " de (2)": -1.84765625,
    " l": -2.771484375,
    "'ex": -1.08203125,
    "amen": -0.39990234375,
    " de (3)": -0.6767578125,
    " pharmac": -10.1796875,
    "ie (1)": -0.798828125,
    ".": -4.8984375,
    " Ré": -4.796875,
    "pond": -1.4150390625,
    "s": -0.6142578125,
    " avec": -5.38671875,
    " la (1)": -1.4052734375,
    " ou (1)": -6.1796875,
    " les": -0.00391387939453125,
    " let": -5.4609375,
    "tres": -0.00048828125,
    " correspond": -1.3212890625,
    "ant": -0.681640625,
    " à (1)": -1.0712890625,
    " la (2)": -0.708984375,
    " bonne": -2.21484375,
    " réponse": -0.1441650390625,
    ".\n\n": -8.09375,
    "Les": -3.546875,
    " complications": -6.63671875,
    " d": -3.232421875,
    "'une": -0.8525390625,
    " hé (1)": -5.96484375,
    "pat (1)": -2.736328125,
    "ite (1)": -0.08184814453125,
    " vir": -1.3359375,
    "ale": -0.00048828125,
    " a (1)": -2.220703125,
    "igu (1)": -0.09197998046875,
    "ë (1)": 0.0,
    " peuvent": -2.111328125,
    " être": -1.0029296875,
    " à (2)": -6.7578125,
    " plus": -6.44921875,
    " ou (2)": -1.1689453125,
    " moins": -0.0009775161743164062,
    " long": -0.271484375,
    " terme": -0.055206298828125,
    " ": -6.94140625,
    ":\n": -0.10711669921875,
    "(a": -7.12890625,
    ") (1)": -0.00048828125,
    " Une (1)": -4.90625,
    " lith": -6.99609375,
    "i": -0.0521240234375,
    "ase": -0.005878448486328125,
    " v": -6.2578125,
    "és": -0.0242156982421875,
    "ic": -0.0147552490234375,
    "ulaire": -0.2288818359375,
    ".\n (1)": -2.1171875,
    "(b": -0.004894256591796875,
    ") (2)": 0.0,
    " Une (2)": -0.384765625,
    " hé (2)": -2.95703125,
    "pat (2)": -0.11090087890625,
    "ite (2)": -0.306640625,
    " chron": -0.7705078125,
    "ique": -0.0034236907958984375,
    ".\n (2)": -0.16357421875,
    "(c": -0.0009775161743164062,
    ") (3)": 0.0,
    " Un": -1.68359375,
    " cancer": -0.96728515625,
    " du": -1.083984375,
    " fo": -0.04034423828125,
    "ie (2)": 0.0,
    ".\n (3)": -0.023712158203125,
    "(d": -0.0167388916015625,
    ") (4)": 0.0,
    " Une (3)": -0.26318359375,
    " cir": -0.892578125,
    "rh": -0.004894256591796875,
    "ose": -0.00048828125,
    ".\n (4)": -0.21728515625,
    "(e": -0.0650634765625,
    ") (5)": 0.0,
    " Une (4)": -0.73193359375,
    " panc": -5.23046875,
    "ré": -0.00391387939453125,
    "at": -0.040863037109375,
    "ite (3)": -0.007843017578125,
    " a (2)": -2.021484375,
    "igu (2)": -0.005878448486328125,
    "ë (2)": 0.0,
    ".\n (5)": -0.022216796875,
    "Ré": -7.3984375,
    "ponse": -0.4287109375,
    "(s": -1.216796875,
    ") (6)": -2.884765625,
    " :": -1.03515625
  },
  "a b c d": {
    "<|begin_of_text|>": 0.0,
    "C": -5.26953125,
    "eci": -9.0859375,
    " est": -0.7900390625,
    " une": -0.394775390625,
    " question": -7.87890625,
    " de (1)": -0.90576171875,
    " Q": -8.03125,
    "CM": -2.8125,
    " de (2)": -1.8740234375,
    " l": -2.744140625,
    "'ex": -1.142578125,
    "amen": -0.244384765625,
    " de (3)": -1.123046875,
    " pharmac": -9.71875,
    "ie (1)": -0.666015625,
    ".": -4.875,
    " Ré": -4.52734375,
    "pond": -1.359375,
    "s": -0.681640625,
    " avec": -5.16796875,
    " la (1)": -1.4150390625,
    " ou (1)": -6.9921875,
    " les": -0.004894256591796875,
    " let": -4.87890625,
    "tres": -0.00048828125,
    " correspond": -0.8876953125,
    "ant": -0.69921875,
    " à (1)": -1.072265625,
    " la (2)": -0.53955078125,
    " bonne": -2.23828125,
    " réponse": -0.1402587890625,
    ".\n\n": -8.0859375,
    "Les": -3.2734375,
    " complications": -6.79296875,
    " d": -3.29296875,
    "'une": -0.98583984375,
    " hé (1)": -5.83984375,
    "pat (1)": -3.42578125,
    "ite (1)": -0.0755615234375,
    " vir": -1.5361328125,
    "ale": -0.00048828125,
    " a (1)": -2.32421875,
    "igu (1)": -0.07080078125,
    "ë (1)": 0.0,
    " peuvent": -1.912109375,
    " être": -1.1953125,
    " à (2)": -6.828125,
    " plus": -7.03515625,
    " ou (2)": -1.7958984375,
    " moins": -0.0019550323486328125,
    " long": -0.36279296875,
    " terme": -0.046478271484375,
    " ": -7.3359375,
    ":\n": -0.12078857421875,
    "(a": -6.23828125,
    ") (1)": -0.00048828125,
    " Une (1)": -5.03125,
    " lith": -7.19921875,
    "i": -0.07763671875,
    "ase": -0.00833892822265625,
    " v": -6.25390625,
    "és": -0.0122833251953125,
    "ic": -0.01030731201171875,
    "ulaire": -0.309326171875,
    ".\n (1)": -2.15234375,
    "(b": -0.004405975341796875,
    ") (2)": 0.0,
    " Une (2)": -0.3447265625,
    " hé (2)": -3.083984375,
    "pat (2)": -0.07867431640625,
    "ite (2)": -0.449951171875,
    " chron": -0.71240234375,
    "ique": -0.01326751708984375,
    ".\n (2)": -0.2034912109375,
    "(c": -0.0009775161743164062,
    ") (3)": 0.0,
    " Un": -1.8115234375,
    " cancer": -1.091796875,
    " du": -1.0810546875,
    " fo": -0.0347900390625,
    "ie (2)": 0.0,
    ".\n (3)": -0.023712158203125,
    "(d": -0.01178741455078125,
    ") (4)": 0.0,
    " Une (3)": -0.255126953125,
    " cir": -0.91796875,
    "rh": -0.0019550323486328125,
    "ose": 0.0,
    ".\n (4)": -0.24560546875,
    "(e": -0.051605224609375,
    ") (5)": 0.0,
    " Une (4)": -0.54052734375,
    " panc": -5.10546875,
    "ré": -0.0098114013671875,
    "at": -0.023223876953125,
    "ite (3)": -0.0053863525390625,
    " a (2)": -2.23046875,
    "igu (2)": -0.01030731201171875,
    "ë (2)": 0.0,
    ".\n (5)": -0.0187225341796875,
    "Ré": -6.94140625,
    "ponse": -0.876953125,
    "(s": -1.505859375,
    ") (6)": -2.453125,
    " :": -1.423828125
  },
  "a b c e": {
    "<|begin_of_text|>": 0.0,
    "C": -5.26171875,
    "eci": -8.9375,
    " est": -0.75634765625,
    " une": -0.55712890625,
    " question": -7.6640625,
    " de (1)": -1.177734375,
    " Q": -8.3515625,
    "CM": -1.9765625,
    " de (2)": -1.923828125,
    " l": -2.580078125,
    "'ex": -1.1103515625,
    "amen": -0.354248046875,
    " de (3)": -1.0029296875,
    " pharmac": -9.203125,
    "ie (1)": -0.50732421875,
    ".": -4.17578125,
    " Ré": -4.08203125,
    "pond": -1.5263671875,
    "s": -0.3955078125,
    " avec": -5.4375,
    " la (1)": -1.205078125,
    " ou (1)": -7.1171875,
    " les": -0.0034236907958984375,
    " let": -4.7109375,
    "tres": -0.00048828125,
    " correspond": -0.9912109375,
    "ant": -0.72412109375,
    " à (1)": -1.228515625,
    " la (2)": -0.490478515625,
    " bonne": -2.021484375,
    " réponse": -0.12408447265625,
    ".\n\n": -7.9453125,
    "Les": -3.748046875,
    " complications": -6.91015625,
    " d": -2.98828125,
    "'une": -0.95751953125,
    " hé (1)": -5.6875,
    "pat (1)": -2.458984375,
    "ite (1)": -0.1475830078125,
    " vir": -1.4287109375,
    "ale": -0.00048828125,
    " a (1)": -2.3828125,
    "igu (1)": -0.168701171875,
    "ë (1)": 0.0,
    " peuvent": -1.857421875,
    " être": -0.93359375,
    " à (2)": -6.80859375,
    " plus": -6.58203125,
    " ou (2)": -1.5029296875,
    " moins": -0.0009775161743164062,
    " long": -0.402099609375,
    " terme": -0.0760498046875,
    " ": -7.27734375,
    ":\n": -0.097900390625,
    "(a": -7.484375,
    ") (1)": -0.00048828125,
    " Une (1)": -4.859375,
    " lith": -6.95703125,
    "i": -0.1329345703125,
    "ase": -0.006366729736328125,
    " v": -6.53125,
    "és": -0.03326416015625,
    "ic": -0.00685882568359375,
    "ulaire": -0.267822265625,
    ".\n (1)": -2.251953125,
    "(b": -0.005878448486328125,
    ") (2)": 0.0,
    " Une (2)": -0.28173828125,
    " hé (2)": -2.875,
    "pat (2)": -0.08929443359375,
    "ite (2)": -0.278076171875,
    " chron": -0.6259765625,
    "ique": -0.002445220947265625,
    ".\n (2)": -0.208251953125,
    "(c": -0.0009775161743164062,
    ") (3)": 0.0,
    " Un": -1.5029296875,
    " cancer": -1.03515625,
    " du": -1.11328125,
    " fo": -0.1043701171875,
    "ie (2)": 0.0,
    ".\n (3)": -0.022216796875,
    "(d": -0.01425933837890625,
    ") (4)": 0.0,
    " Une (3)": -0.271484375,
    " cir": -0.82080078125,
    "rh": -0.002445220947265625,
    "ose": -0.00048828125,
    ".\n (4)": -0.274169921875,
    "(e": -0.11309814453125,
    ") (5)": 0.0,
    " Une (4)": -0.480224609375,
    " panc": -5.125,
    "ré": -0.002933502197265625,
    "at": -0.03985595703125,
    "ite (3)": -0.005878448486328125,
    " a (2)": -1.8935546875,
    "igu (2)": -0.0093231201171875,
    "ë (2)": 0.0,
    ".\n (5)": -0.0187225341796875,
    "Ré": -7.66015625,
    "ponse": -0.82080078125,
    "(s": -1.306640625,
    ") (6)": -2.38671875,
    " :": -1.388671875
  },
  "a b d e": {
    "<|begin_of_text|>": 0.0,
    "C": -5.28515625,
    "eci": -8.8515625,
    " est": -0.80029296875,
    " une": -0.44140625,
    " question": -7.890625,
    " de (1)": -1.1259765625,
    " Q": -8.1796875,
    "CM": -2.27734375,
    " de (2)": -1.998046875,
    " l": -2.580078125,
    "'ex": -1.1396484375,
    "amen": -0.1751708984375,
    " de (3)": -0.9951171875,
    " pharmac": -9.0546875,
    "ie (1)": -0.78125,
    ".": -4.2421875,
    " Ré": -4.29296875,
    "pond": -1.5478515625,
    "s": -0.55908203125,
    " avec": -5.20703125,
    " la (1)": -1.353515625,
    " ou (1)": -6.75,
    " les": -0.004894256591796875,
    " let": -5.04296875,
    "tres": -0.00048828125,
    " correspond": -1.0283203125,
    "ant": -0.63818359375,
    " à (1)": -1.259765625,
    " la (2)": -0.65673828125,
    " bonne": -2.130859375,
    " réponse": -0.1363525390625,
    ".\n\n": -8.4296875,
    "Les": -3.40234375,
    " complications": -6.609375,
    " d": -3.033203125,
    "'une": -0.86474609375,
    " hé (1)": -5.953125,
    "pat (1)": -2.76953125,
    "ite (1)": -0.08349609375,
    " vir": -1.3671875,
    "ale": 0.0,
    " a (1)": -2.37890625,
    "igu (1)": -0.10711669921875,
    "ë (1)": 0.0,
    " peuvent": -1.92578125,
    " être": -0.96044921875,
    " à (2)": -6.7890625,
    " plus": -6.48046875,
    " ou (2)": -1.548828125,
    " moins": -0.0009775161743164062,
    " long": -0.3486328125,
    " terme": -0.06610107421875,
    " ": -7.60546875,
    ":\n": -0.0963134765625,
    "(a": -7.5703125,
    ") (1)": -0.00048828125,
    " Une (1)": -5.20703125,
    " lith": -6.6796875,
    "i": -0.050048828125,
    "ase": -0.00685882568359375,
    " v": -6.76953125,
    "és": -0.0307464599609375,
    "ic": -0.01425933837890625,
    "ulaire": -0.271484375,
    ".\n (1)": -2.38671875,
    "(b": -0.0053863525390625,
    ") (2)": 0.0,
    " Une (2)": -0.330810546875,
    " hé (2)": -3.201171875,
    "pat (2)": -0.08294677734375,
    "ite (2)": -0.19921875,
    " chron": -0.74267578125,
    "ique": -0.007350921630859375,
    ".\n (2)": -0.2052001953125,
    "(c": -0.0009775161743164062,
    ") (3)": 0.0,
    " Un": -1.552734375,
    " cancer": -0.85546875,
    " du": -1.0849609375,
    " fo": -0.048004150390625,
    "ie (2)": 0.0,
    ".\n (3)": -0.0242156982421875,
    "(d": -0.01525115966796875,
    ") (4)": 0.0,
    " Une (3)": -0.259521484375,
    " cir": -0.9345703125,
    "rh": -0.0034236907958984375,
    "ose": -0.00048828125,
    ".\n (4)": -0.218505859375,
    "(e": -0.102783203125,
    ") (5)": 0.0,
    " Une (4)": -0.61083984375,
    " panc": -5.36328125,
    "ré": -0.01178741455078125,
    "at": -0.030242919921875,
    "ite (3)": -0.00882720947265625,
    " a (2)": -2.12109375,
    "igu (2)": -0.01129150390625,
    "ë (2)": 0.0,
    ".\n (5)": -0.0187225341796875,
    "Ré": -6.96484375,
    "ponse": -0.6455078125,
    "(s": -1.205078125,
    ") (6)": -1.142578125,
    " :": -1.1201171875
  },
  "a c d e": {
    "<|begin_of_text|>": 0.0,
    "C": -5.2734375,
    "eci": -8.8046875,
    " est": -1.0,
    " une": -0.4716796875,
    " question": -8.09375,
    " de (1)": -1.3203125,
    " Q": -8.328125,
    "CM": -1.9873046875,
    " de (2)": -2.13671875,
    " l": -2.845703125,
    "'ex": -1.271484375,
    "amen": -0.37548828125,
    " de (3)": -0.6416015625,
    " pharmac": -9.6796875,
    "ie (1)": -0.8310546875,
    ".": -4.7421875,
    " Ré": -4.265625,
    "pond": -1.267578125,
    "s": -0.8916015625,
    " avec": -5.3046875,
    " la (1)": -1.5771484375,
    " ou (1)": -7.0390625,
    " les": -0.005878448486328125,
    " let": -4.1953125,
    "tres": -0.00048828125,
    " correspond": -1.2109375,
    "ant": -0.58935546875,
    " à (1)": -1.2099609375,
    " la (2)": -0.62060546875,
    " bonne": -2.3828125,
    " réponse": -0.1629638671875,
    ".\n\n": -7.953125,
    "Les": -3.685546875,
    " complications": -6.765625,
    " d": -3.248046875,
    "'une": -0.943359375,
    " hé (1)": -5.9765625,
    "pat (1)": -2.388671875,
    "ite (1)": -0.07080078125,
    " vir": -1.2392578125,
    "ale": -0.00048828125,
    " a (1)": -2.20703125,
    "igu (1)": -0.0963134765625,
    "ë (1)": 0.0,
    " peuvent": -2.00390625,
    " être": -0.92529296875,
    " à (2)": -6.796875,
    " plus": -6.8671875,
    " ou (2)": -1.40625,
    " moins": -0.0009775161743164062,
    " long": -0.476318359375,
    " terme": -0.06402587890625,
    " ": -6.64453125,
    ":\n": -0.092529296875,
    "(a": -7.25390625,
    ") (1)": -0.00048828125,
    " Une (1)": -4.9296875,
    " lith": -6.921875,
    "i": -0.056243896484375,
    "ase": -0.0053863525390625,
    " v": -6.12890625,
    "és": -0.01277923583984375,
    "ic": -0.0053863525390625,
    "ulaire": -0.296875,
    ".\n (1)": -2.064453125,
    "(b": -0.00391387939453125,
    ") (2)": 0.0,
    " Une (2)": -0.296142578125,
    " hé (2)": -2.703125,
    "pat (2)": -0.1527099609375,
    "ite (2)": -0.1915283203125,
    " chron": -0.56689453125,
    "ique": -0.0053863525390625,
    ".\n (2)": -0.20703125,
    "(c": -0.0009775161743164062,
    ") (3)": 0.0,
    " Un": -1.6962890625,
    " cancer": -1.162109375,
    " du": -1.25,
    " fo": -0.049041748046875,
    "ie (2)": 0.0,
    ".\n (3)": -0.020721435546875,
    "(d": -0.01277923583984375,
    ") (4)": 0.0,
    " Une (3)": -0.2344970703125,
    " cir": -1.0048828125,
    "rh": -0.0019550323486328125,
    "ose": -0.00048828125,
    ".\n (4)": -0.261962890625,
    "(e": -0.06195068359375,
    ") (5)": 0.0,
    " Une (4)": -0.60546875,
    " panc": -5.359375,
    "ré": -0.006366729736328125,
    "at": -0.020721435546875,
    "ite (3)": -0.00685882568359375,
    " a (2)": -1.8134765625,
    "igu (2)": -0.00833892822265625,
    "ë (2)": 0.0,
    ".\n (5)": -0.0182342529296875,
    "Ré": -7.21484375,
    "ponse": -0.8173828125,
    "(s": -1.2509765625,
    ") (6)": -2.05078125,
    " :": -2.021484375
  },
  "b c d e": {
    "<|begin_of_text|>": 0.0,
    "C": -5.296875,
    "eci": -8.9765625,
    " est": -0.73193359375,
    " une": -0.6162109375,
    " question": -8.5859375,
    " de (1)": -0.748046875,
    " Q": -8.2890625,
    "CM": -3.45703125,
    " de (2)": -1.8193359375,
    " l": -2.6171875,
    "'ex": -0.93359375,
    "amen": -0.21240234375,
    " de (3)": -0.5439453125,
    " pharmac": -9.640625,
    "ie (1)": -0.90869140625,
    ".": -3.994140625,
    " Ré": -4.65234375,
    "pond": -1.279296875,
    "s": -0.69775390625,
    " avec": -5.65625,
    " la (1)": -1.4951171875,
    " ou (1)": -6.953125,
    " les": -0.00882720947265625,
    " let": -5.015625,
    "tres": -0.00048828125,
    " correspond": -0.8349609375,
    "ant": -0.73291015625,
    " à (1)": -1.2890625,
    " la (2)": -0.63818359375,
    " bonne": -2.31640625,
    " réponse": -0.1612548828125,
    ".\n\n": -8.828125,
    "Les": -3.154296875,
    " complications": -6.9296875,
    " d": -3.259765625,
    "'une": -0.92919921875,
    " hé (1)": -5.66015625,
    "pat (1)": -3.134765625,
    "ite (1)": -0.086669921875,
    " vir": -1.5302734375,
    "ale": -0.00048828125,
    " a (1)": -2.7109375,
    "igu (1)": -0.09735107421875,
    "ë (1)": 0.0,
    " peuvent": -1.9013671875,
    " être": -0.94775390625,
    " à (2)": -6.80859375,
    " plus": -6.80859375,
    " ou (2)": -1.326171875,
    " moins": -0.0014657974243164062,
    " long": -0.274169921875,
    " terme": -0.07659912109375,
    " ": -7.37109375,
    ":\n": -0.09576416015625,
    "(a": -6.80078125,
    ") (1)": 0.0,
    " Une (1)": -4.67578125,
    " lith": -6.87109375,
    "i": -0.061431884765625,
    "ase": -0.01129150390625,
    " v": -6.14453125,
    "és": -0.0217132568359375,
    "ic": -0.004894256591796875,
    "ulaire": -0.34814453125,
    ".\n (1)": -2.11328125,
    "(b": -0.004894256591796875,
    ") (2)": 0.0,
    " Une (2)": -0.312744140625,
    " hé (2)": -3.427734375,
    "pat (2)": -0.10870361328125,
    "ite (2)": -0.371826171875,
    " chron": -0.5751953125,
    "ique": -0.0053863525390625,
    ".\n (2)": -0.2288818359375,
    "(c": -0.00048828125,
    ") (3)": 0.0,
    " Un": -1.654296875,
    " cancer": -0.9013671875,
    " du": -1.0517578125,
    " fo": -0.052642822265625,
    "ie (2)": 0.0,
    ".\n (3)": -0.0227203369140625,
    "(d": -0.01425933837890625,
    ") (4)": 0.0,
    " Une (3)": -0.27099609375,
    " cir": -0.7587890625,
    "rh": -0.0014657974243164062,
    "ose": -0.00048828125,
    ".\n (4)": -0.2437744140625,
    "(e": -0.0823974609375,
    ") (5)": 0.0,
    " Une (4)": -0.66796875,
    " panc": -5.3984375,
    "ré": -0.007843017578125,
    "at": -0.03125,
    "ite (3)": -0.00685882568359375,
    " a (2)": -1.45703125,
    "igu (2)": -0.005878448486328125,
    "ë (2)": 0.0,
    ".\n (5)": -0.023712158203125,
    "Ré": -7.3515625,
    "ponse": -0.87109375,
    "(s": -1.060546875,
    ") (6)": -1.384765625,
    " :": -2.75390625
  },
  "a b c d e": {
    "<|begin_of_text|>": 0.0,
    "C": -5.265625,
    "eci": -8.8203125,
    " est": -0.73291015625,
    " une": -0.47705078125,
    " question": -7.0625,
    " de (1)": -0.7978515625,
    " Q": -8.4765625,
    "CM": -2.470703125,
    " de (2)": -2.38671875,
    " l": -2.3359375,
    "'ex": -0.908203125,
    "amen": -0.28955078125,
    " de (3)": -0.96728515625,
    " pharmac": -9.3984375,
    "ie (1)": -0.57958984375,
    ".": -4.546875,
    " Ré": -4.4453125,
    "pond": -1.4189453125,
    "s": -0.736328125,
    " avec": -5.59375,
    " la (1)": -1.404296875,
    " ou (1)": -6.87109375,
    " les": -0.0034236907958984375,
    " let": -4.140625,
    "tres": -0.00048828125,
    " correspond": -0.8095703125,
    "ant": -0.9287109375,
    " à (1)": -1.3251953125,
    " la (2)": -0.5751953125,
    " bonne": -2.416015625,
    " réponse": -0.1458740234375,
    ".\n\n": -8.265625,
    "Les": -3.552734375,
    " complications": -7.0234375,
    " d": -3.07421875,
    "'une": -0.86572265625,
    " hé (1)": -5.875,
    "pat (1)": -2.66015625,
    "ite (1)": -0.2166748046875,
    " vir": -1.7060546875,
    "ale": -0.00048828125,
    " a (1)": -2.810546875,
    "igu (1)": -0.1103515625,
    "ë (1)": 0.0,
    " peuvent": -2.001953125,
    " être": -0.884765625,
    " à (2)": -6.6875,
    " plus": -6.6640625,
    " ou (2)": -1.5771484375,
    " moins": -0.0009775161743164062,
    " long": -0.499267578125,
    " terme": -0.053131103515625,
    " ": -6.7734375,
    ":\n": -0.1114501953125,
    "(a": -7.01953125,
    ") (1)": -0.00048828125,
    " Une (1)": -5.05078125,
    " lith": -6.95703125,
    "i": -0.038818359375,
    "ase": -0.005878448486328125,
    " v": -6.8828125,
    "és": -0.0252227783203125,
    "ic": -0.0093231201171875,
    "ulaire": -0.2119140625,
    ".\n (1)": -1.94921875,
    "(b": -0.0053863525390625,
    ") (2)": 0.0,
    " Une (2)": -0.34326171875,
    " hé (2)": -2.931640625,
    "pat (2)": -0.1158447265625,
    "ite (2)": -0.45361328125,
    " chron": -0.55126953125,
    "ique": -0.005878448486328125,
    ".\n (2)": -0.2034912109375,
    "(c": -0.00048828125,
    ") (3)": 0.0,
    " Un": -1.599609375,
    " cancer": -1.037109375,
    " du": -1.1474609375,
    " fo": -0.0634765625,
    "ie (2)": 0.0,
    ".\n (3)": -0.0202178955078125,
    "(d": -0.0122833251953125,
    ") (4)": 0.0,
    " Une (3)": -0.23876953125,
    " cir": -0.9130859375,
    "rh": -0.002933502197265625,
    "ose": -0.00048828125,
    ".\n (4)": -0.24560546875,
    "(e": -0.067138671875,
    ") (5)": 0.0,
    " Une (4)": -0.50927734375,
    " panc": -5.24609375,
    "ré": -0.006366729736328125,
    "at": -0.044952392578125,
    "ite (3)": -0.006366729736328125,
    " a (2)": -1.7529296875,
    "igu (2)": -0.00833892822265625,
    "ë (2)": 0.0,
    ".\n (5)": -0.0212249755859375,
    "Ré": -7.26171875,
    "ponse": -0.873046875,
    "(s": -1.0341796875,
    ") (6)": -2.283203125,
    " :": -2.18359375
  }
}